Archive member included to satisfy reference by file (symbol)

/home/alexcato/lab4/libopencm3-examples/libopencm3/lib/libopencm3_stm32f2.a(gpio_common_all.o)
                              spi_test.o (gpio_set)
/home/alexcato/lab4/libopencm3-examples/libopencm3/lib/libopencm3_stm32f2.a(gpio_common_f0234.o)
                              spi_test.o (gpio_mode_setup)
/home/alexcato/lab4/libopencm3-examples/libopencm3/lib/libopencm3_stm32f2.a(rcc_common_all.o)
                              spi_test.o (rcc_periph_clock_enable)
/home/alexcato/lab4/libopencm3-examples/libopencm3/lib/libopencm3_stm32f2.a(spi_common_all.o)
                              spi_test.o (spi_enable)
/home/alexcato/lab4/libopencm3-examples/libopencm3/lib/libopencm3_stm32f2.a(spi_common_v1.o)
                              spi_test.o (spi_init_master)
/home/alexcato/lab4/libopencm3-examples/libopencm3/lib/libopencm3_stm32f2.a(usart_common_all.o)
                              spi_test.o (usart_set_baudrate)
/home/alexcato/lab4/libopencm3-examples/libopencm3/lib/libopencm3_stm32f2.a(usart_common_f124.o)
                              /home/alexcato/lab4/libopencm3-examples/libopencm3/lib/libopencm3_stm32f2.a(usart_common_all.o) (usart_send)
/home/alexcato/lab4/libopencm3-examples/libopencm3/lib/libopencm3_stm32f2.a(vector.o)
                              (reset_handler)
/home/alexcato/lab4/libopencm3-examples/libopencm3/lib/libopencm3_stm32f2.a(rcc.o)
                              /home/alexcato/lab4/libopencm3-examples/libopencm3/lib/libopencm3_stm32f2.a(usart_common_all.o) (rcc_apb2_frequency)
/home/alexcato/lab4/libopencm3-examples/libopencm3/lib/libopencm3_stm32f2.a(assert.o)
                              /home/alexcato/lab4/libopencm3-examples/libopencm3/lib/libopencm3_stm32f2.a(rcc.o) (cm3_assert_failed)
/home/alexcato/lab4/libopencm3-examples/libopencm3/lib/libopencm3_stm32f2.a(flash_common_all.o)
                              /home/alexcato/lab4/libopencm3-examples/libopencm3/lib/libopencm3_stm32f2.a(rcc.o) (flash_set_ws)
/usr/lib/gcc/arm-none-eabi/10.3.1/../../../arm-none-eabi/lib/thumb/v7-m/nofp/libc.a(lib_a-errno.o)
                              spi_test.o (__errno)
/usr/lib/gcc/arm-none-eabi/10.3.1/../../../arm-none-eabi/lib/thumb/v7-m/nofp/libc.a(lib_a-impure.o)
                              /usr/lib/gcc/arm-none-eabi/10.3.1/../../../arm-none-eabi/lib/thumb/v7-m/nofp/libc.a(lib_a-errno.o) (_impure_ptr)
/usr/lib/gcc/arm-none-eabi/10.3.1/../../../arm-none-eabi/lib/thumb/v7-m/nofp/libc.a(lib_a-printf.o)
                              spi_test.o (printf)
/usr/lib/gcc/arm-none-eabi/10.3.1/../../../arm-none-eabi/lib/thumb/v7-m/nofp/libc.a(lib_a-vfprintf.o)
                              /usr/lib/gcc/arm-none-eabi/10.3.1/../../../arm-none-eabi/lib/thumb/v7-m/nofp/libc.a(lib_a-printf.o) (_vfprintf_r)
/usr/lib/gcc/arm-none-eabi/10.3.1/../../../arm-none-eabi/lib/thumb/v7-m/nofp/libc.a(lib_a-wsetup.o)
                              /usr/lib/gcc/arm-none-eabi/10.3.1/../../../arm-none-eabi/lib/thumb/v7-m/nofp/libc.a(lib_a-vfprintf.o) (__swsetup_r)
/usr/lib/gcc/arm-none-eabi/10.3.1/../../../arm-none-eabi/lib/thumb/v7-m/nofp/libc.a(lib_a-dtoa.o)
                              /usr/lib/gcc/arm-none-eabi/10.3.1/../../../arm-none-eabi/lib/thumb/v7-m/nofp/libc.a(lib_a-vfprintf.o) (_dtoa_r)
/usr/lib/gcc/arm-none-eabi/10.3.1/../../../arm-none-eabi/lib/thumb/v7-m/nofp/libc.a(lib_a-fflush.o)
                              /usr/lib/gcc/arm-none-eabi/10.3.1/../../../arm-none-eabi/lib/thumb/v7-m/nofp/libc.a(lib_a-vfprintf.o) (_fflush_r)
/usr/lib/gcc/arm-none-eabi/10.3.1/../../../arm-none-eabi/lib/thumb/v7-m/nofp/libc.a(lib_a-findfp.o)
                              /usr/lib/gcc/arm-none-eabi/10.3.1/../../../arm-none-eabi/lib/thumb/v7-m/nofp/libc.a(lib_a-vfprintf.o) (__sinit)
/usr/lib/gcc/arm-none-eabi/10.3.1/../../../arm-none-eabi/lib/thumb/v7-m/nofp/libc.a(lib_a-freer.o)
                              /usr/lib/gcc/arm-none-eabi/10.3.1/../../../arm-none-eabi/lib/thumb/v7-m/nofp/libc.a(lib_a-wsetup.o) (_free_r)
/usr/lib/gcc/arm-none-eabi/10.3.1/../../../arm-none-eabi/lib/thumb/v7-m/nofp/libc.a(lib_a-fwalk.o)
                              /usr/lib/gcc/arm-none-eabi/10.3.1/../../../arm-none-eabi/lib/thumb/v7-m/nofp/libc.a(lib_a-findfp.o) (_fwalk)
/usr/lib/gcc/arm-none-eabi/10.3.1/../../../arm-none-eabi/lib/thumb/v7-m/nofp/libc.a(lib_a-localeconv.o)
                              /usr/lib/gcc/arm-none-eabi/10.3.1/../../../arm-none-eabi/lib/thumb/v7-m/nofp/libc.a(lib_a-vfprintf.o) (_localeconv_r)
/usr/lib/gcc/arm-none-eabi/10.3.1/../../../arm-none-eabi/lib/thumb/v7-m/nofp/libc.a(lib_a-makebuf.o)
                              /usr/lib/gcc/arm-none-eabi/10.3.1/../../../arm-none-eabi/lib/thumb/v7-m/nofp/libc.a(lib_a-wsetup.o) (__smakebuf_r)
/usr/lib/gcc/arm-none-eabi/10.3.1/../../../arm-none-eabi/lib/thumb/v7-m/nofp/libc.a(lib_a-mallocr.o)
[...]
Memory Configuration

Name             Origin             Length             Attributes
rom              0x0000000008000000 0x0000000000040000 xr
ram              0x0000000020000000 0x0000000000010000 xrw
*default*        0x0000000000000000 0xffffffffffffffff

Linker script and memory map

LOAD spi_test.o
LOAD /home/alexcato/lab4/libopencm3-examples/libopencm3/lib/libopencm3_stm32f2.a
START GROUP
LOAD /usr/lib/gcc/arm-none-eabi/10.3.1/../../../arm-none-eabi/lib/thumb/v7-m/nofp/libc.a
LOAD /usr/lib/gcc/arm-none-eabi/10.3.1/thumb/v7-m/nofp/libgcc.a
LOAD /usr/lib/gcc/arm-none-eabi/10.3.1/../../../arm-none-eabi/lib/thumb/v7-m/nofp/libnosys.a
END GROUP
START GROUP
LOAD /usr/lib/gcc/arm-none-eabi/10.3.1/thumb/v7-m/nofp/libgcc.a
LOAD /usr/lib/gcc/arm-none-eabi/10.3.1/../../../arm-none-eabi/lib/thumb/v7-m/nofp/libg.a
LOAD /usr/lib/gcc/arm-none-eabi/10.3.1/../../../arm-none-eabi/lib/thumb/v7-m/nofp/libc.a
END GROUP

.text           0x0000000008000000     0x76bc
 *(.vectors)
 .vectors       0x0000000008000000      0x184 /home/alexcato/lab4/libopencm3-examples/libopencm3/lib/libopencm3_stm32f2.a(vector.o)
                0x0000000008000000                vector_table
 *(.text*)
 .text._write   0x0000000008000184       0x38 spi_test.o
                0x0000000008000184                _write
 .text.startup.main
                0x00000000080001bc      0x110 spi_test.o
                0x00000000080001bc                main
 .text.gpio_set
                0x00000000080002cc        0x4 /home/alexcato/lab4/libopencm3-examples/libopencm3/lib/libopencm3_stm32f2.a(gpio_common_all.o)
                0x00000000080002cc                gpio_set
 .text.gpio_toggle
                0x00000000080002d0       0x12 /home/alexcato/lab4/libopencm3-examples/libopencm3/lib/libopencm3_stm32f2.a(gpio_common_all.o)
                0x00000000080002d0                gpio_toggle
 .text.gpio_mode_setup
                0x00000000080002e2       0x40 /home/alexcato/lab4/libopencm3-examples/libopencm3/lib/libopencm3_stm32f2.a(gpio_common_f0234.o)
                0x00000000080002e2                gpio_mode_setup
 .text.gpio_set_af
                0x0000000008000322       0x58 /home/alexcato/lab4/libopencm3-examples/libopencm3/lib/libopencm3_stm32f2.a(gpio_common_f0234.o)
                0x0000000008000322                gpio_set_af
 .text.rcc_periph_clock_enable
                0x000000000800037a       0x1c /home/alexcato/lab4/libopencm3-examples/libopencm3/lib/libopencm3_stm32f2.a(rcc_common_all.o)
                0x000000000800037a                rcc_periph_clock_enable
 .text.spi_enable
                0x0000000008000396        0xa /home/alexcato/lab4/libopencm3-examples/libopencm3/lib/libopencm3_stm32f2.a(spi_common_all.o)
                0x0000000008000396                spi_enable
 .text.spi_send
                0x00000000080003a0        0xa /home/alexcato/lab4/libopencm3-examples/libopencm3/lib/libopencm3_stm32f2.a(spi_common_all.o)
                0x00000000080003a0                spi_send
 .text.spi_read
                0x00000000080003aa        0xc /home/alexcato/lab4/libopencm3-examples/libopencm3/lib/libopencm3_stm32f2.a(spi_common_all.o)
                0x00000000080003aa                spi_read
 .text.spi_enable_ss_output
                0x00000000080003b6        0xa /home/alexcato/lab4/libopencm3-examples/libopencm3/lib/libopencm3_stm32f2.a(spi_common_all.o)
                0x00000000080003b6                spi_enable_ss_output
 .text.spi_init_master
                0x00000000080003c0       0x28 /home/alexcato/lab4/libopencm3-examples/libopencm3/lib/libopencm3_stm32f2.a(spi_common_v1.o)
                0x00000000080003c0                spi_init_master
 .text.usart_set_baudrate
                0x00000000080003e8       0x2c /home/alexcato/lab4/libopencm3-examples/libopencm3/lib/libopencm3_stm32f2.a(usart_common_all.o)
                0x00000000080003e8                usart_set_baudrate
 .text.usart_set_databits
                0x0000000008000414       0x12 /home/alexcato/lab4/libopencm3-examples/libopencm3/lib/libopencm3_stm32f2.a(usart_common_all.o)
                0x0000000008000414                usart_set_databits
 .text.usart_set_stopbits
                0x0000000008000426        0xc /home/alexcato/lab4/libopencm3-examples/libopencm3/lib/libopencm3_stm32f2.a(usart_common_all.o)
                0x0000000008000426                usart_set_stopbits
 .text.usart_set_parity
                0x0000000008000432        0xc /home/alexcato/lab4/libopencm3-examples/libopencm3/lib/libopencm3_stm32f2.a(usart_common_all.o)
                0x0000000008000432                usart_set_parity
 .text.usart_set_mode
                0x000000000800043e        0xc /home/alexcato/lab4/libopencm3-examples/libopencm3/lib/libopencm3_stm32f2.a(usart_common_all.o)
                0x000000000800043e                usart_set_mode
 .text.usart_set_flow_control
                0x000000000800044a        0xc /home/alexcato/lab4/libopencm3-examples/libopencm3/lib/libopencm3_stm32f2.a(usart_common_all.o)
                0x000000000800044a                usart_set_flow_control
 .text.usart_enable
                0x0000000008000456        0xa /home/alexcato/lab4/libopencm3-examples/libopencm3/lib/libopencm3_stm32f2.a(usart_common_all.o)
                0x0000000008000456                usart_enable
 .text.usart_send_blocking
                0x0000000008000460       0x16 /home/alexcato/lab4/libopencm3-examples/libopencm3/lib/libopencm3_stm32f2.a(usart_common_all.o)
                0x0000000008000460                usart_send_blocking
 .text.usart_send
                0x0000000008000476        0x8 /home/alexcato/lab4/libopencm3-examples/libopencm3/lib/libopencm3_stm32f2.a(usart_common_f124.o)
                0x0000000008000476                usart_send
 .text.usart_wait_send_ready
                0x000000000800047e        0x8 /home/alexcato/lab4/libopencm3-examples/libopencm3/lib/libopencm3_stm32f2.a(usart_common_f124.o)
                0x000000000800047e                usart_wait_send_ready
 .text.blocking_handler
                0x0000000008000486        0x2 /home/alexcato/lab4/libopencm3-examples/libopencm3/lib/libopencm3_stm32f2.a(vector.o)
                0x0000000008000486                dma2_stream1_isr
                0x0000000008000486                tim8_brk_tim12_isr
                0x0000000008000486                dma1_stream7_isr
                0x0000000008000486                usart3_isr
                0x0000000008000486                tim7_isr
                0x0000000008000486                dma1_stream2_isr
                0x0000000008000486                otg_hs_isr
                0x0000000008000486                blocking_handler
                0x0000000008000486                tim5_isr
                0x0000000008000486                rtc_wkup_isr
                0x0000000008000486                otg_fs_isr
                0x0000000008000486                spi1_isr
                0x0000000008000486                i2c3_er_isr
                0x0000000008000486                exti2_isr
                0x0000000008000486                usb_fs_wkup_isr
                0x0000000008000486                tamp_stamp_isr
                0x0000000008000486                can1_rx1_isr
                0x0000000008000486                dma2_stream0_isr
                0x0000000008000486                usart1_isr
                0x0000000008000486                i2c3_ev_isr
                0x0000000008000486                usage_fault_handler
                0x0000000008000486                can2_rx0_isr
                0x0000000008000486                dma1_stream6_isr
                0x0000000008000486                can2_rx1_isr
                0x0000000008000486                can1_sce_isr
                0x0000000008000486                tim1_cc_isr
                0x0000000008000486                can1_tx_isr
                0x0000000008000486                tim1_up_tim10_isr
                0x0000000008000486                sdio_isr
                0x0000000008000486                eth_isr
                0x0000000008000486                dma2_stream5_isr
                0x0000000008000486                pvd_isr
                0x0000000008000486                can1_rx0_isr
                0x0000000008000486                rcc_isr
                0x0000000008000486                dma2_stream3_isr
                0x0000000008000486                flash_isr
                0x0000000008000486                uart4_isr
                0x0000000008000486                rtc_alarm_isr
                0x0000000008000486                exti15_10_isr
                0x0000000008000486                hash_rng_isr
                0x0000000008000486                tim1_trg_com_tim11_isr
                0x0000000008000486                hard_fault_handler
                0x0000000008000486                exti1_isr
                0x0000000008000486                i2c1_ev_isr
                0x0000000008000486                usart6_isr
                0x0000000008000486                spi2_isr
                0x0000000008000486                cryp_isr
                0x0000000008000486                nvic_wwdg_isr
                0x0000000008000486                dma1_stream1_isr
                0x0000000008000486                dma2_stream4_isr
                0x0000000008000486                exti3_isr
                0x0000000008000486                tim3_isr
                0x0000000008000486                usart2_isr
                0x0000000008000486                dma1_stream4_isr
                0x0000000008000486                i2c2_er_isr
                0x0000000008000486                i2c2_ev_isr
                0x0000000008000486                uart5_isr
                0x0000000008000486                dma2_stream6_isr
                0x0000000008000486                adc_isr
                0x0000000008000486                dma2_stream7_isr
                0x0000000008000486                tim8_up_tim13_isr
                0x0000000008000486                fsmc_isr
                0x0000000008000486                exti4_isr
                0x0000000008000486                tim6_dac_isr
                0x0000000008000486                dma1_stream3_isr
                0x0000000008000486                tim8_trg_com_tim14_isr
                0x0000000008000486                mem_manage_handler
                0x0000000008000486                can2_tx_isr
                0x0000000008000486                exti9_5_isr
                0x0000000008000486                tim1_brk_tim9_isr
                0x0000000008000486                can2_sce_isr
                0x0000000008000486                tim4_isr
                0x0000000008000486                otg_hs_wkup_isr
                0x0000000008000486                i2c1_er_isr
                0x0000000008000486                dma1_stream0_isr
                0x0000000008000486                tim8_cc_isr
                0x0000000008000486                dcmi_isr
                0x0000000008000486                dma2_stream2_isr
                0x0000000008000486                eth_wkup_isr
                0x0000000008000486                bus_fault_handler
                0x0000000008000486                otg_hs_ep1_out_isr
                0x0000000008000486                spi3_isr
                0x0000000008000486                dma1_stream5_isr
                0x0000000008000486                otg_hs_ep1_in_isr
                0x0000000008000486                tim2_isr
                0x0000000008000486                exti0_isr
 .text.null_handler
                0x0000000008000488        0x2 /home/alexcato/lab4/libopencm3-examples/libopencm3/lib/libopencm3_stm32f2.a(vector.o)
                0x0000000008000488                null_handler
                0x0000000008000488                sv_call_handler
                0x0000000008000488                pend_sv_handler
                0x0000000008000488                debug_monitor_handler
                0x0000000008000488                sys_tick_handler
                0x0000000008000488                nmi_handler
 *fill*         0x000000000800048a        0x2 
 .text.reset_handler
                0x000000000800048c       0x94 /home/alexcato/lab4/libopencm3-examples/libopencm3/lib/libopencm3_stm32f2.a(vector.o)
                0x000000000800048c                reset_handler
 .text          0x0000000008000520        0xc /usr/lib/gcc/arm-none-eabi/10.3.1/../../../arm-none-eabi/lib/thumb/v7-m/nofp/libc.a(lib_a-errno.o)
                0x0000000008000520                __errno
 .text          0x000000000800052c       0x48 /usr/lib/gcc/arm-none-eabi/10.3.1/../../../arm-none-eabi/lib/thumb/v7-m/nofp/libc.a(lib_a-printf.o)
                0x000000000800052c                _printf_r
                0x000000000800054c                printf
 .text          0x0000000008000574     0x1568 /usr/lib/gcc/arm-none-eabi/10.3.1/../../../arm-none-eabi/lib/thumb/v7-m/nofp/libc.a(lib_a-vfprintf.o)
                0x0000000008000574                _vfprintf_r
                0x0000000008001a54                vfprintf
 .text          0x0000000008001adc       0xd4 /usr/lib/gcc/arm-none-eabi/10.3.1/../../../arm-none-eabi/lib/thumb/v7-m/nofp/libc.a(lib_a-wsetup.o)
                0x0000000008001adc                __swsetup_r
 .text          0x0000000008001bb0      0xff4 /usr/lib/gcc/arm-none-eabi/10.3.1/../../../arm-none-eabi/lib/thumb/v7-m/nofp/libc.a(lib_a-dtoa.o)
                0x0000000008001cdc                _dtoa_r
 .text          0x0000000008002ba4      0x1a0 /usr/lib/gcc/arm-none-eabi/10.3.1/../../../arm-none-eabi/lib/thumb/v7-m/nofp/libc.a(lib_a-fflush.o)
                0x0000000008002ba4                __sflush_r
                0x0000000008002cc8                _fflush_r
                0x0000000008002cf4                fflush
 .text          0x0000000008002d44      0x214 /usr/lib/gcc/arm-none-eabi/10.3.1/../../../arm-none-eabi/lib/thumb/v7-m/nofp/libc.a(lib_a-findfp.o)
                0x0000000008002d48                _cleanup_r
                0x0000000008002e2c                __sfmoreglue
                0x0000000008002e5c                __sfp
                0x0000000008002f04                _cleanup
                0x0000000008002f18                __sinit
                0x0000000008002f20                __sfp_lock_acquire
                0x0000000008002f24                __sfp_lock_release
                0x0000000008002f28                __sinit_lock_acquire
                0x0000000008002f2c                __sinit_lock_release
                0x0000000008002f30                __fp_lock_all
                0x0000000008002f44                __fp_unlock_all
 .text          0x0000000008002f58      0x2a0 /usr/lib/gcc/arm-none-eabi/10.3.1/../../../arm-none-eabi/lib/thumb/v7-m/nofp/libc.a(lib_a-freer.o)
                0x0000000008002f58                _malloc_trim_r
                0x0000000008002ff8                _free_r
 .text          0x00000000080031f8       0x88 /usr/lib/gcc/arm-none-eabi/10.3.1/../../../arm-none-eabi/lib/thumb/v7-m/nofp/libc.a(lib_a-fwalk.o)
                0x00000000080031f8                _fwalk
                0x0000000008003238                _fwalk_reent
 .text          0x0000000008003280       0x14 /usr/lib/gcc/arm-none-eabi/10.3.1/../../../arm-none-eabi/lib/thumb/v7-m/nofp/libc.a(lib_a-localeconv.o)
                0x0000000008003280                __localeconv_l
                0x0000000008003284                _localeconv_r
                0x000000000800328c                localeconv
 .text          0x0000000008003294      0x140 /usr/lib/gcc/arm-none-eabi/10.3.1/../../../arm-none-eabi/lib/thumb/v7-m/nofp/libc.a(lib_a-makebuf.o)
                0x0000000008003294                __smakebuf_r
                0x0000000008003374                __swhatbuf_r
 .text          0x00000000080033d4      0x54c /usr/lib/gcc/arm-none-eabi/10.3.1/../../../arm-none-eabi/lib/thumb/v7-m/nofp/libc.a(lib_a-mallocr.o)
                0x00000000080033d4                _malloc_r
 .text          0x0000000008003920       0x90 /usr/lib/gcc/arm-none-eabi/10.3.1/../../../arm-none-eabi/lib/thumb/v7-m/nofp/libc.a(lib_a-memchr-stub.o)
                0x0000000008003920                memchr
 .text          0x00000000080039b0       0xec /usr/lib/gcc/arm-none-eabi/10.3.1/../../../arm-none-eabi/lib/thumb/v7-m/nofp/libc.a(lib_a-memcpy.o)
                0x00000000080039b0                memcpy
 .text          0x0000000008003a9c       0xa4 /usr/lib/gcc/arm-none-eabi/10.3.1/../../../arm-none-eabi/lib/thumb/v7-m/nofp/libc.a(lib_a-memset.o)
                0x0000000008003a9c                memset
 .text          0x0000000008003b40        0x8 /usr/lib/gcc/arm-none-eabi/10.3.1/../../../arm-none-eabi/lib/thumb/v7-m/nofp/libc.a(lib_a-mlock.o)
                0x0000000008003b40                __malloc_lock
                0x0000000008003b44                __malloc_unlock
 .text          0x0000000008003b48      0xa68 /usr/lib/gcc/arm-none-eabi/10.3.1/../../../arm-none-eabi/lib/thumb/v7-m/nofp/libc.a(lib_a-mprec.o)
                0x0000000008003b48                _Balloc
                0x0000000008003b94                _Bfree
                0x0000000008003ba8                __multadd
                0x0000000008003c4c                __s2b
                0x0000000008003d00                __hi0bits
                0x0000000008003d40                __lo0bits
                0x0000000008003d98                __i2b
                0x0000000008003df4                __multiply
                0x0000000008003f50                __pow5mult
                0x0000000008004008                __lshift
                0x00000000080040f4                __mcmp
                0x0000000008004134                __mdiff
                0x0000000008004280                __ulp
                0x00000000080042c4                __b2d
                0x0000000008004394                __d2b
                0x0000000008004458                __ratio
                0x00000000080044b8                _mprec_log10
                0x00000000080044f0                __copybits
                0x0000000008004550                __any_on
 .text          0x00000000080045b0       0x24 /usr/lib/gcc/arm-none-eabi/10.3.1/../../../arm-none-eabi/lib/thumb/v7-m/nofp/libc.a(lib_a-sbrkr.o)
                0x00000000080045b0                _sbrk_r
 .text          0x00000000080045d4       0x90 /usr/lib/gcc/arm-none-eabi/10.3.1/../../../arm-none-eabi/lib/thumb/v7-m/nofp/libc.a(lib_a-stdio.o)
                0x00000000080045d4                __sread
                0x00000000080045f8                __seofread
                0x00000000080045fc                __swrite
                0x000000000800463c                __sseek
                0x000000000800465c                __sclose
 .text          0x0000000008004664       0x5c /usr/lib/gcc/arm-none-eabi/10.3.1/../../../arm-none-eabi/lib/thumb/v7-m/nofp/libc.a(lib_a-strlen-stub.o)
                0x0000000008004664                strlen
 .text          0x00000000080046c0      0xd48 /usr/lib/gcc/arm-none-eabi/10.3.1/../../../arm-none-eabi/lib/thumb/v7-m/nofp/libc.a(lib_a-vfiprintf.o)
                0x0000000008004738                __sprint_r
                0x000000000800474c                _vfiprintf_r
                0x0000000008005380                vfiprintf
 .text          0x0000000008005408       0x2c /usr/lib/gcc/arm-none-eabi/10.3.1/../../../arm-none-eabi/lib/thumb/v7-m/nofp/libc.a(lib_a-writer.o)
                0x0000000008005408                _write_r
 .text          0x0000000008005434       0x4c /usr/lib/gcc/arm-none-eabi/10.3.1/../../../arm-none-eabi/lib/thumb/v7-m/nofp/libc.a(lib_a-assert.o)
                0x0000000008005434                __assert_func
                0x0000000008005474                __assert
 .text          0x0000000008005480       0x60 /usr/lib/gcc/arm-none-eabi/10.3.1/../../../arm-none-eabi/lib/thumb/v7-m/nofp/libc.a(lib_a-callocr.o)
                0x0000000008005480                _calloc_r
 .text          0x00000000080054e0       0x24 /usr/lib/gcc/arm-none-eabi/10.3.1/../../../arm-none-eabi/lib/thumb/v7-m/nofp/libc.a(lib_a-closer.o)
                0x00000000080054e0                _close_r
 .text          0x0000000008005504       0xd4 /usr/lib/gcc/arm-none-eabi/10.3.1/../../../arm-none-eabi/lib/thumb/v7-m/nofp/libc.a(lib_a-fclose.o)
                0x0000000008005568                _fclose_r
                0x000000000800559c                fclose
 .text          0x00000000080055d8       0x44 /usr/lib/gcc/arm-none-eabi/10.3.1/../../../arm-none-eabi/lib/thumb/v7-m/nofp/libc.a(lib_a-fiprintf.o)
                0x00000000080055d8                _fiprintf_r
                0x00000000080055f4                fiprintf
 .text          0x000000000800561c      0x104 /usr/lib/gcc/arm-none-eabi/10.3.1/../../../arm-none-eabi/lib/thumb/v7-m/nofp/libc.a(lib_a-fputwc.o)
                0x000000000800561c                __fputwc
                0x00000000080056bc                _fputwc_r
                0x00000000080056e0                fputwc
 .text          0x0000000008005720       0x28 /usr/lib/gcc/arm-none-eabi/10.3.1/../../../arm-none-eabi/lib/thumb/v7-m/nofp/libc.a(lib_a-fstatr.o)
                0x0000000008005720                _fstat_r
 .text          0x0000000008005748      0x2f0 /usr/lib/gcc/arm-none-eabi/10.3.1/../../../arm-none-eabi/lib/thumb/v7-m/nofp/libc.a(lib_a-fvwrite.o)
                0x0000000008005748                __sfvwrite_r
 .text          0x0000000008005a38       0x24 /usr/lib/gcc/arm-none-eabi/10.3.1/../../../arm-none-eabi/lib/thumb/v7-m/nofp/libc.a(lib_a-isattyr.o)
                0x0000000008005a38                _isatty_r
 .text          0x0000000008005a5c       0x8c /usr/lib/gcc/arm-none-eabi/10.3.1/../../../arm-none-eabi/lib/thumb/v7-m/nofp/libc.a(lib_a-locale.o)
                0x0000000008005a5c                _setlocale_r
                0x0000000008005a9c                __locale_mb_cur_max
                0x0000000008005aa8                setlocale
 .text          0x0000000008005ae8       0x2c /usr/lib/gcc/arm-none-eabi/10.3.1/../../../arm-none-eabi/lib/thumb/v7-m/nofp/libc.a(lib_a-lseekr.o)
                0x0000000008005ae8                _lseek_r
 .text          0x0000000008005b14       0x40 /usr/lib/gcc/arm-none-eabi/10.3.1/../../../arm-none-eabi/lib/thumb/v7-m/nofp/libc.a(lib_a-mbtowc_r.o)
                0x0000000008005b14                _mbtowc_r
                0x0000000008005b28                __ascii_mbtowc
 .text          0x0000000008005b54       0xf8 /usr/lib/gcc/arm-none-eabi/10.3.1/../../../arm-none-eabi/lib/thumb/v7-m/nofp/libc.a(lib_a-memmove.o)
                0x0000000008005b54                memmove
 .text          0x0000000008005c4c       0x2c /usr/lib/gcc/arm-none-eabi/10.3.1/../../../arm-none-eabi/lib/thumb/v7-m/nofp/libc.a(lib_a-readr.o)
                0x0000000008005c4c                _read_r
 .text          0x0000000008005c78      0x3dc /usr/lib/gcc/arm-none-eabi/10.3.1/../../../arm-none-eabi/lib/thumb/v7-m/nofp/libc.a(lib_a-reallocr.o)
                0x0000000008005c78                _realloc_r
 .text          0x0000000008006054      0x1bc /usr/lib/gcc/arm-none-eabi/10.3.1/../../../arm-none-eabi/lib/thumb/v7-m/nofp/libc.a(lib_a-strcmp.o)
                0x0000000008006054                strcmp
 .text          0x0000000008006210       0xc4 /usr/lib/gcc/arm-none-eabi/10.3.1/../../../arm-none-eabi/lib/thumb/v7-m/nofp/libc.a(lib_a-wbuf.o)
                0x0000000008006210                __swbuf_r
                0x00000000080062c0                __swbuf
 .text          0x00000000080062d4       0x88 /usr/lib/gcc/arm-none-eabi/10.3.1/../../../arm-none-eabi/lib/thumb/v7-m/nofp/libc.a(lib_a-wcrtomb.o)
                0x00000000080062d4                _wcrtomb_r
                0x0000000008006310                wcrtomb
 .text          0x000000000800635c       0x30 /usr/lib/gcc/arm-none-eabi/10.3.1/../../../arm-none-eabi/lib/thumb/v7-m/nofp/libc.a(lib_a-wctomb_r.o)
                0x000000000800635c                _wctomb_r
                0x0000000008006370                __ascii_wctomb
 .text          0x000000000800638c       0x10 /usr/lib/gcc/arm-none-eabi/10.3.1/../../../arm-none-eabi/lib/thumb/v7-m/nofp/libc.a(lib_a-abort.o)
                0x000000000800638c                abort
 .text          0x000000000800639c      0x28c /usr/lib/gcc/arm-none-eabi/10.3.1/../../../arm-none-eabi/lib/thumb/v7-m/nofp/libc.a(lib_a-signal.o)
                0x000000000800639c                _init_signal_r
                0x00000000080063cc                _signal_r
                0x0000000008006418                _raise_r
                0x0000000008006470                __sigtramp_r
                0x00000000080064d8                raise
                0x0000000008006534                signal
                0x0000000008006588                _init_signal
                0x00000000080065c0                __sigtramp
 .text          0x0000000008006628       0x2c /usr/lib/gcc/arm-none-eabi/10.3.1/../../../arm-none-eabi/lib/thumb/v7-m/nofp/libc.a(lib_a-signalr.o)
                0x0000000008006628                _kill_r
                0x0000000008006650                _getpid_r
 .text          0x0000000008006654      0x378 /usr/lib/gcc/arm-none-eabi/10.3.1/thumb/v7-m/nofp/libgcc.a(_arm_addsubdf3.o)
                0x0000000008006654                __aeabi_drsub
                0x000000000800665c                __aeabi_dsub
                0x000000000800665c                __subdf3
                0x0000000008006660                __adddf3
                0x0000000008006660                __aeabi_dadd
                0x00000000080068d8                __aeabi_ui2d
                0x00000000080068d8                __floatunsidf
                0x00000000080068f8                __floatsidf
                0x00000000080068f8                __aeabi_i2d
                0x000000000800691c                __extendsfdf2
                0x000000000800691c                __aeabi_f2d
                0x0000000008006960                __aeabi_ul2d
                0x0000000008006960                __floatundidf
                0x0000000008006970                __floatdidf
                0x0000000008006970                __aeabi_l2d
 .text          0x00000000080069cc      0x424 /usr/lib/gcc/arm-none-eabi/10.3.1/thumb/v7-m/nofp/libgcc.a(_arm_muldivdf3.o)
                0x00000000080069cc                __aeabi_dmul
                0x00000000080069cc                __muldf3
                0x0000000008006c20                __aeabi_ddiv
                0x0000000008006c20                __divdf3
 .text          0x0000000008006df0      0x110 /usr/lib/gcc/arm-none-eabi/10.3.1/thumb/v7-m/nofp/libgcc.a(_arm_cmpdf2.o)
                0x0000000008006df0                __gtdf2
                0x0000000008006df0                __gedf2
                0x0000000008006df8                __ltdf2
                0x0000000008006df8                __ledf2
                0x0000000008006e00                __cmpdf2
                0x0000000008006e00                __eqdf2
                0x0000000008006e00                __nedf2
                0x0000000008006e7c                __aeabi_cdrcmple
                0x0000000008006e8c                __aeabi_cdcmple
                0x0000000008006e8c                __aeabi_cdcmpeq
                0x0000000008006e9c                __aeabi_dcmpeq
                0x0000000008006eb0                __aeabi_dcmplt
                0x0000000008006ec4                __aeabi_dcmple
                0x0000000008006ed8                __aeabi_dcmpge
                0x0000000008006eec                __aeabi_dcmpgt
 .text          0x0000000008006f00       0x2c /usr/lib/gcc/arm-none-eabi/10.3.1/thumb/v7-m/nofp/libgcc.a(_arm_unorddf2.o)
                0x0000000008006f00                __aeabi_dcmpun
                0x0000000008006f00                __unorddf2
 .text          0x0000000008006f2c       0x50 /usr/lib/gcc/arm-none-eabi/10.3.1/thumb/v7-m/nofp/libgcc.a(_arm_fixdfsi.o)
                0x0000000008006f2c                __fixdfsi
                0x0000000008006f2c                __aeabi_d2iz
 .text          0x0000000008006f7c       0x30 /usr/lib/gcc/arm-none-eabi/10.3.1/thumb/v7-m/nofp/libgcc.a(_aeabi_uldivmod.o)
                0x0000000008006f7c                __aeabi_uldivmod
 .text          0x0000000008006fac      0x2d4 /usr/lib/gcc/arm-none-eabi/10.3.1/thumb/v7-m/nofp/libgcc.a(_udivmoddi4.o)
                0x0000000008006fac                __udivmoddi4
 .text          0x0000000008007280        0x4 /usr/lib/gcc/arm-none-eabi/10.3.1/thumb/v7-m/nofp/libgcc.a(_dvmd_tls.o)
                0x0000000008007280                __aeabi_ldiv0
                0x0000000008007280                __aeabi_idiv0
 .text          0x0000000008007284       0x10 /usr/lib/gcc/arm-none-eabi/10.3.1/../../../arm-none-eabi/lib/thumb/v7-m/nofp/libnosys.a(close.o)
                0x0000000008007284                _close
 .text          0x0000000008007294       0x10 /usr/lib/gcc/arm-none-eabi/10.3.1/../../../arm-none-eabi/lib/thumb/v7-m/nofp/libnosys.a(fstat.o)
                0x0000000008007294                _fstat
 .text          0x00000000080072a4       0x10 /usr/lib/gcc/arm-none-eabi/10.3.1/../../../arm-none-eabi/lib/thumb/v7-m/nofp/libnosys.a(getpid.o)
                0x00000000080072a4                _getpid
 .text          0x00000000080072b4       0x10 /usr/lib/gcc/arm-none-eabi/10.3.1/../../../arm-none-eabi/lib/thumb/v7-m/nofp/libnosys.a(isatty.o)
                0x00000000080072b4                _isatty
 .text          0x00000000080072c4       0x10 /usr/lib/gcc/arm-none-eabi/10.3.1/../../../arm-none-eabi/lib/thumb/v7-m/nofp/libnosys.a(kill.o)
                0x00000000080072c4                _kill
 .text          0x00000000080072d4       0x10 /usr/lib/gcc/arm-none-eabi/10.3.1/../../../arm-none-eabi/lib/thumb/v7-m/nofp/libnosys.a(lseek.o)
                0x00000000080072d4                _lseek
 .text          0x00000000080072e4       0x10 /usr/lib/gcc/arm-none-eabi/10.3.1/../../../arm-none-eabi/lib/thumb/v7-m/nofp/libnosys.a(read.o)
                0x00000000080072e4                _read
 .text          0x00000000080072f4       0x1c /usr/lib/gcc/arm-none-eabi/10.3.1/../../../arm-none-eabi/lib/thumb/v7-m/nofp/libnosys.a(sbrk.o)
                0x00000000080072f4                _sbrk
 .text          0x0000000008007310        0x4 /usr/lib/gcc/arm-none-eabi/10.3.1/../../../arm-none-eabi/lib/thumb/v7-m/nofp/libnosys.a(_exit.o)
                0x0000000008007310                _exit
                0x0000000008007314                . = ALIGN (0x4)
 *(.rodata*)
 .rodata.main.str1.1
                0x0000000008007314       0x13 spi_test.o
 *fill*         0x0000000008007327        0x1 
 .rodata        0x0000000008007328        0x4 /usr/lib/gcc/arm-none-eabi/10.3.1/../../../arm-none-eabi/lib/thumb/v7-m/nofp/libc.a(lib_a-impure.o)
                0x0000000008007328                _global_impure_ptr
 .rodata.str1.4
                0x000000000800732c       0x42 /usr/lib/gcc/arm-none-eabi/10.3.1/../../../arm-none-eabi/lib/thumb/v7-m/nofp/libc.a(lib_a-vfprintf.o)
 *fill*         0x000000000800736e        0x2 
 .rodata        0x0000000008007370       0x20 /usr/lib/gcc/arm-none-eabi/10.3.1/../../../arm-none-eabi/lib/thumb/v7-m/nofp/libc.a(lib_a-vfprintf.o)
 .rodata.str1.4
                0x0000000008007390       0x56 /usr/lib/gcc/arm-none-eabi/10.3.1/../../../arm-none-eabi/lib/thumb/v7-m/nofp/libc.a(lib_a-dtoa.o)
                                         0x5a (size before relaxing)
 *fill*         0x00000000080073e6        0x2 
 .rodata.str1.4
                0x00000000080073e8       0x33 /usr/lib/gcc/arm-none-eabi/10.3.1/../../../arm-none-eabi/lib/thumb/v7-m/nofp/libc.a(lib_a-mprec.o)
                                         0x47 (size before relaxing)
 *fill*         0x000000000800741b        0x5 
 .rodata        0x0000000008007420      0x128 /usr/lib/gcc/arm-none-eabi/10.3.1/../../../arm-none-eabi/lib/thumb/v7-m/nofp/libc.a(lib_a-mprec.o)
                0x0000000008007430                __mprec_tens
                0x00000000080074f8                __mprec_tinytens
                0x0000000008007520                __mprec_bigtens
 .rodata.str1.4
                0x0000000008007548       0x2f /usr/lib/gcc/arm-none-eabi/10.3.1/../../../arm-none-eabi/lib/thumb/v7-m/nofp/libc.a(lib_a-vfiprintf.o)
 .rodata        0x0000000008007548       0x20 /usr/lib/gcc/arm-none-eabi/10.3.1/../../../arm-none-eabi/lib/thumb/v7-m/nofp/libc.a(lib_a-vfiprintf.o)
 .rodata.str1.4
                0x0000000008007568       0x3f /usr/lib/gcc/arm-none-eabi/10.3.1/../../../arm-none-eabi/lib/thumb/v7-m/nofp/libc.a(lib_a-assert.o)
                                         0x43 (size before relaxing)
 *fill*         0x00000000080075a7        0x1 
 .rodata.str1.4
                0x00000000080075a8        0xe /usr/lib/gcc/arm-none-eabi/10.3.1/../../../arm-none-eabi/lib/thumb/v7-m/nofp/libc.a(lib_a-locale.o)
                                         0x12 (size before relaxing)
 *fill*         0x00000000080075b6        0x2 
 .rodata        0x00000000080075b8      0x101 /usr/lib/gcc/arm-none-eabi/10.3.1/../../../arm-none-eabi/lib/thumb/v7-m/nofp/libc.a(lib_a-ctype_.o)
                0x00000000080075b8                _ctype_
                0x00000000080076bc                . = ALIGN (0x4)
 *fill*         0x00000000080076b9        0x3 

.glue_7         0x00000000080076bc        0x0
 .glue_7        0x00000000080076bc        0x0 linker stubs

.glue_7t        0x00000000080076bc        0x0
 .glue_7t       0x00000000080076bc        0x0 linker stubs

.vfp11_veneer   0x00000000080076bc        0x0
 .vfp11_veneer  0x00000000080076bc        0x0 linker stubs

.v4_bx          0x00000000080076bc        0x0
 .v4_bx         0x00000000080076bc        0x0 linker stubs

.iplt           0x00000000080076bc        0x0
 .iplt          0x00000000080076bc        0x0 spi_test.o

.preinit_array  0x00000000080076bc        0x0
                0x00000000080076bc                . = ALIGN (0x4)
                0x00000000080076bc                __preinit_array_start = .
 *(.preinit_array)
                0x00000000080076bc                __preinit_array_end = .

.init_array     0x00000000080076bc        0x0
                0x00000000080076bc                . = ALIGN (0x4)
                0x00000000080076bc                __init_array_start = .
 *(SORT_BY_NAME(.init_array.*))
 *(.init_array)
                0x00000000080076bc                __init_array_end = .

.fini_array     0x00000000080076bc        0x0
                0x00000000080076bc                . = ALIGN (0x4)
                0x00000000080076bc                __fini_array_start = .
 *(.fini_array)
 *(SORT_BY_NAME(.fini_array.*))
                0x00000000080076bc                __fini_array_end = .

.ARM.extab
 *(.ARM.extab*)

.ARM.exidx      0x00000000080076bc        0x8
                0x00000000080076bc                __exidx_start = .
 *(.ARM.exidx*)
 .ARM.exidx     0x00000000080076bc        0x8 /usr/lib/gcc/arm-none-eabi/10.3.1/thumb/v7-m/nofp/libgcc.a(_udivmoddi4.o)
                0x00000000080076c4                __exidx_end = .

.rel.dyn        0x00000000080076c4        0x0
 .rel.iplt      0x00000000080076c4        0x0 spi_test.o
                0x00000000080076c4                . = ALIGN (0x4)
                0x00000000080076c4                _etext = .

.noinit
 *(.noinit*)
                0x00000000080076c4                . = ALIGN (0x4)

.data           0x0000000020000000      0x9b4 load address 0x00000000080076c4
                0x0000000020000000                _data = .
 *(.data*)
 .data.rcc_apb1_frequency
                0x0000000020000000        0x4 /home/alexcato/lab4/libopencm3-examples/libopencm3/lib/libopencm3_stm32f2.a(rcc.o)
                0x0000000020000000                rcc_apb1_frequency
 .data.rcc_apb2_frequency
                0x0000000020000004        0x4 /home/alexcato/lab4/libopencm3-examples/libopencm3/lib/libopencm3_stm32f2.a(rcc.o)
                0x0000000020000004                rcc_apb2_frequency
 .data          0x0000000020000008      0x430 /usr/lib/gcc/arm-none-eabi/10.3.1/../../../arm-none-eabi/lib/thumb/v7-m/nofp/libc.a(lib_a-impure.o)
                0x0000000020000008                _impure_ptr
 .data          0x0000000020000438      0x410 /usr/lib/gcc/arm-none-eabi/10.3.1/../../../arm-none-eabi/lib/thumb/v7-m/nofp/libc.a(lib_a-mallocr.o)
                0x0000000020000438                __malloc_av_
                0x0000000020000840                __malloc_sbrk_base
                0x0000000020000844                __malloc_trim_threshold
 .data          0x0000000020000848      0x16c /usr/lib/gcc/arm-none-eabi/10.3.1/../../../arm-none-eabi/lib/thumb/v7-m/nofp/libc.a(lib_a-locale.o)
                0x0000000020000848                __global_locale
 *(.ramtext*)
                0x00000000200009b4                . = ALIGN (0x4)
                0x00000000200009b4                _edata = .
                0x00000000080076c4                _data_loadaddr = LOADADDR (.data)

.igot.plt       0x00000000200009b4        0x0 load address 0x0000000008008078
 .igot.plt      0x00000000200009b4        0x0 spi_test.o

.bss            0x00000000200009b4       0x3c load address 0x0000000008008078
 *(.bss*)
 .bss           0x00000000200009b4       0x34 /usr/lib/gcc/arm-none-eabi/10.3.1/../../../arm-none-eabi/lib/thumb/v7-m/nofp/libc.a(lib_a-mallocr.o)
                0x00000000200009b4                __malloc_top_pad
                0x00000000200009b8                __malloc_current_mallinfo
                0x00000000200009e0                __malloc_max_sbrked_mem
                0x00000000200009e4                __malloc_max_total_mem
 .bss           0x00000000200009e8        0x4 /usr/lib/gcc/arm-none-eabi/10.3.1/../../../arm-none-eabi/lib/thumb/v7-m/nofp/libc.a(lib_a-reent.o)
                0x00000000200009e8                errno
 .bss           0x00000000200009ec        0x4 /usr/lib/gcc/arm-none-eabi/10.3.1/../../../arm-none-eabi/lib/thumb/v7-m/nofp/libnosys.a(sbrk.o)
 *(COMMON)
                0x00000000200009f0                . = ALIGN (0x4)
                0x00000000200009f0                _ebss = .

/DISCARD/
 *(.eh_frame)
                0x00000000200009f0                . = ALIGN (0x4)
                0x00000000200009f0                end = .
                0x0000000020010000                PROVIDE (_stack = (ORIGIN (ram) + LENGTH (ram)))
OUTPUT(spi_test.elf elf32-littlearm)
LOAD linker stubs

.debug_info     0x0000000000000000    0x248fe
 .debug_info    0x0000000000000000      0x929 spi_test.o
 .debug_info    0x0000000000000929      0x24e /home/alexcato/lab4/libopencm3-examples/libopencm3/lib/libopencm3_stm32f2.a(gpio_common_all.o)
 .debug_info    0x0000000000000b77      0x20f /home/alexcato/lab4/libopencm3-examples/libopencm3/lib/libopencm3_stm32f2.a(gpio_common_f0234.o)
 .debug_info    0x0000000000000d86      0x80c /home/alexcato/lab4/libopencm3-examples/libopencm3/lib/libopencm3_stm32f2.a(rcc_common_all.o)
 .debug_info    0x0000000000001592      0x81c /home/alexcato/lab4/libopencm3-examples/libopencm3/lib/libopencm3_stm32f2.a(spi_common_all.o)
 .debug_info    0x0000000000001dae      0x152 /home/alexcato/lab4/libopencm3-examples/libopencm3/lib/libopencm3_stm32f2.a(spi_common_v1.o)
 .debug_info    0x0000000000001f00      0x58c /home/alexcato/lab4/libopencm3-examples/libopencm3/lib/libopencm3_stm32f2.a(usart_common_all.o)
 .debug_info    0x000000000000248c      0x186 /home/alexcato/lab4/libopencm3-examples/libopencm3/lib/libopencm3_stm32f2.a(usart_common_f124.o)
 .debug_info    0x0000000000002612      0x2d1 /home/alexcato/lab4/libopencm3-examples/libopencm3/lib/libopencm3_stm32f2.a(vector.o)
 .debug_info    0x00000000000028e3      0x8f4 /home/alexcato/lab4/libopencm3-examples/libopencm3/lib/libopencm3_stm32f2.a(rcc.o)
 .debug_info    0x00000000000031d7      0x914 /usr/lib/gcc/arm-none-eabi/10.3.1/../../../arm-none-eabi/lib/thumb/v7-m/nofp/libc.a(lib_a-errno.o)
 .debug_info    0x0000000000003aeb      0x92a /usr/lib/gcc/arm-none-eabi/10.3.1/../../../arm-none-eabi/lib/thumb/v7-m/nofp/libc.a(lib_a-impure.o)
 .debug_info    0x0000000000004415      0xa31 /usr/lib/gcc/arm-none-eabi/10.3.1/../../../arm-none-eabi/lib/thumb/v7-m/nofp/libc.a(lib_a-printf.o)
 .debug_info    0x0000000000004e46     0x1b17 /usr/lib/gcc/arm-none-eabi/10.3.1/../../../arm-none-eabi/lib/thumb/v7-m/nofp/libc.a(lib_a-vfprintf.o)
 .debug_info    0x000000000000695d      0x9c2 /usr/lib/gcc/arm-none-eabi/10.3.1/../../../arm-none-eabi/lib/thumb/v7-m/nofp/libc.a(lib_a-wsetup.o)
 .debug_info    0x000000000000731f     0x1a50 /usr/lib/gcc/arm-none-eabi/10.3.1/../../../arm-none-eabi/lib/thumb/v7-m/nofp/libc.a(lib_a-dtoa.o)
 .debug_info    0x0000000000008d6f      0xbe0 /usr/lib/gcc/arm-none-eabi/10.3.1/../../../arm-none-eabi/lib/thumb/v7-m/nofp/libc.a(lib_a-fflush.o)
 .debug_info    0x000000000000994f      0xf66 /usr/lib/gcc/arm-none-eabi/10.3.1/../../../arm-none-eabi/lib/thumb/v7-m/nofp/libc.a(lib_a-findfp.o)
 .debug_info    0x000000000000a8b5      0xd10 /usr/lib/gcc/arm-none-eabi/10.3.1/../../../arm-none-eabi/lib/thumb/v7-m/nofp/libc.a(lib_a-freer.o)
 .debug_info    0x000000000000b5c5      0xa66 /usr/lib/gcc/arm-none-eabi/10.3.1/../../../arm-none-eabi/lib/thumb/v7-m/nofp/libc.a(lib_a-fwalk.o)
 .debug_info    0x000000000000c02b      0xc3e /usr/lib/gcc/arm-none-eabi/10.3.1/../../../arm-none-eabi/lib/thumb/v7-m/nofp/libc.a(lib_a-localeconv.o)
 .debug_info    0x000000000000cc69      0xdf2 /usr/lib/gcc/arm-none-eabi/10.3.1/../../../arm-none-eabi/lib/thumb/v7-m/nofp/libc.a(lib_a-makebuf.o)
 .debug_info    0x000000000000da5b      0xe94 /usr/lib/gcc/arm-none-eabi/10.3.1/../../../arm-none-eabi/lib/thumb/v7-m/nofp/libc.a(lib_a-mallocr.o)
 .debug_info    0x000000000000e8ef      0x14e /usr/lib/gcc/arm-none-eabi/10.3.1/../../../arm-none-eabi/lib/thumb/v7-m/nofp/libc.a(lib_a-memchr-stub.o)
 .debug_info    0x000000000000ea3d       0x26 /usr/lib/gcc/arm-none-eabi/10.3.1/../../../arm-none-eabi/lib/thumb/v7-m/nofp/libc.a(lib_a-memcpy.o)
 .debug_info    0x000000000000ea63      0x137 /usr/lib/gcc/arm-none-eabi/10.3.1/../../../arm-none-eabi/lib/thumb/v7-m/nofp/libc.a(lib_a-memset.o)
 .debug_info    0x000000000000eb9a      0x942 /usr/lib/gcc/arm-none-eabi/10.3.1/../../../arm-none-eabi/lib/thumb/v7-m/nofp/libc.a(lib_a-mlock.o)
 .debug_info    0x000000000000f4dc     0x20b7 /usr/lib/gcc/arm-none-eabi/10.3.1/../../../arm-none-eabi/lib/thumb/v7-m/nofp/libc.a(lib_a-mprec.o)
 .debug_info    0x0000000000011593      0x98e /usr/lib/gcc/arm-none-eabi/10.3.1/../../../arm-none-eabi/lib/thumb/v7-m/nofp/libc.a(lib_a-sbrkr.o)
 .debug_info    0x0000000000011f21      0xc22 /usr/lib/gcc/arm-none-eabi/10.3.1/../../../arm-none-eabi/lib/thumb/v7-m/nofp/libc.a(lib_a-stdio.o)
 .debug_info    0x0000000000012b43       0xbc /usr/lib/gcc/arm-none-eabi/10.3.1/../../../arm-none-eabi/lib/thumb/v7-m/nofp/libc.a(lib_a-strlen-stub.o)
 .debug_info    0x0000000000012bff     0x1926 /usr/lib/gcc/arm-none-eabi/10.3.1/../../../arm-none-eabi/lib/thumb/v7-m/nofp/libc.a(lib_a-vfiprintf.o)
 .debug_info    0x0000000000014525      0x9c0 /usr/lib/gcc/arm-none-eabi/10.3.1/../../../arm-none-eabi/lib/thumb/v7-m/nofp/libc.a(lib_a-writer.o)
 .debug_info    0x0000000000014ee5      0xa23 /usr/lib/gcc/arm-none-eabi/10.3.1/../../../arm-none-eabi/lib/thumb/v7-m/nofp/libc.a(lib_a-assert.o)
 .debug_info    0x0000000000015908      0xa81 /usr/lib/gcc/arm-none-eabi/10.3.1/../../../arm-none-eabi/lib/thumb/v7-m/nofp/libc.a(lib_a-callocr.o)
 .debug_info    0x0000000000016389      0x96b /usr/lib/gcc/arm-none-eabi/10.3.1/../../../arm-none-eabi/lib/thumb/v7-m/nofp/libc.a(lib_a-closer.o)
 .debug_info    0x0000000000016cf4      0xb4a /usr/lib/gcc/arm-none-eabi/10.3.1/../../../arm-none-eabi/lib/thumb/v7-m/nofp/libc.a(lib_a-fclose.o)
 .debug_info    0x000000000001783e      0xa5f /usr/lib/gcc/arm-none-eabi/10.3.1/../../../arm-none-eabi/lib/thumb/v7-m/nofp/libc.a(lib_a-fiprintf.o)
 .debug_info    0x000000000001829d      0xc26 /usr/lib/gcc/arm-none-eabi/10.3.1/../../../arm-none-eabi/lib/thumb/v7-m/nofp/libc.a(lib_a-fputwc.o)
 .debug_info    0x0000000000018ec3      0xb83 /usr/lib/gcc/arm-none-eabi/10.3.1/../../../arm-none-eabi/lib/thumb/v7-m/nofp/libc.a(lib_a-fstatr.o)
 .debug_info    0x0000000000019a46      0xcba /usr/lib/gcc/arm-none-eabi/10.3.1/../../../arm-none-eabi/lib/thumb/v7-m/nofp/libc.a(lib_a-fvwrite.o)
 .debug_info    0x000000000001a700      0x96b /usr/lib/gcc/arm-none-eabi/10.3.1/../../../arm-none-eabi/lib/thumb/v7-m/nofp/libc.a(lib_a-isattyr.o)
 .debug_info    0x000000000001b06b      0xe0a /usr/lib/gcc/arm-none-eabi/10.3.1/../../../arm-none-eabi/lib/thumb/v7-m/nofp/libc.a(lib_a-locale.o)
 .debug_info    0x000000000001be75      0x9a1 /usr/lib/gcc/arm-none-eabi/10.3.1/../../../arm-none-eabi/lib/thumb/v7-m/nofp/libc.a(lib_a-lseekr.o)
 .debug_info    0x000000000001c816      0xccd /usr/lib/gcc/arm-none-eabi/10.3.1/../../../arm-none-eabi/lib/thumb/v7-m/nofp/libc.a(lib_a-mbtowc_r.o)
 .debug_info    0x000000000001d4e3      0x152 /usr/lib/gcc/arm-none-eabi/10.3.1/../../../arm-none-eabi/lib/thumb/v7-m/nofp/libc.a(lib_a-memmove.o)
 .debug_info    0x000000000001d635      0x9b9 /usr/lib/gcc/arm-none-eabi/10.3.1/../../../arm-none-eabi/lib/thumb/v7-m/nofp/libc.a(lib_a-readr.o)
 .debug_info    0x000000000001dfee      0xdb4 /usr/lib/gcc/arm-none-eabi/10.3.1/../../../arm-none-eabi/lib/thumb/v7-m/nofp/libc.a(lib_a-reallocr.o)
 .debug_info    0x000000000001eda2      0xbda /usr/lib/gcc/arm-none-eabi/10.3.1/../../../arm-none-eabi/lib/thumb/v7-m/nofp/libc.a(lib_a-reent.o)
 .debug_info    0x000000000001f97c       0x26 /usr/lib/gcc/arm-none-eabi/10.3.1/../../../arm-none-eabi/lib/thumb/v7-m/nofp/libc.a(lib_a-strcmp.o)
 .debug_info    0x000000000001f9a2      0xa5f /usr/lib/gcc/arm-none-eabi/10.3.1/../../../arm-none-eabi/lib/thumb/v7-m/nofp/libc.a(lib_a-wbuf.o)
 .debug_info    0x0000000000020401      0xd4f /usr/lib/gcc/arm-none-eabi/10.3.1/../../../arm-none-eabi/lib/thumb/v7-m/nofp/libc.a(lib_a-wcrtomb.o)
 .debug_info    0x0000000000021150      0xc8c /usr/lib/gcc/arm-none-eabi/10.3.1/../../../arm-none-eabi/lib/thumb/v7-m/nofp/libc.a(lib_a-wctomb_r.o)
 .debug_info    0x0000000000021ddc       0xcb /usr/lib/gcc/arm-none-eabi/10.3.1/../../../arm-none-eabi/lib/thumb/v7-m/nofp/libc.a(lib_a-abort.o)
 .debug_info    0x0000000000021ea7       0xb8 /usr/lib/gcc/arm-none-eabi/10.3.1/../../../arm-none-eabi/lib/thumb/v7-m/nofp/libc.a(lib_a-ctype_.o)
 .debug_info    0x0000000000021f5f      0xf32 /usr/lib/gcc/arm-none-eabi/10.3.1/../../../arm-none-eabi/lib/thumb/v7-m/nofp/libc.a(lib_a-signal.o)
 .debug_info    0x0000000000022e91      0x9d7 /usr/lib/gcc/arm-none-eabi/10.3.1/../../../arm-none-eabi/lib/thumb/v7-m/nofp/libc.a(lib_a-signalr.o)
 .debug_info    0x0000000000023868       0x26 /usr/lib/gcc/arm-none-eabi/10.3.1/thumb/v7-m/nofp/libgcc.a(_arm_addsubdf3.o)
 .debug_info    0x000000000002388e       0x26 /usr/lib/gcc/arm-none-eabi/10.3.1/thumb/v7-m/nofp/libgcc.a(_arm_muldivdf3.o)
 .debug_info    0x00000000000238b4       0x26 /usr/lib/gcc/arm-none-eabi/10.3.1/thumb/v7-m/nofp/libgcc.a(_arm_cmpdf2.o)
 .debug_info    0x00000000000238da       0x26 /usr/lib/gcc/arm-none-eabi/10.3.1/thumb/v7-m/nofp/libgcc.a(_arm_unorddf2.o)
 .debug_info    0x0000000000023900       0x26 /usr/lib/gcc/arm-none-eabi/10.3.1/thumb/v7-m/nofp/libgcc.a(_arm_fixdfsi.o)
 .debug_info    0x0000000000023926       0x26 /usr/lib/gcc/arm-none-eabi/10.3.1/thumb/v7-m/nofp/libgcc.a(_aeabi_uldivmod.o)
 .debug_info    0x000000000002394c      0x717 /usr/lib/gcc/arm-none-eabi/10.3.1/thumb/v7-m/nofp/libgcc.a(_udivmoddi4.o)
 .debug_info    0x0000000000024063       0x26 /usr/lib/gcc/arm-none-eabi/10.3.1/thumb/v7-m/nofp/libgcc.a(_dvmd_tls.o)
 .debug_info    0x0000000000024089       0xb1 /usr/lib/gcc/arm-none-eabi/10.3.1/../../../arm-none-eabi/lib/thumb/v7-m/nofp/libnosys.a(close.o)
 .debug_info    0x000000000002413a      0x2cc /usr/lib/gcc/arm-none-eabi/10.3.1/../../../arm-none-eabi/lib/thumb/v7-m/nofp/libnosys.a(fstat.o)
 .debug_info    0x0000000000024406       0x9c /usr/lib/gcc/arm-none-eabi/10.3.1/../../../arm-none-eabi/lib/thumb/v7-m/nofp/libnosys.a(getpid.o)
 .debug_info    0x00000000000244a2       0xb1 /usr/lib/gcc/arm-none-eabi/10.3.1/../../../arm-none-eabi/lib/thumb/v7-m/nofp/libnosys.a(isatty.o)
 .debug_info    0x0000000000024553       0xbf /usr/lib/gcc/arm-none-eabi/10.3.1/../../../arm-none-eabi/lib/thumb/v7-m/nofp/libnosys.a(kill.o)
 .debug_info    0x0000000000024612       0xd3 /usr/lib/gcc/arm-none-eabi/10.3.1/../../../arm-none-eabi/lib/thumb/v7-m/nofp/libnosys.a(lseek.o)
 .debug_info    0x00000000000246e5       0xd9 /usr/lib/gcc/arm-none-eabi/10.3.1/../../../arm-none-eabi/lib/thumb/v7-m/nofp/libnosys.a(read.o)
 .debug_info    0x00000000000247be       0x9d /usr/lib/gcc/arm-none-eabi/10.3.1/../../../arm-none-eabi/lib/thumb/v7-m/nofp/libnosys.a(sbrk.o)
 .debug_info    0x000000000002485b       0xa3 /usr/lib/gcc/arm-none-eabi/10.3.1/../../../arm-none-eabi/lib/thumb/v7-m/nofp/libnosys.a(_exit.o)

.debug_abbrev   0x0000000000000000     0x7e34
 .debug_abbrev  0x0000000000000000      0x17d spi_test.o
 .debug_abbrev  0x000000000000017d      0x116 /home/alexcato/lab4/libopencm3-examples/libopencm3/lib/libopencm3_stm32f2.a(gpio_common_all.o)
 .debug_abbrev  0x0000000000000293       0xbf /home/alexcato/lab4/libopencm3-examples/libopencm3/lib/libopencm3_stm32f2.a(gpio_common_f0234.o)
 .debug_abbrev  0x0000000000000352      0x17c /home/alexcato/lab4/libopencm3-examples/libopencm3/lib/libopencm3_stm32f2.a(rcc_common_all.o)
 .debug_abbrev  0x00000000000004ce      0x197 /home/alexcato/lab4/libopencm3-examples/libopencm3/lib/libopencm3_stm32f2.a(spi_common_all.o)
 .debug_abbrev  0x0000000000000665       0xd2 /home/alexcato/lab4/libopencm3-examples/libopencm3/lib/libopencm3_stm32f2.a(spi_common_v1.o)
 .debug_abbrev  0x0000000000000737      0x129 /home/alexcato/lab4/libopencm3-examples/libopencm3/lib/libopencm3_stm32f2.a(usart_common_all.o)
 .debug_abbrev  0x0000000000000860       0xb5 /home/alexcato/lab4/libopencm3-examples/libopencm3/lib/libopencm3_stm32f2.a(usart_common_f124.o)
 .debug_abbrev  0x0000000000000915      0x145 /home/alexcato/lab4/libopencm3-examples/libopencm3/lib/libopencm3_stm32f2.a(vector.o)
 .debug_abbrev  0x0000000000000a5a      0x304 /home/alexcato/lab4/libopencm3-examples/libopencm3/lib/libopencm3_stm32f2.a(rcc.o)
 .debug_abbrev  0x0000000000000d5e      0x1be /usr/lib/gcc/arm-none-eabi/10.3.1/../../../arm-none-eabi/lib/thumb/v7-m/nofp/libc.a(lib_a-errno.o)
 .debug_abbrev  0x0000000000000f1c      0x1b8 /usr/lib/gcc/arm-none-eabi/10.3.1/../../../arm-none-eabi/lib/thumb/v7-m/nofp/libc.a(lib_a-impure.o)
 .debug_abbrev  0x00000000000010d4      0x27a /usr/lib/gcc/arm-none-eabi/10.3.1/../../../arm-none-eabi/lib/thumb/v7-m/nofp/libc.a(lib_a-printf.o)
 .debug_abbrev  0x000000000000134e      0x44f /usr/lib/gcc/arm-none-eabi/10.3.1/../../../arm-none-eabi/lib/thumb/v7-m/nofp/libc.a(lib_a-vfprintf.o)
 .debug_abbrev  0x000000000000179d      0x246 /usr/lib/gcc/arm-none-eabi/10.3.1/../../../arm-none-eabi/lib/thumb/v7-m/nofp/libc.a(lib_a-wsetup.o)
 .debug_abbrev  0x00000000000019e3      0x323 /usr/lib/gcc/arm-none-eabi/10.3.1/../../../arm-none-eabi/lib/thumb/v7-m/nofp/libc.a(lib_a-dtoa.o)
 .debug_abbrev  0x0000000000001d06      0x333 /usr/lib/gcc/arm-none-eabi/10.3.1/../../../arm-none-eabi/lib/thumb/v7-m/nofp/libc.a(lib_a-fflush.o)
 .debug_abbrev  0x0000000000002039      0x41a /usr/lib/gcc/arm-none-eabi/10.3.1/../../../arm-none-eabi/lib/thumb/v7-m/nofp/libc.a(lib_a-findfp.o)
 .debug_abbrev  0x0000000000002453      0x2b1 /usr/lib/gcc/arm-none-eabi/10.3.1/../../../arm-none-eabi/lib/thumb/v7-m/nofp/libc.a(lib_a-freer.o)
 .debug_abbrev  0x0000000000002704      0x1fe /usr/lib/gcc/arm-none-eabi/10.3.1/../../../arm-none-eabi/lib/thumb/v7-m/nofp/libc.a(lib_a-fwalk.o)
 .debug_abbrev  0x0000000000002902      0x26a /usr/lib/gcc/arm-none-eabi/10.3.1/../../../arm-none-eabi/lib/thumb/v7-m/nofp/libc.a(lib_a-localeconv.o)
 .debug_abbrev  0x0000000000002b6c      0x2df /usr/lib/gcc/arm-none-eabi/10.3.1/../../../arm-none-eabi/lib/thumb/v7-m/nofp/libc.a(lib_a-makebuf.o)
 .debug_abbrev  0x0000000000002e4b      0x2f6 /usr/lib/gcc/arm-none-eabi/10.3.1/../../../arm-none-eabi/lib/thumb/v7-m/nofp/libc.a(lib_a-mallocr.o)
 .debug_abbrev  0x0000000000003141       0xd4 /usr/lib/gcc/arm-none-eabi/10.3.1/../../../arm-none-eabi/lib/thumb/v7-m/nofp/libc.a(lib_a-memchr-stub.o)
 .debug_abbrev  0x0000000000003215       0x14 /usr/lib/gcc/arm-none-eabi/10.3.1/../../../arm-none-eabi/lib/thumb/v7-m/nofp/libc.a(lib_a-memcpy.o)
 .debug_abbrev  0x0000000000003229       0xb4 /usr/lib/gcc/arm-none-eabi/10.3.1/../../../arm-none-eabi/lib/thumb/v7-m/nofp/libc.a(lib_a-memset.o)
 .debug_abbrev  0x00000000000032dd      0x1f0 /usr/lib/gcc/arm-none-eabi/10.3.1/../../../arm-none-eabi/lib/thumb/v7-m/nofp/libc.a(lib_a-mlock.o)
 .debug_abbrev  0x00000000000034cd      0x4ae /usr/lib/gcc/arm-none-eabi/10.3.1/../../../arm-none-eabi/lib/thumb/v7-m/nofp/libc.a(lib_a-mprec.o)
 .debug_abbrev  0x000000000000397b      0x23d /usr/lib/gcc/arm-none-eabi/10.3.1/../../../arm-none-eabi/lib/thumb/v7-m/nofp/libc.a(lib_a-sbrkr.o)
 .debug_abbrev  0x0000000000003bb8      0x262 /usr/lib/gcc/arm-none-eabi/10.3.1/../../../arm-none-eabi/lib/thumb/v7-m/nofp/libc.a(lib_a-stdio.o)
 .debug_abbrev  0x0000000000003e1a       0x79 /usr/lib/gcc/arm-none-eabi/10.3.1/../../../arm-none-eabi/lib/thumb/v7-m/nofp/libc.a(lib_a-strlen-stub.o)
 .debug_abbrev  0x0000000000003e93      0x430 /usr/lib/gcc/arm-none-eabi/10.3.1/../../../arm-none-eabi/lib/thumb/v7-m/nofp/libc.a(lib_a-vfiprintf.o)
 .debug_abbrev  0x00000000000042c3      0x217 /usr/lib/gcc/arm-none-eabi/10.3.1/../../../arm-none-eabi/lib/thumb/v7-m/nofp/libc.a(lib_a-writer.o)
 .debug_abbrev  0x00000000000044da      0x22a /usr/lib/gcc/arm-none-eabi/10.3.1/../../../arm-none-eabi/lib/thumb/v7-m/nofp/libc.a(lib_a-assert.o)
 .debug_abbrev  0x0000000000004704      0x241 /usr/lib/gcc/arm-none-eabi/10.3.1/../../../arm-none-eabi/lib/thumb/v7-m/nofp/libc.a(lib_a-callocr.o)
 .debug_abbrev  0x0000000000004945      0x212 /usr/lib/gcc/arm-none-eabi/10.3.1/../../../arm-none-eabi/lib/thumb/v7-m/nofp/libc.a(lib_a-closer.o)
 .debug_abbrev  0x0000000000004b57      0x2f1 /usr/lib/gcc/arm-none-eabi/10.3.1/../../../arm-none-eabi/lib/thumb/v7-m/nofp/libc.a(lib_a-fclose.o)
 .debug_abbrev  0x0000000000004e48      0x255 /usr/lib/gcc/arm-none-eabi/10.3.1/../../../arm-none-eabi/lib/thumb/v7-m/nofp/libc.a(lib_a-fiprintf.o)
 .debug_abbrev  0x000000000000509d      0x34f /usr/lib/gcc/arm-none-eabi/10.3.1/../../../arm-none-eabi/lib/thumb/v7-m/nofp/libc.a(lib_a-fputwc.o)
 .debug_abbrev  0x00000000000053ec      0x226 /usr/lib/gcc/arm-none-eabi/10.3.1/../../../arm-none-eabi/lib/thumb/v7-m/nofp/libc.a(lib_a-fstatr.o)
 .debug_abbrev  0x0000000000005612      0x25b /usr/lib/gcc/arm-none-eabi/10.3.1/../../../arm-none-eabi/lib/thumb/v7-m/nofp/libc.a(lib_a-fvwrite.o)
 .debug_abbrev  0x000000000000586d      0x212 /usr/lib/gcc/arm-none-eabi/10.3.1/../../../arm-none-eabi/lib/thumb/v7-m/nofp/libc.a(lib_a-isattyr.o)
 .debug_abbrev  0x0000000000005a7f      0x2f5 /usr/lib/gcc/arm-none-eabi/10.3.1/../../../arm-none-eabi/lib/thumb/v7-m/nofp/libc.a(lib_a-locale.o)
 .debug_abbrev  0x0000000000005d74      0x226 /usr/lib/gcc/arm-none-eabi/10.3.1/../../../arm-none-eabi/lib/thumb/v7-m/nofp/libc.a(lib_a-lseekr.o)
 .debug_abbrev  0x0000000000005f9a      0x247 /usr/lib/gcc/arm-none-eabi/10.3.1/../../../arm-none-eabi/lib/thumb/v7-m/nofp/libc.a(lib_a-mbtowc_r.o)
 .debug_abbrev  0x00000000000061e1       0xc0 /usr/lib/gcc/arm-none-eabi/10.3.1/../../../arm-none-eabi/lib/thumb/v7-m/nofp/libc.a(lib_a-memmove.o)
 .debug_abbrev  0x00000000000062a1      0x212 /usr/lib/gcc/arm-none-eabi/10.3.1/../../../arm-none-eabi/lib/thumb/v7-m/nofp/libc.a(lib_a-readr.o)
 .debug_abbrev  0x00000000000064b3      0x275 /usr/lib/gcc/arm-none-eabi/10.3.1/../../../arm-none-eabi/lib/thumb/v7-m/nofp/libc.a(lib_a-reallocr.o)
 .debug_abbrev  0x0000000000006728      0x2f4 /usr/lib/gcc/arm-none-eabi/10.3.1/../../../arm-none-eabi/lib/thumb/v7-m/nofp/libc.a(lib_a-reent.o)
 .debug_abbrev  0x0000000000006a1c       0x14 /usr/lib/gcc/arm-none-eabi/10.3.1/../../../arm-none-eabi/lib/thumb/v7-m/nofp/libc.a(lib_a-strcmp.o)
 .debug_abbrev  0x0000000000006a30      0x286 /usr/lib/gcc/arm-none-eabi/10.3.1/../../../arm-none-eabi/lib/thumb/v7-m/nofp/libc.a(lib_a-wbuf.o)
 .debug_abbrev  0x0000000000006cb6      0x254 /usr/lib/gcc/arm-none-eabi/10.3.1/../../../arm-none-eabi/lib/thumb/v7-m/nofp/libc.a(lib_a-wcrtomb.o)
 .debug_abbrev  0x0000000000006f0a      0x240 /usr/lib/gcc/arm-none-eabi/10.3.1/../../../arm-none-eabi/lib/thumb/v7-m/nofp/libc.a(lib_a-wctomb_r.o)
 .debug_abbrev  0x000000000000714a       0x80 /usr/lib/gcc/arm-none-eabi/10.3.1/../../../arm-none-eabi/lib/thumb/v7-m/nofp/libc.a(lib_a-abort.o)
 .debug_abbrev  0x00000000000071ca       0x62 /usr/lib/gcc/arm-none-eabi/10.3.1/../../../arm-none-eabi/lib/thumb/v7-m/nofp/libc.a(lib_a-ctype_.o)
 .debug_abbrev  0x000000000000722c      0x321 /usr/lib/gcc/arm-none-eabi/10.3.1/../../../arm-none-eabi/lib/thumb/v7-m/nofp/libc.a(lib_a-signal.o)
 .debug_abbrev  0x000000000000754d      0x242 /usr/lib/gcc/arm-none-eabi/10.3.1/../../../arm-none-eabi/lib/thumb/v7-m/nofp/libc.a(lib_a-signalr.o)
 .debug_abbrev  0x000000000000778f       0x14 /usr/lib/gcc/arm-none-eabi/10.3.1/thumb/v7-m/nofp/libgcc.a(_arm_addsubdf3.o)
 .debug_abbrev  0x00000000000077a3       0x14 /usr/lib/gcc/arm-none-eabi/10.3.1/thumb/v7-m/nofp/libgcc.a(_arm_muldivdf3.o)
 .debug_abbrev  0x00000000000077b7       0x14 /usr/lib/gcc/arm-none-eabi/10.3.1/thumb/v7-m/nofp/libgcc.a(_arm_cmpdf2.o)
 .debug_abbrev  0x00000000000077cb       0x14 /usr/lib/gcc/arm-none-eabi/10.3.1/thumb/v7-m/nofp/libgcc.a(_arm_unorddf2.o)
 .debug_abbrev  0x00000000000077df       0x14 /usr/lib/gcc/arm-none-eabi/10.3.1/thumb/v7-m/nofp/libgcc.a(_arm_fixdfsi.o)
 .debug_abbrev  0x00000000000077f3       0x14 /usr/lib/gcc/arm-none-eabi/10.3.1/thumb/v7-m/nofp/libgcc.a(_aeabi_uldivmod.o)
 .debug_abbrev  0x0000000000007807      0x163 /usr/lib/gcc/arm-none-eabi/10.3.1/thumb/v7-m/nofp/libgcc.a(_udivmoddi4.o)
 .debug_abbrev  0x000000000000796a       0x14 /usr/lib/gcc/arm-none-eabi/10.3.1/thumb/v7-m/nofp/libgcc.a(_dvmd_tls.o)
 .debug_abbrev  0x000000000000797e       0x6d /usr/lib/gcc/arm-none-eabi/10.3.1/../../../arm-none-eabi/lib/thumb/v7-m/nofp/libnosys.a(close.o)
 .debug_abbrev  0x00000000000079eb       0xcc /usr/lib/gcc/arm-none-eabi/10.3.1/../../../arm-none-eabi/lib/thumb/v7-m/nofp/libnosys.a(fstat.o)
 .debug_abbrev  0x0000000000007ab7       0x59 /usr/lib/gcc/arm-none-eabi/10.3.1/../../../arm-none-eabi/lib/thumb/v7-m/nofp/libnosys.a(getpid.o)
 .debug_abbrev  0x0000000000007b10       0x6d /usr/lib/gcc/arm-none-eabi/10.3.1/../../../arm-none-eabi/lib/thumb/v7-m/nofp/libnosys.a(isatty.o)
 .debug_abbrev  0x0000000000007b7d       0x7e /usr/lib/gcc/arm-none-eabi/10.3.1/../../../arm-none-eabi/lib/thumb/v7-m/nofp/libnosys.a(kill.o)
 .debug_abbrev  0x0000000000007bfb       0x92 /usr/lib/gcc/arm-none-eabi/10.3.1/../../../arm-none-eabi/lib/thumb/v7-m/nofp/libnosys.a(lseek.o)
 .debug_abbrev  0x0000000000007c8d       0x9b /usr/lib/gcc/arm-none-eabi/10.3.1/../../../arm-none-eabi/lib/thumb/v7-m/nofp/libnosys.a(read.o)
 .debug_abbrev  0x0000000000007d28       0xa2 /usr/lib/gcc/arm-none-eabi/10.3.1/../../../arm-none-eabi/lib/thumb/v7-m/nofp/libnosys.a(sbrk.o)
 .debug_abbrev  0x0000000000007dca       0x6a /usr/lib/gcc/arm-none-eabi/10.3.1/../../../arm-none-eabi/lib/thumb/v7-m/nofp/libnosys.a(_exit.o)

.debug_loc      0x0000000000000000    0x148d5
 .debug_loc     0x0000000000000000       0xc8 spi_test.o
 .debug_loc     0x00000000000000c8       0xbe /home/alexcato/lab4/libopencm3-examples/libopencm3/lib/libopencm3_stm32f2.a(gpio_common_all.o)
 .debug_loc     0x0000000000000186      0x14f /home/alexcato/lab4/libopencm3-examples/libopencm3/lib/libopencm3_stm32f2.a(gpio_common_f0234.o)
 .debug_loc     0x00000000000002d5       0x94 /home/alexcato/lab4/libopencm3-examples/libopencm3/lib/libopencm3_stm32f2.a(rcc_common_all.o)
 .debug_loc     0x0000000000000369      0x170 /home/alexcato/lab4/libopencm3-examples/libopencm3/lib/libopencm3_stm32f2.a(spi_common_all.o)
 .debug_loc     0x00000000000004d9       0xff /home/alexcato/lab4/libopencm3-examples/libopencm3/lib/libopencm3_stm32f2.a(spi_common_v1.o)
 .debug_loc     0x00000000000005d8      0x14d /home/alexcato/lab4/libopencm3-examples/libopencm3/lib/libopencm3_stm32f2.a(usart_common_all.o)
 .debug_loc     0x0000000000000725       0x99 /home/alexcato/lab4/libopencm3-examples/libopencm3/lib/libopencm3_stm32f2.a(usart_common_f124.o)
 .debug_loc     0x00000000000007be      0x128 /home/alexcato/lab4/libopencm3-examples/libopencm3/lib/libopencm3_stm32f2.a(vector.o)
 .debug_loc     0x00000000000008e6      0x4c7 /home/alexcato/lab4/libopencm3-examples/libopencm3/lib/libopencm3_stm32f2.a(rcc.o)
 .debug_loc     0x0000000000000dad       0x64 /usr/lib/gcc/arm-none-eabi/10.3.1/../../../arm-none-eabi/lib/thumb/v7-m/nofp/libc.a(lib_a-printf.o)
 .debug_loc     0x0000000000000e11     0x36d1 /usr/lib/gcc/arm-none-eabi/10.3.1/../../../arm-none-eabi/lib/thumb/v7-m/nofp/libc.a(lib_a-vfprintf.o)
 .debug_loc     0x00000000000044e2       0xe7 /usr/lib/gcc/arm-none-eabi/10.3.1/../../../arm-none-eabi/lib/thumb/v7-m/nofp/libc.a(lib_a-wsetup.o)
 .debug_loc     0x00000000000045c9     0x32d6 /usr/lib/gcc/arm-none-eabi/10.3.1/../../../arm-none-eabi/lib/thumb/v7-m/nofp/libc.a(lib_a-dtoa.o)
 .debug_loc     0x000000000000789f      0x450 /usr/lib/gcc/arm-none-eabi/10.3.1/../../../arm-none-eabi/lib/thumb/v7-m/nofp/libc.a(lib_a-fflush.o)
 .debug_loc     0x0000000000007cef      0x3cc /usr/lib/gcc/arm-none-eabi/10.3.1/../../../arm-none-eabi/lib/thumb/v7-m/nofp/libc.a(lib_a-findfp.o)
 .debug_loc     0x00000000000080bb      0x6f8 /usr/lib/gcc/arm-none-eabi/10.3.1/../../../arm-none-eabi/lib/thumb/v7-m/nofp/libc.a(lib_a-freer.o)
 .debug_loc     0x00000000000087b3      0x1bf /usr/lib/gcc/arm-none-eabi/10.3.1/../../../arm-none-eabi/lib/thumb/v7-m/nofp/libc.a(lib_a-fwalk.o)
 .debug_loc     0x0000000000008972       0x6f /usr/lib/gcc/arm-none-eabi/10.3.1/../../../arm-none-eabi/lib/thumb/v7-m/nofp/libc.a(lib_a-localeconv.o)
 .debug_loc     0x00000000000089e1      0x39f /usr/lib/gcc/arm-none-eabi/10.3.1/../../../arm-none-eabi/lib/thumb/v7-m/nofp/libc.a(lib_a-makebuf.o)
 .debug_loc     0x0000000000008d80      0xe78 /usr/lib/gcc/arm-none-eabi/10.3.1/../../../arm-none-eabi/lib/thumb/v7-m/nofp/libc.a(lib_a-mallocr.o)
 .debug_loc     0x0000000000009bf8      0x1f6 /usr/lib/gcc/arm-none-eabi/10.3.1/../../../arm-none-eabi/lib/thumb/v7-m/nofp/libc.a(lib_a-memchr-stub.o)
 .debug_loc     0x0000000000009dee      0x22c /usr/lib/gcc/arm-none-eabi/10.3.1/../../../arm-none-eabi/lib/thumb/v7-m/nofp/libc.a(lib_a-memset.o)
 .debug_loc     0x000000000000a01a     0x26ef /usr/lib/gcc/arm-none-eabi/10.3.1/../../../arm-none-eabi/lib/thumb/v7-m/nofp/libc.a(lib_a-mprec.o)
 .debug_loc     0x000000000000c709       0x6c /usr/lib/gcc/arm-none-eabi/10.3.1/../../../arm-none-eabi/lib/thumb/v7-m/nofp/libc.a(lib_a-sbrkr.o)
 .debug_loc     0x000000000000c775      0x3a0 /usr/lib/gcc/arm-none-eabi/10.3.1/../../../arm-none-eabi/lib/thumb/v7-m/nofp/libc.a(lib_a-stdio.o)
 .debug_loc     0x000000000000cb15       0x25 /usr/lib/gcc/arm-none-eabi/10.3.1/../../../arm-none-eabi/lib/thumb/v7-m/nofp/libc.a(lib_a-strlen-stub.o)
 .debug_loc     0x000000000000cb3a     0x230e /usr/lib/gcc/arm-none-eabi/10.3.1/../../../arm-none-eabi/lib/thumb/v7-m/nofp/libc.a(lib_a-vfiprintf.o)
 .debug_loc     0x000000000000ee48       0xea /usr/lib/gcc/arm-none-eabi/10.3.1/../../../arm-none-eabi/lib/thumb/v7-m/nofp/libc.a(lib_a-writer.o)
 .debug_loc     0x000000000000ef32      0x185 /usr/lib/gcc/arm-none-eabi/10.3.1/../../../arm-none-eabi/lib/thumb/v7-m/nofp/libc.a(lib_a-assert.o)
 .debug_loc     0x000000000000f0b7      0x2d6 /usr/lib/gcc/arm-none-eabi/10.3.1/../../../arm-none-eabi/lib/thumb/v7-m/nofp/libc.a(lib_a-callocr.o)
 .debug_loc     0x000000000000f38d       0x6c /usr/lib/gcc/arm-none-eabi/10.3.1/../../../arm-none-eabi/lib/thumb/v7-m/nofp/libc.a(lib_a-closer.o)
 .debug_loc     0x000000000000f3f9      0x2f1 /usr/lib/gcc/arm-none-eabi/10.3.1/../../../arm-none-eabi/lib/thumb/v7-m/nofp/libc.a(lib_a-fclose.o)
 .debug_loc     0x000000000000f6ea       0xa6 /usr/lib/gcc/arm-none-eabi/10.3.1/../../../arm-none-eabi/lib/thumb/v7-m/nofp/libc.a(lib_a-fiprintf.o)
 .debug_loc     0x000000000000f790      0x37e /usr/lib/gcc/arm-none-eabi/10.3.1/../../../arm-none-eabi/lib/thumb/v7-m/nofp/libc.a(lib_a-fputwc.o)
 .debug_loc     0x000000000000fb0e       0x9e /usr/lib/gcc/arm-none-eabi/10.3.1/../../../arm-none-eabi/lib/thumb/v7-m/nofp/libc.a(lib_a-fstatr.o)
 .debug_loc     0x000000000000fbac      0x69d /usr/lib/gcc/arm-none-eabi/10.3.1/../../../arm-none-eabi/lib/thumb/v7-m/nofp/libc.a(lib_a-fvwrite.o)
 .debug_loc     0x0000000000010249       0x6c /usr/lib/gcc/arm-none-eabi/10.3.1/../../../arm-none-eabi/lib/thumb/v7-m/nofp/libc.a(lib_a-isattyr.o)
 .debug_loc     0x00000000000102b5      0x27d /usr/lib/gcc/arm-none-eabi/10.3.1/../../../arm-none-eabi/lib/thumb/v7-m/nofp/libc.a(lib_a-locale.o)
 .debug_loc     0x0000000000010532       0xea /usr/lib/gcc/arm-none-eabi/10.3.1/../../../arm-none-eabi/lib/thumb/v7-m/nofp/libc.a(lib_a-lseekr.o)
 .debug_loc     0x000000000001061c      0x21d /usr/lib/gcc/arm-none-eabi/10.3.1/../../../arm-none-eabi/lib/thumb/v7-m/nofp/libc.a(lib_a-mbtowc_r.o)
 .debug_loc     0x0000000000010839      0x331 /usr/lib/gcc/arm-none-eabi/10.3.1/../../../arm-none-eabi/lib/thumb/v7-m/nofp/libc.a(lib_a-memmove.o)
 .debug_loc     0x0000000000010b6a       0xea /usr/lib/gcc/arm-none-eabi/10.3.1/../../../arm-none-eabi/lib/thumb/v7-m/nofp/libc.a(lib_a-readr.o)
 .debug_loc     0x0000000000010c54     0x17b5 /usr/lib/gcc/arm-none-eabi/10.3.1/../../../arm-none-eabi/lib/thumb/v7-m/nofp/libc.a(lib_a-reallocr.o)
 .debug_loc     0x0000000000012409      0x23e /usr/lib/gcc/arm-none-eabi/10.3.1/../../../arm-none-eabi/lib/thumb/v7-m/nofp/libc.a(lib_a-reent.o)
 .debug_loc     0x0000000000012647      0x1b0 /usr/lib/gcc/arm-none-eabi/10.3.1/../../../arm-none-eabi/lib/thumb/v7-m/nofp/libc.a(lib_a-wbuf.o)
 .debug_loc     0x00000000000127f7      0x2b1 /usr/lib/gcc/arm-none-eabi/10.3.1/../../../arm-none-eabi/lib/thumb/v7-m/nofp/libc.a(lib_a-wcrtomb.o)
 .debug_loc     0x0000000000012aa8      0x173 /usr/lib/gcc/arm-none-eabi/10.3.1/../../../arm-none-eabi/lib/thumb/v7-m/nofp/libc.a(lib_a-wctomb_r.o)
 .debug_loc     0x0000000000012c1b      0x967 /usr/lib/gcc/arm-none-eabi/10.3.1/../../../arm-none-eabi/lib/thumb/v7-m/nofp/libc.a(lib_a-signal.o)
 .debug_loc     0x0000000000013582       0xc3 /usr/lib/gcc/arm-none-eabi/10.3.1/../../../arm-none-eabi/lib/thumb/v7-m/nofp/libc.a(lib_a-signalr.o)
 .debug_loc     0x0000000000013645     0x1115 /usr/lib/gcc/arm-none-eabi/10.3.1/thumb/v7-m/nofp/libgcc.a(_udivmoddi4.o)
 .debug_loc     0x000000000001475a       0x25 /usr/lib/gcc/arm-none-eabi/10.3.1/../../../arm-none-eabi/lib/thumb/v7-m/nofp/libnosys.a(close.o)
 .debug_loc     0x000000000001477f       0x25 /usr/lib/gcc/arm-none-eabi/10.3.1/../../../arm-none-eabi/lib/thumb/v7-m/nofp/libnosys.a(fstat.o)
 .debug_loc     0x00000000000147a4       0x25 /usr/lib/gcc/arm-none-eabi/10.3.1/../../../arm-none-eabi/lib/thumb/v7-m/nofp/libnosys.a(isatty.o)
 .debug_loc     0x00000000000147c9       0x25 /usr/lib/gcc/arm-none-eabi/10.3.1/../../../arm-none-eabi/lib/thumb/v7-m/nofp/libnosys.a(kill.o)
 .debug_loc     0x00000000000147ee       0x4a /usr/lib/gcc/arm-none-eabi/10.3.1/../../../arm-none-eabi/lib/thumb/v7-m/nofp/libnosys.a(lseek.o)
 .debug_loc     0x0000000000014838       0x4a /usr/lib/gcc/arm-none-eabi/10.3.1/../../../arm-none-eabi/lib/thumb/v7-m/nofp/libnosys.a(read.o)
 .debug_loc     0x0000000000014882       0x3e /usr/lib/gcc/arm-none-eabi/10.3.1/../../../arm-none-eabi/lib/thumb/v7-m/nofp/libnosys.a(sbrk.o)
 .debug_loc     0x00000000000148c0       0x15 /usr/lib/gcc/arm-none-eabi/10.3.1/../../../arm-none-eabi/lib/thumb/v7-m/nofp/libnosys.a(_exit.o)

.debug_aranges  0x0000000000000000      0xcd8
 .debug_aranges
                0x0000000000000000       0x28 spi_test.o
 .debug_aranges
                0x0000000000000028       0x50 /home/alexcato/lab4/libopencm3-examples/libopencm3/lib/libopencm3_stm32f2.a(gpio_common_all.o)
 .debug_aranges
                0x0000000000000078       0x30 /home/alexcato/lab4/libopencm3-examples/libopencm3/lib/libopencm3_stm32f2.a(gpio_common_f0234.o)
 .debug_aranges
                0x00000000000000a8       0x60 /home/alexcato/lab4/libopencm3-examples/libopencm3/lib/libopencm3_stm32f2.a(rcc_common_all.o)
 .debug_aranges
                0x0000000000000108      0x170 /home/alexcato/lab4/libopencm3-examples/libopencm3/lib/libopencm3_stm32f2.a(spi_common_all.o)
 .debug_aranges
                0x0000000000000278       0x30 /home/alexcato/lab4/libopencm3-examples/libopencm3/lib/libopencm3_stm32f2.a(spi_common_v1.o)
 .debug_aranges
                0x00000000000002a8       0xd8 /home/alexcato/lab4/libopencm3-examples/libopencm3/lib/libopencm3_stm32f2.a(usart_common_all.o)
 .debug_aranges
                0x0000000000000380       0x40 /home/alexcato/lab4/libopencm3-examples/libopencm3/lib/libopencm3_stm32f2.a(usart_common_f124.o)
 .debug_aranges
                0x00000000000003c0       0x30 /home/alexcato/lab4/libopencm3-examples/libopencm3/lib/libopencm3_stm32f2.a(vector.o)
 .debug_aranges
                0x00000000000003f0       0xf8 /home/alexcato/lab4/libopencm3-examples/libopencm3/lib/libopencm3_stm32f2.a(rcc.o)
 .debug_aranges
                0x00000000000004e8       0x20 /usr/lib/gcc/arm-none-eabi/10.3.1/../../../arm-none-eabi/lib/thumb/v7-m/nofp/libc.a(lib_a-errno.o)
 .debug_aranges
                0x0000000000000508       0x18 /usr/lib/gcc/arm-none-eabi/10.3.1/../../../arm-none-eabi/lib/thumb/v7-m/nofp/libc.a(lib_a-impure.o)
 .debug_aranges
                0x0000000000000520       0x20 /usr/lib/gcc/arm-none-eabi/10.3.1/../../../arm-none-eabi/lib/thumb/v7-m/nofp/libc.a(lib_a-printf.o)
 .debug_aranges
                0x0000000000000540       0x20 /usr/lib/gcc/arm-none-eabi/10.3.1/../../../arm-none-eabi/lib/thumb/v7-m/nofp/libc.a(lib_a-vfprintf.o)
 .debug_aranges
                0x0000000000000560       0x20 /usr/lib/gcc/arm-none-eabi/10.3.1/../../../arm-none-eabi/lib/thumb/v7-m/nofp/libc.a(lib_a-wsetup.o)
 .debug_aranges
                0x0000000000000580       0x20 /usr/lib/gcc/arm-none-eabi/10.3.1/../../../arm-none-eabi/lib/thumb/v7-m/nofp/libc.a(lib_a-dtoa.o)
 .debug_aranges
                0x00000000000005a0       0x20 /usr/lib/gcc/arm-none-eabi/10.3.1/../../../arm-none-eabi/lib/thumb/v7-m/nofp/libc.a(lib_a-fflush.o)
 .debug_aranges
                0x00000000000005c0       0x20 /usr/lib/gcc/arm-none-eabi/10.3.1/../../../arm-none-eabi/lib/thumb/v7-m/nofp/libc.a(lib_a-findfp.o)
 .debug_aranges
                0x00000000000005e0       0x20 /usr/lib/gcc/arm-none-eabi/10.3.1/../../../arm-none-eabi/lib/thumb/v7-m/nofp/libc.a(lib_a-freer.o)
 .debug_aranges
                0x0000000000000600       0x20 /usr/lib/gcc/arm-none-eabi/10.3.1/../../../arm-none-eabi/lib/thumb/v7-m/nofp/libc.a(lib_a-fwalk.o)
 .debug_aranges
                0x0000000000000620       0x20 /usr/lib/gcc/arm-none-eabi/10.3.1/../../../arm-none-eabi/lib/thumb/v7-m/nofp/libc.a(lib_a-localeconv.o)
 .debug_aranges
                0x0000000000000640       0x20 /usr/lib/gcc/arm-none-eabi/10.3.1/../../../arm-none-eabi/lib/thumb/v7-m/nofp/libc.a(lib_a-makebuf.o)
 .debug_aranges
                0x0000000000000660       0x20 /usr/lib/gcc/arm-none-eabi/10.3.1/../../../arm-none-eabi/lib/thumb/v7-m/nofp/libc.a(lib_a-mallocr.o)
 .debug_aranges
                0x0000000000000680       0x20 /usr/lib/gcc/arm-none-eabi/10.3.1/../../../arm-none-eabi/lib/thumb/v7-m/nofp/libc.a(lib_a-memchr-stub.o)
 .debug_aranges
                0x00000000000006a0       0x20 /usr/lib/gcc/arm-none-eabi/10.3.1/../../../arm-none-eabi/lib/thumb/v7-m/nofp/libc.a(lib_a-memcpy.o)
 .debug_aranges
                0x00000000000006c0       0x20 /usr/lib/gcc/arm-none-eabi/10.3.1/../../../arm-none-eabi/lib/thumb/v7-m/nofp/libc.a(lib_a-memset.o)
 .debug_aranges
                0x00000000000006e0       0x20 /usr/lib/gcc/arm-none-eabi/10.3.1/../../../arm-none-eabi/lib/thumb/v7-m/nofp/libc.a(lib_a-mlock.o)
 .debug_aranges
                0x0000000000000700       0x20 /usr/lib/gcc/arm-none-eabi/10.3.1/../../../arm-none-eabi/lib/thumb/v7-m/nofp/libc.a(lib_a-mprec.o)
 .debug_aranges
                0x0000000000000720       0x20 /usr/lib/gcc/arm-none-eabi/10.3.1/../../../arm-none-eabi/lib/thumb/v7-m/nofp/libc.a(lib_a-sbrkr.o)
 .debug_aranges
                0x0000000000000740       0x20 /usr/lib/gcc/arm-none-eabi/10.3.1/../../../arm-none-eabi/lib/thumb/v7-m/nofp/libc.a(lib_a-stdio.o)
 .debug_aranges
                0x0000000000000760       0x20 /usr/lib/gcc/arm-none-eabi/10.3.1/../../../arm-none-eabi/lib/thumb/v7-m/nofp/libc.a(lib_a-strlen-stub.o)
 .debug_aranges
                0x0000000000000780       0x20 /usr/lib/gcc/arm-none-eabi/10.3.1/../../../arm-none-eabi/lib/thumb/v7-m/nofp/libc.a(lib_a-vfiprintf.o)
 .debug_aranges
                0x00000000000007a0       0x20 /usr/lib/gcc/arm-none-eabi/10.3.1/../../../arm-none-eabi/lib/thumb/v7-m/nofp/libc.a(lib_a-writer.o)
 .debug_aranges
                0x00000000000007c0       0x20 /usr/lib/gcc/arm-none-eabi/10.3.1/../../../arm-none-eabi/lib/thumb/v7-m/nofp/libc.a(lib_a-assert.o)
 .debug_aranges
                0x00000000000007e0       0x20 /usr/lib/gcc/arm-none-eabi/10.3.1/../../../arm-none-eabi/lib/thumb/v7-m/nofp/libc.a(lib_a-callocr.o)
 .debug_aranges
                0x0000000000000800       0x20 /usr/lib/gcc/arm-none-eabi/10.3.1/../../../arm-none-eabi/lib/thumb/v7-m/nofp/libc.a(lib_a-closer.o)
 .debug_aranges
                0x0000000000000820       0x20 /usr/lib/gcc/arm-none-eabi/10.3.1/../../../arm-none-eabi/lib/thumb/v7-m/nofp/libc.a(lib_a-fclose.o)
 .debug_aranges
                0x0000000000000840       0x20 /usr/lib/gcc/arm-none-eabi/10.3.1/../../../arm-none-eabi/lib/thumb/v7-m/nofp/libc.a(lib_a-fiprintf.o)
 .debug_aranges
                0x0000000000000860       0x20 /usr/lib/gcc/arm-none-eabi/10.3.1/../../../arm-none-eabi/lib/thumb/v7-m/nofp/libc.a(lib_a-fputwc.o)
 .debug_aranges
                0x0000000000000880       0x20 /usr/lib/gcc/arm-none-eabi/10.3.1/../../../arm-none-eabi/lib/thumb/v7-m/nofp/libc.a(lib_a-fstatr.o)
 .debug_aranges
                0x00000000000008a0       0x20 /usr/lib/gcc/arm-none-eabi/10.3.1/../../../arm-none-eabi/lib/thumb/v7-m/nofp/libc.a(lib_a-fvwrite.o)
 .debug_aranges
                0x00000000000008c0       0x20 /usr/lib/gcc/arm-none-eabi/10.3.1/../../../arm-none-eabi/lib/thumb/v7-m/nofp/libc.a(lib_a-isattyr.o)
 .debug_aranges
                0x00000000000008e0       0x20 /usr/lib/gcc/arm-none-eabi/10.3.1/../../../arm-none-eabi/lib/thumb/v7-m/nofp/libc.a(lib_a-locale.o)
 .debug_aranges
                0x0000000000000900       0x20 /usr/lib/gcc/arm-none-eabi/10.3.1/../../../arm-none-eabi/lib/thumb/v7-m/nofp/libc.a(lib_a-lseekr.o)
 .debug_aranges
                0x0000000000000920       0x20 /usr/lib/gcc/arm-none-eabi/10.3.1/../../../arm-none-eabi/lib/thumb/v7-m/nofp/libc.a(lib_a-mbtowc_r.o)
 .debug_aranges
                0x0000000000000940       0x20 /usr/lib/gcc/arm-none-eabi/10.3.1/../../../arm-none-eabi/lib/thumb/v7-m/nofp/libc.a(lib_a-memmove.o)
 .debug_aranges
                0x0000000000000960       0x20 /usr/lib/gcc/arm-none-eabi/10.3.1/../../../arm-none-eabi/lib/thumb/v7-m/nofp/libc.a(lib_a-readr.o)
 .debug_aranges
                0x0000000000000980       0x20 /usr/lib/gcc/arm-none-eabi/10.3.1/../../../arm-none-eabi/lib/thumb/v7-m/nofp/libc.a(lib_a-reallocr.o)
 .debug_aranges
                0x00000000000009a0       0x20 /usr/lib/gcc/arm-none-eabi/10.3.1/../../../arm-none-eabi/lib/thumb/v7-m/nofp/libc.a(lib_a-reent.o)
 .debug_aranges
                0x00000000000009c0       0x20 /usr/lib/gcc/arm-none-eabi/10.3.1/../../../arm-none-eabi/lib/thumb/v7-m/nofp/libc.a(lib_a-strcmp.o)
 .debug_aranges
                0x00000000000009e0       0x20 /usr/lib/gcc/arm-none-eabi/10.3.1/../../../arm-none-eabi/lib/thumb/v7-m/nofp/libc.a(lib_a-wbuf.o)
 .debug_aranges
                0x0000000000000a00       0x20 /usr/lib/gcc/arm-none-eabi/10.3.1/../../../arm-none-eabi/lib/thumb/v7-m/nofp/libc.a(lib_a-wcrtomb.o)
 .debug_aranges
                0x0000000000000a20       0x20 /usr/lib/gcc/arm-none-eabi/10.3.1/../../../arm-none-eabi/lib/thumb/v7-m/nofp/libc.a(lib_a-wctomb_r.o)
 .debug_aranges
                0x0000000000000a40       0x20 /usr/lib/gcc/arm-none-eabi/10.3.1/../../../arm-none-eabi/lib/thumb/v7-m/nofp/libc.a(lib_a-abort.o)
 .debug_aranges
                0x0000000000000a60       0x18 /usr/lib/gcc/arm-none-eabi/10.3.1/../../../arm-none-eabi/lib/thumb/v7-m/nofp/libc.a(lib_a-ctype_.o)
 .debug_aranges
                0x0000000000000a78       0x20 /usr/lib/gcc/arm-none-eabi/10.3.1/../../../arm-none-eabi/lib/thumb/v7-m/nofp/libc.a(lib_a-signal.o)
 .debug_aranges
                0x0000000000000a98       0x20 /usr/lib/gcc/arm-none-eabi/10.3.1/../../../arm-none-eabi/lib/thumb/v7-m/nofp/libc.a(lib_a-signalr.o)
 .debug_aranges
                0x0000000000000ab8       0x20 /usr/lib/gcc/arm-none-eabi/10.3.1/thumb/v7-m/nofp/libgcc.a(_arm_addsubdf3.o)
 .debug_aranges
                0x0000000000000ad8       0x20 /usr/lib/gcc/arm-none-eabi/10.3.1/thumb/v7-m/nofp/libgcc.a(_arm_muldivdf3.o)
 .debug_aranges
                0x0000000000000af8       0x20 /usr/lib/gcc/arm-none-eabi/10.3.1/thumb/v7-m/nofp/libgcc.a(_arm_cmpdf2.o)
 .debug_aranges
                0x0000000000000b18       0x20 /usr/lib/gcc/arm-none-eabi/10.3.1/thumb/v7-m/nofp/libgcc.a(_arm_unorddf2.o)
 .debug_aranges
                0x0000000000000b38       0x20 /usr/lib/gcc/arm-none-eabi/10.3.1/thumb/v7-m/nofp/libgcc.a(_arm_fixdfsi.o)
 .debug_aranges
                0x0000000000000b58       0x20 /usr/lib/gcc/arm-none-eabi/10.3.1/thumb/v7-m/nofp/libgcc.a(_aeabi_uldivmod.o)
 .debug_aranges
                0x0000000000000b78       0x20 /usr/lib/gcc/arm-none-eabi/10.3.1/thumb/v7-m/nofp/libgcc.a(_udivmoddi4.o)
 .debug_aranges
                0x0000000000000b98       0x20 /usr/lib/gcc/arm-none-eabi/10.3.1/thumb/v7-m/nofp/libgcc.a(_dvmd_tls.o)
 .debug_aranges
                0x0000000000000bb8       0x20 /usr/lib/gcc/arm-none-eabi/10.3.1/../../../arm-none-eabi/lib/thumb/v7-m/nofp/libnosys.a(close.o)
 .debug_aranges
                0x0000000000000bd8       0x20 /usr/lib/gcc/arm-none-eabi/10.3.1/../../../arm-none-eabi/lib/thumb/v7-m/nofp/libnosys.a(fstat.o)
 .debug_aranges
                0x0000000000000bf8       0x20 /usr/lib/gcc/arm-none-eabi/10.3.1/../../../arm-none-eabi/lib/thumb/v7-m/nofp/libnosys.a(getpid.o)
 .debug_aranges
                0x0000000000000c18       0x20 /usr/lib/gcc/arm-none-eabi/10.3.1/../../../arm-none-eabi/lib/thumb/v7-m/nofp/libnosys.a(isatty.o)
 .debug_aranges
                0x0000000000000c38       0x20 /usr/lib/gcc/arm-none-eabi/10.3.1/../../../arm-none-eabi/lib/thumb/v7-m/nofp/libnosys.a(kill.o)
 .debug_aranges
                0x0000000000000c58       0x20 /usr/lib/gcc/arm-none-eabi/10.3.1/../../../arm-none-eabi/lib/thumb/v7-m/nofp/libnosys.a(lseek.o)
 .debug_aranges
                0x0000000000000c78       0x20 /usr/lib/gcc/arm-none-eabi/10.3.1/../../../arm-none-eabi/lib/thumb/v7-m/nofp/libnosys.a(read.o)
 .debug_aranges
                0x0000000000000c98       0x20 /usr/lib/gcc/arm-none-eabi/10.3.1/../../../arm-none-eabi/lib/thumb/v7-m/nofp/libnosys.a(sbrk.o)
 .debug_aranges
                0x0000000000000cb8       0x20 /usr/lib/gcc/arm-none-eabi/10.3.1/../../../arm-none-eabi/lib/thumb/v7-m/nofp/libnosys.a(_exit.o)

.debug_ranges   0x0000000000000000     0x11e8
 .debug_ranges  0x0000000000000000       0x68 spi_test.o
 .debug_ranges  0x0000000000000068       0x40 /home/alexcato/lab4/libopencm3-examples/libopencm3/lib/libopencm3_stm32f2.a(gpio_common_all.o)
 .debug_ranges  0x00000000000000a8       0x20 /home/alexcato/lab4/libopencm3-examples/libopencm3/lib/libopencm3_stm32f2.a(gpio_common_f0234.o)
 .debug_ranges  0x00000000000000c8       0x50 /home/alexcato/lab4/libopencm3-examples/libopencm3/lib/libopencm3_stm32f2.a(rcc_common_all.o)
 .debug_ranges  0x0000000000000118      0x160 /home/alexcato/lab4/libopencm3-examples/libopencm3/lib/libopencm3_stm32f2.a(spi_common_all.o)
 .debug_ranges  0x0000000000000278       0x20 /home/alexcato/lab4/libopencm3-examples/libopencm3/lib/libopencm3_stm32f2.a(spi_common_v1.o)
 .debug_ranges  0x0000000000000298       0xc8 /home/alexcato/lab4/libopencm3-examples/libopencm3/lib/libopencm3_stm32f2.a(usart_common_all.o)
 .debug_ranges  0x0000000000000360       0x30 /home/alexcato/lab4/libopencm3-examples/libopencm3/lib/libopencm3_stm32f2.a(usart_common_f124.o)
 .debug_ranges  0x0000000000000390       0x20 /home/alexcato/lab4/libopencm3-examples/libopencm3/lib/libopencm3_stm32f2.a(vector.o)
 .debug_ranges  0x00000000000003b0      0x130 /home/alexcato/lab4/libopencm3-examples/libopencm3/lib/libopencm3_stm32f2.a(rcc.o)
 .debug_ranges  0x00000000000004e0      0x180 /usr/lib/gcc/arm-none-eabi/10.3.1/../../../arm-none-eabi/lib/thumb/v7-m/nofp/libc.a(lib_a-vfprintf.o)
 .debug_ranges  0x0000000000000660       0x30 /usr/lib/gcc/arm-none-eabi/10.3.1/../../../arm-none-eabi/lib/thumb/v7-m/nofp/libc.a(lib_a-wsetup.o)
 .debug_ranges  0x0000000000000690       0x40 /usr/lib/gcc/arm-none-eabi/10.3.1/../../../arm-none-eabi/lib/thumb/v7-m/nofp/libc.a(lib_a-dtoa.o)
 .debug_ranges  0x00000000000006d0       0xa8 /usr/lib/gcc/arm-none-eabi/10.3.1/../../../arm-none-eabi/lib/thumb/v7-m/nofp/libc.a(lib_a-fflush.o)
 .debug_ranges  0x0000000000000778      0x130 /usr/lib/gcc/arm-none-eabi/10.3.1/../../../arm-none-eabi/lib/thumb/v7-m/nofp/libc.a(lib_a-findfp.o)
 .debug_ranges  0x00000000000008a8       0xa0 /usr/lib/gcc/arm-none-eabi/10.3.1/../../../arm-none-eabi/lib/thumb/v7-m/nofp/libc.a(lib_a-makebuf.o)
 .debug_ranges  0x0000000000000948       0x50 /usr/lib/gcc/arm-none-eabi/10.3.1/../../../arm-none-eabi/lib/thumb/v7-m/nofp/libc.a(lib_a-mallocr.o)
 .debug_ranges  0x0000000000000998      0x168 /usr/lib/gcc/arm-none-eabi/10.3.1/../../../arm-none-eabi/lib/thumb/v7-m/nofp/libc.a(lib_a-mprec.o)
 .debug_ranges  0x0000000000000b00       0x10 /usr/lib/gcc/arm-none-eabi/10.3.1/../../../arm-none-eabi/lib/thumb/v7-m/nofp/libc.a(lib_a-strlen-stub.o)
 .debug_ranges  0x0000000000000b10      0x1c0 /usr/lib/gcc/arm-none-eabi/10.3.1/../../../arm-none-eabi/lib/thumb/v7-m/nofp/libc.a(lib_a-vfiprintf.o)
 .debug_ranges  0x0000000000000cd0       0x48 /usr/lib/gcc/arm-none-eabi/10.3.1/../../../arm-none-eabi/lib/thumb/v7-m/nofp/libc.a(lib_a-callocr.o)
 .debug_ranges  0x0000000000000d18       0x60 /usr/lib/gcc/arm-none-eabi/10.3.1/../../../arm-none-eabi/lib/thumb/v7-m/nofp/libc.a(lib_a-fclose.o)
 .debug_ranges  0x0000000000000d78       0x50 /usr/lib/gcc/arm-none-eabi/10.3.1/../../../arm-none-eabi/lib/thumb/v7-m/nofp/libc.a(lib_a-fputwc.o)
 .debug_ranges  0x0000000000000dc8       0x30 /usr/lib/gcc/arm-none-eabi/10.3.1/../../../arm-none-eabi/lib/thumb/v7-m/nofp/libc.a(lib_a-fvwrite.o)
 .debug_ranges  0x0000000000000df8       0x28 /usr/lib/gcc/arm-none-eabi/10.3.1/../../../arm-none-eabi/lib/thumb/v7-m/nofp/libc.a(lib_a-locale.o)
 .debug_ranges  0x0000000000000e20      0x1b0 /usr/lib/gcc/arm-none-eabi/10.3.1/../../../arm-none-eabi/lib/thumb/v7-m/nofp/libc.a(lib_a-reallocr.o)
 .debug_ranges  0x0000000000000fd0       0x18 /usr/lib/gcc/arm-none-eabi/10.3.1/../../../arm-none-eabi/lib/thumb/v7-m/nofp/libc.a(lib_a-reent.o)
 .debug_ranges  0x0000000000000fe8       0x28 /usr/lib/gcc/arm-none-eabi/10.3.1/../../../arm-none-eabi/lib/thumb/v7-m/nofp/libc.a(lib_a-wbuf.o)
 .debug_ranges  0x0000000000001010       0x10 /usr/lib/gcc/arm-none-eabi/10.3.1/../../../arm-none-eabi/lib/thumb/v7-m/nofp/libc.a(lib_a-wcrtomb.o)
 .debug_ranges  0x0000000000001020       0xc8 /usr/lib/gcc/arm-none-eabi/10.3.1/../../../arm-none-eabi/lib/thumb/v7-m/nofp/libc.a(lib_a-signal.o)
 .debug_ranges  0x00000000000010e8      0x100 /usr/lib/gcc/arm-none-eabi/10.3.1/thumb/v7-m/nofp/libgcc.a(_udivmoddi4.o)

.debug_macro    0x0000000000000000     0x4327
 .debug_macro   0x0000000000000000      0x249 spi_test.o
 .debug_macro   0x0000000000000249      0xa60 spi_test.o
 .debug_macro   0x0000000000000ca9       0x22 spi_test.o
 .debug_macro   0x0000000000000ccb       0x52 spi_test.o
 .debug_macro   0x0000000000000d1d       0x18 spi_test.o
 .debug_macro   0x0000000000000d35       0x5c spi_test.o
 .debug_macro   0x0000000000000d91       0x35 spi_test.o
 .debug_macro   0x0000000000000dc6       0x34 spi_test.o
 .debug_macro   0x0000000000000dfa       0x16 spi_test.o
 .debug_macro   0x0000000000000e10       0x57 spi_test.o
 .debug_macro   0x0000000000000e67       0x97 spi_test.o
 .debug_macro   0x0000000000000efe      0x356 spi_test.o
 .debug_macro   0x0000000000001254       0xf6 spi_test.o
 .debug_macro   0x000000000000134a       0x10 spi_test.o
 .debug_macro   0x000000000000135a       0x16 spi_test.o
 .debug_macro   0x0000000000001370       0x43 spi_test.o
 .debug_macro   0x00000000000013b3       0x34 spi_test.o
 .debug_macro   0x00000000000013e7       0x10 spi_test.o
 .debug_macro   0x00000000000013f7       0x52 spi_test.o
 .debug_macro   0x0000000000001449      0x182 spi_test.o
 .debug_macro   0x00000000000015cb       0x10 spi_test.o
 .debug_macro   0x00000000000015db       0x6a spi_test.o
 .debug_macro   0x0000000000001645       0xb2 spi_test.o
 .debug_macro   0x00000000000016f7       0x16 spi_test.o
 .debug_macro   0x000000000000170d      0x129 spi_test.o
 .debug_macro   0x0000000000001836       0x10 spi_test.o
 .debug_macro   0x0000000000001846      0x241 spi_test.o
 .debug_macro   0x0000000000001a87       0x1c spi_test.o
 .debug_macro   0x0000000000001aa3      0x34e spi_test.o
 .debug_macro   0x0000000000001df1       0x22 spi_test.o
 .debug_macro   0x0000000000001e13       0xe8 spi_test.o
 .debug_macro   0x0000000000001efb       0x76 spi_test.o
 .debug_macro   0x0000000000001f71      0x1cd spi_test.o
 .debug_macro   0x000000000000213e      0x2eb spi_test.o
 .debug_macro   0x0000000000002429       0x16 spi_test.o
 .debug_macro   0x000000000000243f       0x22 spi_test.o
 .debug_macro   0x0000000000002461       0x94 spi_test.o
 .debug_macro   0x00000000000024f5      0x29e spi_test.o
 .debug_macro   0x0000000000002793       0xa0 spi_test.o
 .debug_macro   0x0000000000002833       0x6e spi_test.o
 .debug_macro   0x00000000000028a1      0x1f0 spi_test.o
 .debug_macro   0x0000000000002a91       0x76 spi_test.o
 .debug_macro   0x0000000000002b07      0x37e spi_test.o
 .debug_macro   0x0000000000002e85       0xca spi_test.o
 .debug_macro   0x0000000000002f4f      0x986 spi_test.o
 .debug_macro   0x00000000000038d5       0x88 /home/alexcato/lab4/libopencm3-examples/libopencm3/lib/libopencm3_stm32f2.a(gpio_common_all.o)
 .debug_macro   0x000000000000395d       0x88 /home/alexcato/lab4/libopencm3-examples/libopencm3/lib/libopencm3_stm32f2.a(gpio_common_f0234.o)
 .debug_macro   0x00000000000039e5       0x85 /home/alexcato/lab4/libopencm3-examples/libopencm3/lib/libopencm3_stm32f2.a(rcc_common_all.o)
 .debug_macro   0x0000000000003a6a       0x94 /home/alexcato/lab4/libopencm3-examples/libopencm3/lib/libopencm3_stm32f2.a(spi_common_all.o)
 .debug_macro   0x0000000000003afe       0x94 /home/alexcato/lab4/libopencm3-examples/libopencm3/lib/libopencm3_stm32f2.a(spi_common_v1.o)
 .debug_macro   0x0000000000003b92       0xa0 /home/alexcato/lab4/libopencm3-examples/libopencm3/lib/libopencm3_stm32f2.a(usart_common_all.o)
 .debug_macro   0x0000000000003c32       0xa0 /home/alexcato/lab4/libopencm3-examples/libopencm3/lib/libopencm3_stm32f2.a(usart_common_f124.o)
 .debug_macro   0x0000000000003cd2       0x86 /home/alexcato/lab4/libopencm3-examples/libopencm3/lib/libopencm3_stm32f2.a(vector.o)
 .debug_macro   0x0000000000003d58      0x395 /home/alexcato/lab4/libopencm3-examples/libopencm3/lib/libopencm3_stm32f2.a(vector.o)
 .debug_macro   0x00000000000040ed       0xb5 /home/alexcato/lab4/libopencm3-examples/libopencm3/lib/libopencm3_stm32f2.a(rcc.o)
 .debug_macro   0x00000000000041a2       0x16 /home/alexcato/lab4/libopencm3-examples/libopencm3/lib/libopencm3_stm32f2.a(rcc.o)
 .debug_macro   0x00000000000041b8       0x1c /home/alexcato/lab4/libopencm3-examples/libopencm3/lib/libopencm3_stm32f2.a(rcc.o)
 .debug_macro   0x00000000000041d4      0x143 /home/alexcato/lab4/libopencm3-examples/libopencm3/lib/libopencm3_stm32f2.a(rcc.o)
 .debug_macro   0x0000000000004317       0x10 /home/alexcato/lab4/libopencm3-examples/libopencm3/lib/libopencm3_stm32f2.a(rcc.o)

.debug_line     0x0000000000000000    0x1004b
 .debug_line    0x0000000000000000      0x600 spi_test.o
 .debug_line    0x0000000000000600      0x2a6 /home/alexcato/lab4/libopencm3-examples/libopencm3/lib/libopencm3_stm32f2.a(gpio_common_all.o)
 .debug_line    0x00000000000008a6      0x38d /home/alexcato/lab4/libopencm3-examples/libopencm3/lib/libopencm3_stm32f2.a(gpio_common_f0234.o)
 .debug_line    0x0000000000000c33      0x2da /home/alexcato/lab4/libopencm3-examples/libopencm3/lib/libopencm3_stm32f2.a(rcc_common_all.o)
 .debug_line    0x0000000000000f0d      0x7ac /home/alexcato/lab4/libopencm3-examples/libopencm3/lib/libopencm3_stm32f2.a(spi_common_all.o)
 .debug_line    0x00000000000016b9      0x247 /home/alexcato/lab4/libopencm3-examples/libopencm3/lib/libopencm3_stm32f2.a(spi_common_v1.o)
 .debug_line    0x0000000000001900      0x507 /home/alexcato/lab4/libopencm3-examples/libopencm3/lib/libopencm3_stm32f2.a(usart_common_all.o)
 .debug_line    0x0000000000001e07      0x286 /home/alexcato/lab4/libopencm3-examples/libopencm3/lib/libopencm3_stm32f2.a(usart_common_f124.o)
 .debug_line    0x000000000000208d      0x306 /home/alexcato/lab4/libopencm3-examples/libopencm3/lib/libopencm3_stm32f2.a(vector.o)
 .debug_line    0x0000000000002393      0x7da /home/alexcato/lab4/libopencm3-examples/libopencm3/lib/libopencm3_stm32f2.a(rcc.o)
 .debug_line    0x0000000000002b6d      0x109 /usr/lib/gcc/arm-none-eabi/10.3.1/../../../arm-none-eabi/lib/thumb/v7-m/nofp/libc.a(lib_a-errno.o)
 .debug_line    0x0000000000002c76       0xe4 /usr/lib/gcc/arm-none-eabi/10.3.1/../../../arm-none-eabi/lib/thumb/v7-m/nofp/libc.a(lib_a-impure.o)
 .debug_line    0x0000000000002d5a      0x1b4 /usr/lib/gcc/arm-none-eabi/10.3.1/../../../arm-none-eabi/lib/thumb/v7-m/nofp/libc.a(lib_a-printf.o)
 .debug_line    0x0000000000002f0e     0x18f1 /usr/lib/gcc/arm-none-eabi/10.3.1/../../../arm-none-eabi/lib/thumb/v7-m/nofp/libc.a(lib_a-vfprintf.o)
 .debug_line    0x00000000000047ff      0x314 /usr/lib/gcc/arm-none-eabi/10.3.1/../../../arm-none-eabi/lib/thumb/v7-m/nofp/libc.a(lib_a-wsetup.o)
 .debug_line    0x0000000000004b13     0x14e2 /usr/lib/gcc/arm-none-eabi/10.3.1/../../../arm-none-eabi/lib/thumb/v7-m/nofp/libc.a(lib_a-dtoa.o)
 .debug_line    0x0000000000005ff5      0x492 /usr/lib/gcc/arm-none-eabi/10.3.1/../../../arm-none-eabi/lib/thumb/v7-m/nofp/libc.a(lib_a-fflush.o)
 .debug_line    0x0000000000006487      0x568 /usr/lib/gcc/arm-none-eabi/10.3.1/../../../arm-none-eabi/lib/thumb/v7-m/nofp/libc.a(lib_a-findfp.o)
 .debug_line    0x00000000000069ef      0x527 /usr/lib/gcc/arm-none-eabi/10.3.1/../../../arm-none-eabi/lib/thumb/v7-m/nofp/libc.a(lib_a-freer.o)
 .debug_line    0x0000000000006f16      0x27a /usr/lib/gcc/arm-none-eabi/10.3.1/../../../arm-none-eabi/lib/thumb/v7-m/nofp/libc.a(lib_a-fwalk.o)
 .debug_line    0x0000000000007190      0x1bf /usr/lib/gcc/arm-none-eabi/10.3.1/../../../arm-none-eabi/lib/thumb/v7-m/nofp/libc.a(lib_a-localeconv.o)
 .debug_line    0x000000000000734f      0x3d3 /usr/lib/gcc/arm-none-eabi/10.3.1/../../../arm-none-eabi/lib/thumb/v7-m/nofp/libc.a(lib_a-makebuf.o)
 .debug_line    0x0000000000007722      0x8c6 /usr/lib/gcc/arm-none-eabi/10.3.1/../../../arm-none-eabi/lib/thumb/v7-m/nofp/libc.a(lib_a-mallocr.o)
 .debug_line    0x0000000000007fe8      0x1d0 /usr/lib/gcc/arm-none-eabi/10.3.1/../../../arm-none-eabi/lib/thumb/v7-m/nofp/libc.a(lib_a-memchr-stub.o)
 .debug_line    0x00000000000081b8       0xc1 /usr/lib/gcc/arm-none-eabi/10.3.1/../../../arm-none-eabi/lib/thumb/v7-m/nofp/libc.a(lib_a-memcpy.o)
 .debug_line    0x0000000000008279      0x1bf /usr/lib/gcc/arm-none-eabi/10.3.1/../../../arm-none-eabi/lib/thumb/v7-m/nofp/libc.a(lib_a-memset.o)
 .debug_line    0x0000000000008438      0x13e /usr/lib/gcc/arm-none-eabi/10.3.1/../../../arm-none-eabi/lib/thumb/v7-m/nofp/libc.a(lib_a-mlock.o)
 .debug_line    0x0000000000008576     0x1669 /usr/lib/gcc/arm-none-eabi/10.3.1/../../../arm-none-eabi/lib/thumb/v7-m/nofp/libc.a(lib_a-mprec.o)
 .debug_line    0x0000000000009bdf      0x186 /usr/lib/gcc/arm-none-eabi/10.3.1/../../../arm-none-eabi/lib/thumb/v7-m/nofp/libc.a(lib_a-sbrkr.o)
 .debug_line    0x0000000000009d65      0x231 /usr/lib/gcc/arm-none-eabi/10.3.1/../../../arm-none-eabi/lib/thumb/v7-m/nofp/libc.a(lib_a-stdio.o)
 .debug_line    0x0000000000009f96       0xf4 /usr/lib/gcc/arm-none-eabi/10.3.1/../../../arm-none-eabi/lib/thumb/v7-m/nofp/libc.a(lib_a-strlen-stub.o)
 .debug_line    0x000000000000a08a     0x12b5 /usr/lib/gcc/arm-none-eabi/10.3.1/../../../arm-none-eabi/lib/thumb/v7-m/nofp/libc.a(lib_a-vfiprintf.o)
 .debug_line    0x000000000000b33f      0x18d /usr/lib/gcc/arm-none-eabi/10.3.1/../../../arm-none-eabi/lib/thumb/v7-m/nofp/libc.a(lib_a-writer.o)
 .debug_line    0x000000000000b4cc      0x197 /usr/lib/gcc/arm-none-eabi/10.3.1/../../../arm-none-eabi/lib/thumb/v7-m/nofp/libc.a(lib_a-assert.o)
 .debug_line    0x000000000000b663      0x1ac /usr/lib/gcc/arm-none-eabi/10.3.1/../../../arm-none-eabi/lib/thumb/v7-m/nofp/libc.a(lib_a-callocr.o)
 .debug_line    0x000000000000b80f      0x186 /usr/lib/gcc/arm-none-eabi/10.3.1/../../../arm-none-eabi/lib/thumb/v7-m/nofp/libc.a(lib_a-closer.o)
 .debug_line    0x000000000000b995      0x2a7 /usr/lib/gcc/arm-none-eabi/10.3.1/../../../arm-none-eabi/lib/thumb/v7-m/nofp/libc.a(lib_a-fclose.o)
 .debug_line    0x000000000000bc3c      0x19f /usr/lib/gcc/arm-none-eabi/10.3.1/../../../arm-none-eabi/lib/thumb/v7-m/nofp/libc.a(lib_a-fiprintf.o)
 .debug_line    0x000000000000bddb      0x31f /usr/lib/gcc/arm-none-eabi/10.3.1/../../../arm-none-eabi/lib/thumb/v7-m/nofp/libc.a(lib_a-fputwc.o)
 .debug_line    0x000000000000c0fa      0x1fc /usr/lib/gcc/arm-none-eabi/10.3.1/../../../arm-none-eabi/lib/thumb/v7-m/nofp/libc.a(lib_a-fstatr.o)
 .debug_line    0x000000000000c2f6      0x5df /usr/lib/gcc/arm-none-eabi/10.3.1/../../../arm-none-eabi/lib/thumb/v7-m/nofp/libc.a(lib_a-fvwrite.o)
 .debug_line    0x000000000000c8d5      0x187 /usr/lib/gcc/arm-none-eabi/10.3.1/../../../arm-none-eabi/lib/thumb/v7-m/nofp/libc.a(lib_a-isattyr.o)
 .debug_line    0x000000000000ca5c      0x267 /usr/lib/gcc/arm-none-eabi/10.3.1/../../../arm-none-eabi/lib/thumb/v7-m/nofp/libc.a(lib_a-locale.o)