Archive member included to satisfy reference by file (symbol)

../../../../../libopencm3//lib/libopencm3_stm32f4.a(fmc_common_f47.o)
                              sdram.o (sdram_timing)
../../../../../libopencm3//lib/libopencm3_stm32f4.a(gpio_common_all.o)
                              lcd-spi.o (gpio_set)
../../../../../libopencm3//lib/libopencm3_stm32f4.a(gpio_common_f0234.o)
                              sdram.o (gpio_mode_setup)
../../../../../libopencm3//lib/libopencm3_stm32f4.a(rcc_common_all.o)
                              sdram.o (rcc_periph_clock_enable)
../../../../../libopencm3//lib/libopencm3_stm32f4.a(rcc.o)
                              clock.o (rcc_clock_setup_pll)
../../../../../libopencm3//lib/libopencm3_stm32f4.a(spi_common_all.o)
                              lcd-spi.o (spi_enable)
../../../../../libopencm3//lib/libopencm3_stm32f4.a(spi_common_v1.o)
                              lcd-spi.o (spi_init_master)
../../../../../libopencm3//lib/libopencm3_stm32f4.a(usart_common_all.o)
                              console.o (usart_set_baudrate)
../../../../../libopencm3//lib/libopencm3_stm32f4.a(usart_common_f124.o)
                              ../../../../../libopencm3//lib/libopencm3_stm32f4.a(usart_common_all.o) (usart_send)
../../../../../libopencm3//lib/libopencm3_stm32f4.a(vector.o)
                              (reset_handler)
../../../../../libopencm3//lib/libopencm3_stm32f4.a(systick.o)
                              clock.o (systick_set_reload)
../../../../../libopencm3//lib/libopencm3_stm32f4.a(scb.o)
                              console.o (scb_reset_system)
../../../../../libopencm3//lib/libopencm3_stm32f4.a(nvic.o)
                              console.o (nvic_enable_irq)
../../../../../libopencm3//lib/libopencm3_stm32f4.a(flash_common_all.o)
                              ../../../../../libopencm3//lib/libopencm3_stm32f4.a(rcc.o) (flash_set_ws)
../../../../../libopencm3//lib/libopencm3_stm32f4.a(flash_common_idcache.o)
                              ../../../../../libopencm3//lib/libopencm3_stm32f4.a(rcc.o) (flash_dcache_enable)
../../../../../libopencm3//lib/libopencm3_stm32f4.a(pwr.o)
                              ../../../../../libopencm3//lib/libopencm3_stm32f4.a(rcc.o) (pwr_set_vos_scale)
/usr/lib/gcc/arm-none-eabi/10.3.1/../../../arm-none-eabi/lib/thumb/v7e-m+fp/hard/libc.a(lib_a-sprintf.o)
                              lcd-serial.o (sprintf)
/usr/lib/gcc/arm-none-eabi/10.3.1/../../../arm-none-eabi/lib/thumb/v7e-m+fp/hard/libc.a(lib_a-svfprintf.o)
                              /usr/lib/gcc/arm-none-eabi/10.3.1/../../../arm-none-eabi/lib/thumb/v7e-m+fp/hard/libc.a(lib_a-sprintf.o) (_svfprintf_r)
/usr/lib/gcc/arm-none-eabi/10.3.1/../../../arm-none-eabi/lib/thumb/v7e-m+fp/hard/libc.a(lib_a-dtoa.o)
                              /usr/lib/gcc/arm-none-eabi/10.3.1/../../../arm-none-eabi/lib/thumb/v7e-m+fp/hard/libc.a(lib_a-svfprintf.o) (_dtoa_r)
/usr/lib/gcc/arm-none-eabi/10.3.1/../../../arm-none-eabi/lib/thumb/v7e-m+fp/hard/libc.a(lib_a-impure.o)
                              /usr/lib/gcc/arm-none-eabi/10.3.1/../../../arm-none-eabi/lib/thumb/v7e-m+fp/hard/libc.a(lib_a-sprintf.o) (_impure_ptr)
/usr/lib/gcc/arm-none-eabi/10.3.1/../../../arm-none-eabi/lib/thumb/v7e-m+fp/hard/libc.a(lib_a-localeconv.o)
                              /usr/lib/gcc/arm-none-eabi/10.3.1/../../../arm-none-eabi/lib/thumb/v7e-m+fp/hard/libc.a(lib_a-svfprintf.o) (_localeconv_r)
/usr/lib/gcc/arm-none-eabi/10.3.1/../../../arm-none-eabi/lib/thumb/v7e-m+fp/hard/libc.a(lib_a-mallocr.o)
                              /usr/lib/gcc/arm-none-eabi/10.3.1/../../../arm-none-eabi/lib/thumb/v7e-m+fp/hard/libc.a(lib_a-svfprintf.o) (_malloc_r)
/usr/lib/gcc/arm-none-eabi/10.3.1/../../../arm-none-eabi/lib/thumb/v7e-m+fp/hard/libc.a(lib_a-memchr.o)
                              /usr/lib/gcc/arm-none-eabi/10.3.1/../../../arm-none-eabi/lib/thumb/v7e-m+fp/hard/libc.a(lib_a-svfprintf.o) (memchr)
/usr/lib/gcc/arm-none-eabi/10.3.1/../../../arm-none-eabi/lib/thumb/v7e-m+fp/hard/libc.a(lib_a-memcpy.o)
                              /usr/lib/gcc/arm-none-eabi/10.3.1/../../../arm-none-eabi/lib/thumb/v7e-m+fp/hard/libc.a(lib_a-dtoa.o) (memcpy)
/usr/lib/gcc/arm-none-eabi/10.3.1/../../../arm-none-eabi/lib/thumb/v7e-m+fp/hard/libc.a(lib_a-mlock.o)
                              /usr/lib/gcc/arm-none-eabi/10.3.1/../../../arm-none-eabi/lib/thumb/v7e-m+fp/hard/libc.a(lib_a-mallocr.o) (__malloc_lock)
/usr/lib/gcc/arm-none-eabi/10.3.1/../../../arm-none-eabi/lib/thumb/v7e-m+fp/hard/libc.a(lib_a-mprec.o)
                              /usr/lib/gcc/arm-none-eabi/10.3.1/../../../arm-none-eabi/lib/thumb/v7e-m+fp/hard/libc.a(lib_a-dtoa.o) (_Balloc)
/usr/lib/gcc/arm-none-eabi/10.3.1/../../../arm-none-eabi/lib/thumb/v7e-m+fp/hard/libc.a(lib_a-sbrkr.o)
                              /usr/lib/gcc/arm-none-eabi/10.3.1/../../../arm-none-eabi/lib/thumb/v7e-m+fp/hard/libc.a(lib_a-mallocr.o) (_sbrk_r)
[...]
Memory Configuration

Name             Origin             Length             Attributes
rom              0x0000000008000000 0x0000000000200000 xr
ccm              0x0000000010000000 0x0000000000010000 xrw
ram              0x0000000020000000 0x0000000000030000 xrw
*default*        0x0000000000000000 0xffffffffffffffff

Linker script and memory map

LOAD sdram.o
LOAD clock.o
LOAD console.o
LOAD lcd-spi.o
LOAD gfx.o
LOAD lcd-serial.o
LOAD /usr/lib/gcc/arm-none-eabi/10.3.1/../../../arm-none-eabi/lib/thumb/v7e-m+fp/hard/libm.a
LOAD ../../../../../libopencm3//lib/libopencm3_stm32f4.a
START GROUP
LOAD /usr/lib/gcc/arm-none-eabi/10.3.1/../../../arm-none-eabi/lib/thumb/v7e-m+fp/hard/libc.a
LOAD /usr/lib/gcc/arm-none-eabi/10.3.1/thumb/v7e-m+fp/hard/libgcc.a
LOAD /usr/lib/gcc/arm-none-eabi/10.3.1/../../../arm-none-eabi/lib/thumb/v7e-m+fp/hard/libnosys.a
END GROUP
START GROUP
LOAD /usr/lib/gcc/arm-none-eabi/10.3.1/thumb/v7e-m+fp/hard/libgcc.a
LOAD /usr/lib/gcc/arm-none-eabi/10.3.1/../../../arm-none-eabi/lib/thumb/v7e-m+fp/hard/libg.a
LOAD /usr/lib/gcc/arm-none-eabi/10.3.1/../../../arm-none-eabi/lib/thumb/v7e-m+fp/hard/libc.a
END GROUP

.text           0x0000000008000000     0x9e9c
 *(.vectors)
 .vectors       0x0000000008000000      0x1ac ../../../../../libopencm3//lib/libopencm3_stm32f4.a(vector.o)
                0x0000000008000000                vector_table
 *(.text*)
 .text.sdram_init
                0x00000000080001ac       0xf0 sdram.o
                0x00000000080001ac                sdram_init
 .text.sys_tick_handler
                0x000000000800029c       0x10 clock.o
                0x000000000800029c                sys_tick_handler
 .text.msleep   0x00000000080002ac       0x14 clock.o
                0x00000000080002ac                msleep
 .text.clock_setup
                0x00000000080002c0       0x28 clock.o
                0x00000000080002c0                clock_setup
 .text.usart1_isr
                0x00000000080002e8       0x50 console.o
                0x00000000080002e8                usart1_isr
 .text.console_putc
                0x0000000008000338       0x10 console.o
                0x0000000008000338                console_putc
 .text.console_puts
                0x0000000008000348       0x1e console.o
                0x0000000008000348                console_puts
 *fill*         0x0000000008000366        0x2 
 .text.console_setup
                0x0000000008000368       0x80 console.o
                0x0000000008000368                console_setup
 .text.lcd_command
                0x00000000080003e8       0x64 lcd-spi.o
 .text.print_hex.isra.0
                0x000000000800044c       0x44 lcd-spi.o
 .text.lcd_draw_pixel
                0x0000000008000490       0x14 lcd-spi.o
                0x0000000008000490                lcd_draw_pixel
 .text.lcd_show_frame
                0x00000000080004a4       0x68 lcd-spi.o
                0x00000000080004a4                lcd_show_frame
 .text.lcd_spi_init
                0x000000000800050c      0x1b0 lcd-spi.o
                0x000000000800050c                lcd_spi_init
 .text.gfx_drawPixel
                0x00000000080006bc       0x2c gfx.o
                0x00000000080006bc                gfx_drawPixel
 .text.gfx_init
                0x00000000080006e8       0x20 gfx.o
                0x00000000080006e8                gfx_init
 .text.gfx_drawCircleHelper
                0x0000000008000708       0xd8 gfx.o
                0x0000000008000708                gfx_drawCircleHelper
 .text.gfx_drawLine
                0x00000000080007e0       0xb4 gfx.o
                0x00000000080007e0                gfx_drawLine
 .text.gfx_drawFastVLine
                0x0000000008000894       0x16 gfx.o
                0x0000000008000894                gfx_drawFastVLine
 .text.gfx_fillCircleHelper
                0x00000000080008aa       0xfc gfx.o
                0x00000000080008aa                gfx_fillCircleHelper
 .text.gfx_fillCircle
                0x00000000080009a6       0x30 gfx.o
                0x00000000080009a6                gfx_fillCircle
 .text.gfx_drawFastHLine
                0x00000000080009d6       0x16 gfx.o
                0x00000000080009d6                gfx_drawFastHLine
 .text.gfx_fillRect
                0x00000000080009ec       0x2a gfx.o
                0x00000000080009ec                gfx_fillRect
 *fill*         0x0000000008000a16        0x2 
 .text.gfx_fillScreen
                0x0000000008000a18       0x20 gfx.o
                0x0000000008000a18                gfx_fillScreen
 .text.gfx_drawRoundRect
                0x0000000008000a38       0xd6 gfx.o
                0x0000000008000a38                gfx_drawRoundRect
 .text.gfx_fillRoundRect
                0x0000000008000b0e       0x78 gfx.o
                0x0000000008000b0e                gfx_fillRoundRect
 *fill*         0x0000000008000b86        0x2 
 .text.gfx_drawChar
                0x0000000008000b88       0xe4 gfx.o
                0x0000000008000b88                gfx_drawChar
 .text.gfx_write
                0x0000000008000c6c       0x70 gfx.o
                0x0000000008000c6c                gfx_write
 .text.gfx_puts
                0x0000000008000cdc       0x12 gfx.o
                0x0000000008000cdc                gfx_puts
 *fill*         0x0000000008000cee        0x2 
 .text.gfx_setCursor
                0x0000000008000cf0        0xc gfx.o
                0x0000000008000cf0                gfx_setCursor
 .text.gfx_setTextSize
                0x0000000008000cfc       0x10 gfx.o
                0x0000000008000cfc                gfx_setTextSize
 .text.gfx_setTextColor
                0x0000000008000d0c        0xc gfx.o
                0x0000000008000d0c                gfx_setTextColor
 .text.startup.main
                0x0000000008000d18      0x3bc lcd-serial.o
                0x0000000008000d18                main
 .text.sdram_timing
                0x00000000080010d4       0x4e ../../../../../libopencm3//lib/libopencm3_stm32f4.a(fmc_common_f47.o)
                0x00000000080010d4                sdram_timing
 *fill*         0x0000000008001122        0x2 
 .text.sdram_command
                0x0000000008001124       0x60 ../../../../../libopencm3//lib/libopencm3_stm32f4.a(fmc_common_f47.o)
                0x0000000008001124                sdram_command
 .text.gpio_set
                0x0000000008001184        0x4 ../../../../../libopencm3//lib/libopencm3_stm32f4.a(gpio_common_all.o)
                0x0000000008001184                gpio_set
 .text.gpio_clear
                0x0000000008001188        0x6 ../../../../../libopencm3//lib/libopencm3_stm32f4.a(gpio_common_all.o)
                0x0000000008001188                gpio_clear
 .text.gpio_mode_setup
                0x000000000800118e       0x40 ../../../../../libopencm3//lib/libopencm3_stm32f4.a(gpio_common_f0234.o)
                0x000000000800118e                gpio_mode_setup
 .text.gpio_set_output_options
                0x00000000080011ce       0x36 ../../../../../libopencm3//lib/libopencm3_stm32f4.a(gpio_common_f0234.o)
                0x00000000080011ce                gpio_set_output_options
 .text.gpio_set_af
                0x0000000008001204       0x58 ../../../../../libopencm3//lib/libopencm3_stm32f4.a(gpio_common_f0234.o)
                0x0000000008001204                gpio_set_af
 .text.rcc_periph_clock_enable
                0x000000000800125c       0x1c ../../../../../libopencm3//lib/libopencm3_stm32f4.a(rcc_common_all.o)
                0x000000000800125c                rcc_periph_clock_enable
 .text.rcc_is_osc_ready
                0x0000000008001278       0x64 ../../../../../libopencm3//lib/libopencm3_stm32f4.a(rcc.o)
                0x0000000008001278                rcc_is_osc_ready
 .text.rcc_wait_for_osc_ready
                0x00000000080012dc       0x10 ../../../../../libopencm3//lib/libopencm3_stm32f4.a(rcc.o)
                0x00000000080012dc                rcc_wait_for_osc_ready
 .text.rcc_osc_on
                0x00000000080012ec       0x74 ../../../../../libopencm3//lib/libopencm3_stm32f4.a(rcc.o)
                0x00000000080012ec                rcc_osc_on
 .text.rcc_osc_off
                0x0000000008001360       0x74 ../../../../../libopencm3//lib/libopencm3_stm32f4.a(rcc.o)
                0x0000000008001360                rcc_osc_off
 .text.rcc_set_sysclk_source
                0x00000000080013d4       0x18 ../../../../../libopencm3//lib/libopencm3_stm32f4.a(rcc.o)
                0x00000000080013d4                rcc_set_sysclk_source
 .text.rcc_set_ppre2
                0x00000000080013ec       0x18 ../../../../../libopencm3//lib/libopencm3_stm32f4.a(rcc.o)
                0x00000000080013ec                rcc_set_ppre2
 .text.rcc_set_ppre1
                0x0000000008001404       0x18 ../../../../../libopencm3//lib/libopencm3_stm32f4.a(rcc.o)
                0x0000000008001404                rcc_set_ppre1
 .text.rcc_set_hpre
                0x000000000800141c       0x18 ../../../../../libopencm3//lib/libopencm3_stm32f4.a(rcc.o)
                0x000000000800141c                rcc_set_hpre
 .text.rcc_set_main_pll_hsi
                0x0000000008001434       0x44 ../../../../../libopencm3//lib/libopencm3_stm32f4.a(rcc.o)
                0x0000000008001434                rcc_set_main_pll_hsi
 .text.rcc_set_main_pll_hse
                0x0000000008001478       0x44 ../../../../../libopencm3//lib/libopencm3_stm32f4.a(rcc.o)
                0x0000000008001478                rcc_set_main_pll_hse
 .text.rcc_clock_setup_pll
                0x00000000080014bc       0xe4 ../../../../../libopencm3//lib/libopencm3_stm32f4.a(rcc.o)
                0x00000000080014bc                rcc_clock_setup_pll
 .text.spi_enable
                0x00000000080015a0        0xa ../../../../../libopencm3//lib/libopencm3_stm32f4.a(spi_common_all.o)
                0x00000000080015a0                spi_enable
 .text.spi_send
                0x00000000080015aa        0xa ../../../../../libopencm3//lib/libopencm3_stm32f4.a(spi_common_all.o)
                0x00000000080015aa                spi_send
 .text.spi_read
                0x00000000080015b4        0xc ../../../../../libopencm3//lib/libopencm3_stm32f4.a(spi_common_all.o)
                0x00000000080015b4                spi_read
 .text.spi_xfer
                0x00000000080015c0        0xe ../../../../../libopencm3//lib/libopencm3_stm32f4.a(spi_common_all.o)
                0x00000000080015c0                spi_xfer
 .text.spi_set_unidirectional_mode
                0x00000000080015ce        0xa ../../../../../libopencm3//lib/libopencm3_stm32f4.a(spi_common_all.o)
                0x00000000080015ce                spi_set_unidirectional_mode
 .text.spi_set_full_duplex_mode
                0x00000000080015d8        0xa ../../../../../libopencm3//lib/libopencm3_stm32f4.a(spi_common_all.o)
                0x00000000080015d8                spi_set_full_duplex_mode
 .text.spi_enable_software_slave_management
                0x00000000080015e2       0x12 ../../../../../libopencm3//lib/libopencm3_stm32f4.a(spi_common_all.o)
                0x00000000080015e2                spi_enable_software_slave_management
 .text.spi_set_nss_high
                0x00000000080015f4        0xa ../../../../../libopencm3//lib/libopencm3_stm32f4.a(spi_common_all.o)
                0x00000000080015f4                spi_set_nss_high
 .text.spi_send_msb_first
                0x00000000080015fe        0xa ../../../../../libopencm3//lib/libopencm3_stm32f4.a(spi_common_all.o)
                0x00000000080015fe                spi_send_msb_first
 .text.spi_set_baudrate_prescaler
                0x0000000008001608       0x16 ../../../../../libopencm3//lib/libopencm3_stm32f4.a(spi_common_all.o)
                0x0000000008001608                spi_set_baudrate_prescaler
 .text.spi_set_master_mode
                0x000000000800161e        0xa ../../../../../libopencm3//lib/libopencm3_stm32f4.a(spi_common_all.o)
                0x000000000800161e                spi_set_master_mode
 .text.spi_set_clock_polarity_0
                0x0000000008001628        0xa ../../../../../libopencm3//lib/libopencm3_stm32f4.a(spi_common_all.o)
                0x0000000008001628                spi_set_clock_polarity_0
 .text.spi_set_clock_phase_0
                0x0000000008001632        0xa ../../../../../libopencm3//lib/libopencm3_stm32f4.a(spi_common_all.o)
                0x0000000008001632                spi_set_clock_phase_0
 .text.spi_enable_ss_output
                0x000000000800163c        0xa ../../../../../libopencm3//lib/libopencm3_stm32f4.a(spi_common_all.o)
                0x000000000800163c                spi_enable_ss_output
 .text.spi_init_master
                0x0000000008001646       0x28 ../../../../../libopencm3//lib/libopencm3_stm32f4.a(spi_common_v1.o)
                0x0000000008001646                spi_init_master
 .text.spi_set_dff_8bit
                0x000000000800166e        0xa ../../../../../libopencm3//lib/libopencm3_stm32f4.a(spi_common_v1.o)
                0x000000000800166e                spi_set_dff_8bit
 .text.usart_set_baudrate
                0x0000000008001678       0x2c ../../../../../libopencm3//lib/libopencm3_stm32f4.a(usart_common_all.o)
                0x0000000008001678                usart_set_baudrate
 .text.usart_set_databits
                0x00000000080016a4       0x12 ../../../../../libopencm3//lib/libopencm3_stm32f4.a(usart_common_all.o)
                0x00000000080016a4                usart_set_databits
 .text.usart_set_stopbits
                0x00000000080016b6        0xc ../../../../../libopencm3//lib/libopencm3_stm32f4.a(usart_common_all.o)
                0x00000000080016b6                usart_set_stopbits
 .text.usart_set_parity
                0x00000000080016c2        0xc ../../../../../libopencm3//lib/libopencm3_stm32f4.a(usart_common_all.o)
                0x00000000080016c2                usart_set_parity
 .text.usart_set_mode
                0x00000000080016ce        0xc ../../../../../libopencm3//lib/libopencm3_stm32f4.a(usart_common_all.o)
                0x00000000080016ce                usart_set_mode
 .text.usart_set_flow_control
                0x00000000080016da        0xc ../../../../../libopencm3//lib/libopencm3_stm32f4.a(usart_common_all.o)
                0x00000000080016da                usart_set_flow_control
 .text.usart_enable
                0x00000000080016e6        0xa ../../../../../libopencm3//lib/libopencm3_stm32f4.a(usart_common_all.o)
                0x00000000080016e6                usart_enable
 .text.usart_enable_rx_interrupt
                0x00000000080016f0        0xa ../../../../../libopencm3//lib/libopencm3_stm32f4.a(usart_common_all.o)
                0x00000000080016f0                usart_enable_rx_interrupt
 .text.blocking_handler
                0x00000000080016fa        0x2 ../../../../../libopencm3//lib/libopencm3_stm32f4.a(vector.o)
                0x00000000080016fa                dma2_stream1_isr
                0x00000000080016fa                tim8_brk_tim12_isr
                0x00000000080016fa                dma1_stream7_isr
                0x00000000080016fa                usart3_isr
                0x00000000080016fa                tim7_isr
                0x00000000080016fa                dma2d_isr
                0x00000000080016fa                uart8_isr
                0x00000000080016fa                dma1_stream2_isr
                0x00000000080016fa                otg_hs_isr
                0x00000000080016fa                blocking_handler
                0x00000000080016fa                tim5_isr
                0x00000000080016fa                rtc_wkup_isr
                0x00000000080016fa                otg_fs_isr
                0x00000000080016fa                spi1_isr
                0x00000000080016fa                i2c3_er_isr
                0x00000000080016fa                exti2_isr
                0x00000000080016fa                spi5_isr
                0x00000000080016fa                usb_fs_wkup_isr
                0x00000000080016fa                tamp_stamp_isr
                0x00000000080016fa                can1_rx1_isr
                0x00000000080016fa                dma2_stream0_isr
                0x00000000080016fa                i2c3_ev_isr
                0x00000000080016fa                usage_fault_handler
                0x00000000080016fa                can2_rx0_isr
                0x00000000080016fa                dma1_stream6_isr
                0x00000000080016fa                can2_rx1_isr
                0x00000000080016fa                can1_sce_isr
                0x00000000080016fa                tim1_cc_isr
                0x00000000080016fa                can1_tx_isr
                0x00000000080016fa                tim1_up_tim10_isr
                0x00000000080016fa                sdio_isr
                0x00000000080016fa                eth_isr
                0x00000000080016fa                spi6_isr
                0x00000000080016fa                dma2_stream5_isr
                0x00000000080016fa                pvd_isr
                0x00000000080016fa                can1_rx0_isr
                0x00000000080016fa                rcc_isr
                0x00000000080016fa                dma2_stream3_isr
                0x00000000080016fa                flash_isr
                0x00000000080016fa                uart4_isr
                0x00000000080016fa                lcd_tft_isr
                0x00000000080016fa                rtc_alarm_isr
                0x00000000080016fa                exti15_10_isr
                0x00000000080016fa                hash_rng_isr
                0x00000000080016fa                tim1_trg_com_tim11_isr
                0x00000000080016fa                hard_fault_handler
                0x00000000080016fa                exti1_isr
                0x00000000080016fa                i2c1_ev_isr
                0x00000000080016fa                usart6_isr
                0x00000000080016fa                spi2_isr
                0x00000000080016fa                cryp_isr
                0x00000000080016fa                nvic_wwdg_isr
                0x00000000080016fa                dma1_stream1_isr
                0x00000000080016fa                dma2_stream4_isr
                0x00000000080016fa                exti3_isr
                0x00000000080016fa                tim3_isr
                0x00000000080016fa                usart2_isr
                0x00000000080016fa                sai1_isr
                0x00000000080016fa                fpu_isr
                0x00000000080016fa                dma1_stream4_isr
                0x00000000080016fa                i2c2_er_isr
                0x00000000080016fa                i2c2_ev_isr
                0x00000000080016fa                uart5_isr
                0x00000000080016fa                dma2_stream6_isr
                0x00000000080016fa                spi4_isr
                0x00000000080016fa                adc_isr
                0x00000000080016fa                dma2_stream7_isr
                0x00000000080016fa                tim8_up_tim13_isr
                0x00000000080016fa                fsmc_isr
                0x00000000080016fa                exti4_isr
                0x00000000080016fa                tim6_dac_isr
                0x00000000080016fa                dma1_stream3_isr
                0x00000000080016fa                tim8_trg_com_tim14_isr
                0x00000000080016fa                mem_manage_handler
                0x00000000080016fa                lcd_tft_err_isr
                0x00000000080016fa                can2_tx_isr
                0x00000000080016fa                exti9_5_isr
                0x00000000080016fa                tim1_brk_tim9_isr
                0x00000000080016fa                uart7_isr
                0x00000000080016fa                can2_sce_isr
                0x00000000080016fa                tim4_isr
                0x00000000080016fa                otg_hs_wkup_isr
                0x00000000080016fa                i2c1_er_isr
                0x00000000080016fa                dma1_stream0_isr
                0x00000000080016fa                tim8_cc_isr
                0x00000000080016fa                dcmi_isr
                0x00000000080016fa                dma2_stream2_isr
                0x00000000080016fa                eth_wkup_isr
                0x00000000080016fa                bus_fault_handler
                0x00000000080016fa                otg_hs_ep1_out_isr
                0x00000000080016fa                spi3_isr
                0x00000000080016fa                dma1_stream5_isr
                0x00000000080016fa                otg_hs_ep1_in_isr
                0x00000000080016fa                tim2_isr
                0x00000000080016fa                exti0_isr
 .text.null_handler
                0x00000000080016fc        0x2 ../../../../../libopencm3//lib/libopencm3_stm32f4.a(vector.o)
                0x00000000080016fc                null_handler
                0x00000000080016fc                sv_call_handler
                0x00000000080016fc                pend_sv_handler
                0x00000000080016fc                debug_monitor_handler
                0x00000000080016fc                nmi_handler
 *fill*         0x00000000080016fe        0x2 
 .text.reset_handler
                0x0000000008001700       0xa0 ../../../../../libopencm3//lib/libopencm3_stm32f4.a(vector.o)
                0x0000000008001700                reset_handler
 .text.systick_set_reload
                0x00000000080017a0        0xc ../../../../../libopencm3//lib/libopencm3_stm32f4.a(systick.o)
                0x00000000080017a0                systick_set_reload
 .text.systick_set_clocksource
                0x00000000080017ac       0x14 ../../../../../libopencm3//lib/libopencm3_stm32f4.a(systick.o)
                0x00000000080017ac                systick_set_clocksource
 .text.systick_interrupt_enable
                0x00000000080017c0        0xe ../../../../../libopencm3//lib/libopencm3_stm32f4.a(systick.o)
                0x00000000080017c0                systick_interrupt_enable
 .text.systick_counter_enable
                0x00000000080017ce        0xe ../../../../../libopencm3//lib/libopencm3_stm32f4.a(systick.o)
                0x00000000080017ce                systick_counter_enable
 .text.scb_reset_system
                0x00000000080017dc       0x10 ../../../../../libopencm3//lib/libopencm3_stm32f4.a(scb.o)
                0x00000000080017dc                scb_reset_system
 .text.nvic_enable_irq
                0x00000000080017ec       0x1c ../../../../../libopencm3//lib/libopencm3_stm32f4.a(nvic.o)
                0x00000000080017ec                nvic_enable_irq
 .text.flash_set_ws
                0x0000000008001808       0x18 ../../../../../libopencm3//lib/libopencm3_stm32f4.a(flash_common_all.o)
                0x0000000008001808                flash_set_ws
 .text.flash_dcache_enable
                0x0000000008001820       0x14 ../../../../../libopencm3//lib/libopencm3_stm32f4.a(flash_common_idcache.o)
                0x0000000008001820                flash_dcache_enable
 .text.flash_dcache_disable
                0x0000000008001834       0x14 ../../../../../libopencm3//lib/libopencm3_stm32f4.a(flash_common_idcache.o)
                0x0000000008001834                flash_dcache_disable
 .text.flash_icache_enable
                0x0000000008001848       0x14 ../../../../../libopencm3//lib/libopencm3_stm32f4.a(flash_common_idcache.o)
                0x0000000008001848                flash_icache_enable
 .text.flash_icache_disable
                0x000000000800185c       0x14 ../../../../../libopencm3//lib/libopencm3_stm32f4.a(flash_common_idcache.o)
                0x000000000800185c                flash_icache_disable
 .text.pwr_set_vos_scale
                0x0000000008001870       0x18 ../../../../../libopencm3//lib/libopencm3_stm32f4.a(pwr.o)
                0x0000000008001870                pwr_set_vos_scale
 .text          0x0000000008001888       0x78 /usr/lib/gcc/arm-none-eabi/10.3.1/../../../arm-none-eabi/lib/thumb/v7e-m+fp/hard/libc.a(lib_a-sprintf.o)
                0x0000000008001888                _sprintf_r
                0x00000000080018c0                sprintf
 .text          0x0000000008001900     0x14bc /usr/lib/gcc/arm-none-eabi/10.3.1/../../../arm-none-eabi/lib/thumb/v7e-m+fp/hard/libc.a(lib_a-svfprintf.o)
                0x0000000008001900                _svfprintf_r
 *fill*         0x0000000008002dbc        0x4 
 .text          0x0000000008002dc0     0x1064 /usr/lib/gcc/arm-none-eabi/10.3.1/../../../arm-none-eabi/lib/thumb/v7e-m+fp/hard/libc.a(lib_a-dtoa.o)
                0x0000000008002ee8                _dtoa_r
 .text          0x0000000008003e24       0x14 /usr/lib/gcc/arm-none-eabi/10.3.1/../../../arm-none-eabi/lib/thumb/v7e-m+fp/hard/libc.a(lib_a-localeconv.o)
                0x0000000008003e24                __localeconv_l
                0x0000000008003e28                _localeconv_r
                0x0000000008003e30                localeconv
 .text          0x0000000008003e38      0x554 /usr/lib/gcc/arm-none-eabi/10.3.1/../../../arm-none-eabi/lib/thumb/v7e-m+fp/hard/libc.a(lib_a-mallocr.o)
                0x0000000008003e38                _malloc_r
 *fill*         0x000000000800438c        0x4 
 .text          0x0000000008004390       0xa0 /usr/lib/gcc/arm-none-eabi/10.3.1/../../../arm-none-eabi/lib/thumb/v7e-m+fp/hard/libc.a(lib_a-memchr.o)
                0x0000000008004390                memchr
 .text          0x0000000008004430      0x134 /usr/lib/gcc/arm-none-eabi/10.3.1/../../../arm-none-eabi/lib/thumb/v7e-m+fp/hard/libc.a(lib_a-memcpy.o)
                0x0000000008004430                memcpy
 .text          0x0000000008004564        0x8 /usr/lib/gcc/arm-none-eabi/10.3.1/../../../arm-none-eabi/lib/thumb/v7e-m+fp/hard/libc.a(lib_a-mlock.o)
                0x0000000008004564                __malloc_lock
                0x0000000008004568                __malloc_unlock
 .text          0x000000000800456c      0xaa0 /usr/lib/gcc/arm-none-eabi/10.3.1/../../../arm-none-eabi/lib/thumb/v7e-m+fp/hard/libc.a(lib_a-mprec.o)
                0x000000000800456c                _Balloc
                0x00000000080045b8                _Bfree
                0x00000000080045cc                __multadd
                0x0000000008004674                __s2b
                0x0000000008004728                __hi0bits
                0x0000000008004768                __lo0bits
                0x00000000080047c8                __i2b
                0x0000000008004824                __multiply
                0x0000000008004980                __pow5mult
                0x0000000008004a40                __lshift
                0x0000000008004b30                __mcmp
                0x0000000008004b74                __mdiff
                0x0000000008004cc0                __ulp
                0x0000000008004d20                __b2d
                0x0000000008004de0                __d2b
                0x0000000008004eb0                __ratio
                0x0000000008004f0c                _mprec_log10
                0x0000000008004f4c                __copybits
                0x0000000008004fa8                __any_on
 .text          0x000000000800500c       0x24 /usr/lib/gcc/arm-none-eabi/10.3.1/../../../arm-none-eabi/lib/thumb/v7e-m+fp/hard/libc.a(lib_a-sbrkr.o)
                0x000000000800500c                _sbrk_r
 *fill*         0x0000000008005030       0x10 
 .text          0x0000000008005040       0xdc /usr/lib/gcc/arm-none-eabi/10.3.1/../../../arm-none-eabi/lib/thumb/v7e-m+fp/hard/libc.a(lib_a-strlen.o)
                0x0000000008005040                strlen
 .text          0x000000000800511c      0xb54 /usr/lib/gcc/arm-none-eabi/10.3.1/../../../arm-none-eabi/lib/thumb/v7e-m+fp/hard/libc.a(lib_a-svfiprintf.o)
                0x000000000800511c                __ssprint_r
                0x0000000008005214                _svfiprintf_r
 .text          0x0000000008005c70       0x4c /usr/lib/gcc/arm-none-eabi/10.3.1/../../../arm-none-eabi/lib/thumb/v7e-m+fp/hard/libc.a(lib_a-assert.o)
                0x0000000008005c70                __assert_func
                0x0000000008005cb0                __assert
 .text          0x0000000008005cbc       0x60 /usr/lib/gcc/arm-none-eabi/10.3.1/../../../arm-none-eabi/lib/thumb/v7e-m+fp/hard/libc.a(lib_a-callocr.o)
                0x0000000008005cbc                _calloc_r
 .text          0x0000000008005d1c       0x44 /usr/lib/gcc/arm-none-eabi/10.3.1/../../../arm-none-eabi/lib/thumb/v7e-m+fp/hard/libc.a(lib_a-fiprintf.o)
                0x0000000008005d1c                _fiprintf_r
                0x0000000008005d38                fiprintf
 .text          0x0000000008005d60      0x2ac /usr/lib/gcc/arm-none-eabi/10.3.1/../../../arm-none-eabi/lib/thumb/v7e-m+fp/hard/libc.a(lib_a-freer.o)
                0x0000000008005d60                _malloc_trim_r
                0x0000000008005e00                _free_r
 .text          0x000000000800600c       0x8c /usr/lib/gcc/arm-none-eabi/10.3.1/../../../arm-none-eabi/lib/thumb/v7e-m+fp/hard/libc.a(lib_a-locale.o)
                0x000000000800600c                _setlocale_r
                0x000000000800604c                __locale_mb_cur_max
                0x0000000008006058                setlocale
 .text          0x0000000008006098       0x40 /usr/lib/gcc/arm-none-eabi/10.3.1/../../../arm-none-eabi/lib/thumb/v7e-m+fp/hard/libc.a(lib_a-mbtowc_r.o)
                0x0000000008006098                _mbtowc_r
                0x00000000080060ac                __ascii_mbtowc
 .text          0x00000000080060d8       0xf8 /usr/lib/gcc/arm-none-eabi/10.3.1/../../../arm-none-eabi/lib/thumb/v7e-m+fp/hard/libc.a(lib_a-memmove.o)
                0x00000000080060d8                memmove
 .text          0x00000000080061d0       0xa4 /usr/lib/gcc/arm-none-eabi/10.3.1/../../../arm-none-eabi/lib/thumb/v7e-m+fp/hard/libc.a(lib_a-memset.o)
                0x00000000080061d0                memset
 .text          0x0000000008006274      0x3d8 /usr/lib/gcc/arm-none-eabi/10.3.1/../../../arm-none-eabi/lib/thumb/v7e-m+fp/hard/libc.a(lib_a-reallocr.o)
                0x0000000008006274                _realloc_r
 *fill*         0x000000000800664c       0x14 
 .text          0x0000000008006660      0x2dc /usr/lib/gcc/arm-none-eabi/10.3.1/../../../arm-none-eabi/lib/thumb/v7e-m+fp/hard/libc.a(lib_a-strcmp.o)
                0x0000000008006668                strcmp
 .text          0x000000000800693c      0xd44 /usr/lib/gcc/arm-none-eabi/10.3.1/../../../arm-none-eabi/lib/thumb/v7e-m+fp/hard/libc.a(lib_a-vfiprintf.o)
                0x00000000080069b4                __sprint_r
                0x00000000080069cc                _vfiprintf_r
                0x00000000080075f8                vfiprintf
 .text          0x0000000008007680       0x30 /usr/lib/gcc/arm-none-eabi/10.3.1/../../../arm-none-eabi/lib/thumb/v7e-m+fp/hard/libc.a(lib_a-wctomb_r.o)
                0x0000000008007680                _wctomb_r
                0x0000000008007694                __ascii_wctomb
 .text          0x00000000080076b0       0xd4 /usr/lib/gcc/arm-none-eabi/10.3.1/../../../arm-none-eabi/lib/thumb/v7e-m+fp/hard/libc.a(lib_a-wsetup.o)
                0x00000000080076b0                __swsetup_r
 .text          0x0000000008007784       0x10 /usr/lib/gcc/arm-none-eabi/10.3.1/../../../arm-none-eabi/lib/thumb/v7e-m+fp/hard/libc.a(lib_a-abort.o)
                0x0000000008007784                abort
 .text          0x0000000008007794      0x1ac /usr/lib/gcc/arm-none-eabi/10.3.1/../../../arm-none-eabi/lib/thumb/v7e-m+fp/hard/libc.a(lib_a-fflush.o)
                0x0000000008007794                __sflush_r
                0x00000000080078c4                _fflush_r
                0x00000000080078f0                fflush
 .text          0x0000000008007940      0x218 /usr/lib/gcc/arm-none-eabi/10.3.1/../../../arm-none-eabi/lib/thumb/v7e-m+fp/hard/libc.a(lib_a-findfp.o)
                0x0000000008007944                _cleanup_r
                0x0000000008007a2c                __sfmoreglue
                0x0000000008007a5c                __sfp
                0x0000000008007b04                _cleanup
                0x0000000008007b18                __sinit
                0x0000000008007b20                __sfp_lock_acquire
                0x0000000008007b24                __sfp_lock_release
                0x0000000008007b28                __sinit_lock_acquire
                0x0000000008007b2c                __sinit_lock_release
                0x0000000008007b30                __fp_lock_all
                0x0000000008007b44                __fp_unlock_all
 .text          0x0000000008007b58      0x118 /usr/lib/gcc/arm-none-eabi/10.3.1/../../../arm-none-eabi/lib/thumb/v7e-m+fp/hard/libc.a(lib_a-fputwc.o)
                0x0000000008007b58                __fputwc
                0x0000000008007c00                _fputwc_r
                0x0000000008007c28                fputwc
 .text          0x0000000008007c70      0x2f0 /usr/lib/gcc/arm-none-eabi/10.3.1/../../../arm-none-eabi/lib/thumb/v7e-m+fp/hard/libc.a(lib_a-fvwrite.o)
                0x0000000008007c70                __sfvwrite_r
 .text          0x0000000008007f60       0x88 /usr/lib/gcc/arm-none-eabi/10.3.1/../../../arm-none-eabi/lib/thumb/v7e-m+fp/hard/libc.a(lib_a-fwalk.o)
                0x0000000008007f60                _fwalk
                0x0000000008007fa0                _fwalk_reent
 .text          0x0000000008007fe8      0x140 /usr/lib/gcc/arm-none-eabi/10.3.1/../../../arm-none-eabi/lib/thumb/v7e-m+fp/hard/libc.a(lib_a-makebuf.o)
                0x0000000008007fe8                __smakebuf_r
                0x00000000080080c8                __swhatbuf_r
 .text          0x0000000008008128      0x288 /usr/lib/gcc/arm-none-eabi/10.3.1/../../../arm-none-eabi/lib/thumb/v7e-m+fp/hard/libc.a(lib_a-signal.o)
                0x0000000008008128                _init_signal_r
                0x0000000008008158                _signal_r
                0x00000000080081a4                _raise_r
                0x00000000080081fc                __sigtramp_r
                0x0000000008008260                raise
                0x00000000080082bc                signal
                0x0000000008008310                _init_signal
                0x0000000008008348                __sigtramp
 .text          0x00000000080083b0       0x30 /usr/lib/gcc/arm-none-eabi/10.3.1/../../../arm-none-eabi/lib/thumb/v7e-m+fp/hard/libc.a(lib_a-signalr.o)
                0x00000000080083b0                _kill_r
                0x00000000080083dc                _getpid_r
 .text          0x00000000080083e0       0x90 /usr/lib/gcc/arm-none-eabi/10.3.1/../../../arm-none-eabi/lib/thumb/v7e-m+fp/hard/libc.a(lib_a-stdio.o)
                0x00000000080083e0                __sread
                0x0000000008008404                __seofread
                0x0000000008008408                __swrite
                0x0000000008008448                __sseek
                0x0000000008008468                __sclose
 .text          0x0000000008008470       0xc8 /usr/lib/gcc/arm-none-eabi/10.3.1/../../../arm-none-eabi/lib/thumb/v7e-m+fp/hard/libc.a(lib_a-wbuf.o)
                0x0000000008008470                __swbuf_r
                0x0000000008008520                __swbuf
 .text          0x0000000008008538       0x88 /usr/lib/gcc/arm-none-eabi/10.3.1/../../../arm-none-eabi/lib/thumb/v7e-m+fp/hard/libc.a(lib_a-wcrtomb.o)
                0x0000000008008538                _wcrtomb_r
                0x0000000008008574                wcrtomb
 .text          0x00000000080085c0       0x2c /usr/lib/gcc/arm-none-eabi/10.3.1/../../../arm-none-eabi/lib/thumb/v7e-m+fp/hard/libc.a(lib_a-writer.o)
                0x00000000080085c0                _write_r
 .text          0x00000000080085ec       0x24 /usr/lib/gcc/arm-none-eabi/10.3.1/../../../arm-none-eabi/lib/thumb/v7e-m+fp/hard/libc.a(lib_a-closer.o)
                0x00000000080085ec                _close_r
 .text          0x0000000008008610       0xd4 /usr/lib/gcc/arm-none-eabi/10.3.1/../../../arm-none-eabi/lib/thumb/v7e-m+fp/hard/libc.a(lib_a-fclose.o)
                0x0000000008008674                _fclose_r
                0x00000000080086a8                fclose
 .text          0x00000000080086e4       0x2c /usr/lib/gcc/arm-none-eabi/10.3.1/../../../arm-none-eabi/lib/thumb/v7e-m+fp/hard/libc.a(lib_a-fstatr.o)
                0x00000000080086e4                _fstat_r
 .text          0x0000000008008710       0x24 /usr/lib/gcc/arm-none-eabi/10.3.1/../../../arm-none-eabi/lib/thumb/v7e-m+fp/hard/libc.a(lib_a-isattyr.o)
                0x0000000008008710                _isatty_r
 .text          0x0000000008008734       0x2c /usr/lib/gcc/arm-none-eabi/10.3.1/../../../arm-none-eabi/lib/thumb/v7e-m+fp/hard/libc.a(lib_a-lseekr.o)
                0x0000000008008734                _lseek_r
 .text          0x0000000008008760       0x2c /usr/lib/gcc/arm-none-eabi/10.3.1/../../../arm-none-eabi/lib/thumb/v7e-m+fp/hard/libc.a(lib_a-readr.o)
                0x0000000008008760                _read_r
 .text          0x000000000800878c      0x378 /usr/lib/gcc/arm-none-eabi/10.3.1/thumb/v7e-m+fp/hard/libgcc.a(_arm_addsubdf3.o)
                0x000000000800878c                __aeabi_drsub
                0x0000000008008794                __aeabi_dsub
                0x0000000008008794                __subdf3
                0x0000000008008798                __adddf3
                0x0000000008008798                __aeabi_dadd
                0x0000000008008a10                __aeabi_ui2d
                0x0000000008008a10                __floatunsidf
                0x0000000008008a30                __floatsidf
                0x0000000008008a30                __aeabi_i2d
                0x0000000008008a54                __extendsfdf2
                0x0000000008008a54                __aeabi_f2d
                0x0000000008008a98                __aeabi_ul2d
                0x0000000008008a98                __floatundidf
                0x0000000008008aa8                __floatdidf
                0x0000000008008aa8                __aeabi_l2d
 .text          0x0000000008008b04      0x424 /usr/lib/gcc/arm-none-eabi/10.3.1/thumb/v7e-m+fp/hard/libgcc.a(_arm_muldivdf3.o)
                0x0000000008008b04                __aeabi_dmul
                0x0000000008008b04                __muldf3
                0x0000000008008d58                __aeabi_ddiv
                0x0000000008008d58                __divdf3
 .text          0x0000000008008f28      0x110 /usr/lib/gcc/arm-none-eabi/10.3.1/thumb/v7e-m+fp/hard/libgcc.a(_arm_cmpdf2.o)
                0x0000000008008f28                __gtdf2
                0x0000000008008f28                __gedf2
                0x0000000008008f30                __ltdf2
                0x0000000008008f30                __ledf2
                0x0000000008008f38                __cmpdf2
                0x0000000008008f38                __eqdf2
                0x0000000008008f38                __nedf2
                0x0000000008008fb4                __aeabi_cdrcmple
                0x0000000008008fc4                __aeabi_cdcmple
                0x0000000008008fc4                __aeabi_cdcmpeq
                0x0000000008008fd4                __aeabi_dcmpeq
                0x0000000008008fe8                __aeabi_dcmplt
                0x0000000008008ffc                __aeabi_dcmple
                0x0000000008009010                __aeabi_dcmpge
                0x0000000008009024                __aeabi_dcmpgt
 .text          0x0000000008009038       0x2c /usr/lib/gcc/arm-none-eabi/10.3.1/thumb/v7e-m+fp/hard/libgcc.a(_arm_unorddf2.o)
                0x0000000008009038                __aeabi_dcmpun
                0x0000000008009038                __unorddf2
 .text          0x0000000008009064       0x50 /usr/lib/gcc/arm-none-eabi/10.3.1/thumb/v7e-m+fp/hard/libgcc.a(_arm_fixdfsi.o)
                0x0000000008009064                __fixdfsi
                0x0000000008009064                __aeabi_d2iz
 .text          0x00000000080090b4       0x30 /usr/lib/gcc/arm-none-eabi/10.3.1/thumb/v7e-m+fp/hard/libgcc.a(_aeabi_uldivmod.o)
                0x00000000080090b4                __aeabi_uldivmod
 .text          0x00000000080090e4      0x2d0 /usr/lib/gcc/arm-none-eabi/10.3.1/thumb/v7e-m+fp/hard/libgcc.a(_udivmoddi4.o)
                0x00000000080090e4                __udivmoddi4
 .text          0x00000000080093b4        0x4 /usr/lib/gcc/arm-none-eabi/10.3.1/thumb/v7e-m+fp/hard/libgcc.a(_dvmd_tls.o)
                0x00000000080093b4                __aeabi_ldiv0
                0x00000000080093b4                __aeabi_idiv0
 .text          0x00000000080093b8       0x10 /usr/lib/gcc/arm-none-eabi/10.3.1/../../../arm-none-eabi/lib/thumb/v7e-m+fp/hard/libnosys.a(close.o)
                0x00000000080093b8                _close
 .text          0x00000000080093c8       0x10 /usr/lib/gcc/arm-none-eabi/10.3.1/../../../arm-none-eabi/lib/thumb/v7e-m+fp/hard/libnosys.a(fstat.o)
                0x00000000080093c8                _fstat
 .text          0x00000000080093d8       0x10 /usr/lib/gcc/arm-none-eabi/10.3.1/../../../arm-none-eabi/lib/thumb/v7e-m+fp/hard/libnosys.a(getpid.o)
                0x00000000080093d8                _getpid
 .text          0x00000000080093e8       0x10 /usr/lib/gcc/arm-none-eabi/10.3.1/../../../arm-none-eabi/lib/thumb/v7e-m+fp/hard/libnosys.a(isatty.o)
                0x00000000080093e8                _isatty
 .text          0x00000000080093f8       0x10 /usr/lib/gcc/arm-none-eabi/10.3.1/../../../arm-none-eabi/lib/thumb/v7e-m+fp/hard/libnosys.a(kill.o)
                0x00000000080093f8                _kill
 .text          0x0000000008009408       0x10 /usr/lib/gcc/arm-none-eabi/10.3.1/../../../arm-none-eabi/lib/thumb/v7e-m+fp/hard/libnosys.a(lseek.o)
                0x0000000008009408                _lseek
 .text          0x0000000008009418       0x10 /usr/lib/gcc/arm-none-eabi/10.3.1/../../../arm-none-eabi/lib/thumb/v7e-m+fp/hard/libnosys.a(read.o)
                0x0000000008009418                _read
 .text          0x0000000008009428       0x1c /usr/lib/gcc/arm-none-eabi/10.3.1/../../../arm-none-eabi/lib/thumb/v7e-m+fp/hard/libnosys.a(sbrk.o)
                0x0000000008009428                _sbrk
 .text          0x0000000008009444       0x10 /usr/lib/gcc/arm-none-eabi/10.3.1/../../../arm-none-eabi/lib/thumb/v7e-m+fp/hard/libnosys.a(write.o)
                0x0000000008009444                _write
 .text          0x0000000008009454        0x4 /usr/lib/gcc/arm-none-eabi/10.3.1/../../../arm-none-eabi/lib/thumb/v7e-m+fp/hard/libnosys.a(_exit.o)
                0x0000000008009454                _exit
                0x0000000008009458                . = ALIGN (0x4)
 *(.rodata*)
 .rodata.sdram_pins
                0x0000000008009458       0x30 sdram.o
 .rodata.print_hex.isra.0.str1.1
                0x0000000008009488        0x3 lcd-spi.o
 .rodata.lcd_spi_init.str1.1
                0x000000000800948b       0x62 lcd-spi.o
 .rodata.cmd_args
                0x00000000080094ed       0x3a lcd-spi.o
 *fill*         0x0000000008009527        0x1 
 .rodata.initialization
                0x0000000008009528       0x50 lcd-spi.o
                0x0000000008009528                initialization
 .rodata.mcm_font
                0x0000000008009578      0x480 gfx.o
 .rodata.main.str1.1
                0x00000000080099f8       0x7b lcd-serial.o
                                         0x7f (size before relaxing)
 .rodata.CSWTCH.2
                0x0000000008009a73        0x3 ../../../../../libopencm3//lib/libopencm3_stm32f4.a(fmc_common_f47.o)
 *fill*         0x0000000008009a76        0x2 
 .rodata.rcc_hse_8mhz_3v3
                0x0000000008009a78       0x70 ../../../../../libopencm3//lib/libopencm3_stm32f4.a(rcc.o)
                0x0000000008009a78                rcc_hse_8mhz_3v3
 .rodata.str1.4
                0x0000000008009ae8       0x42 /usr/lib/gcc/arm-none-eabi/10.3.1/../../../arm-none-eabi/lib/thumb/v7e-m+fp/hard/libc.a(lib_a-svfprintf.o)
 *fill*         0x0000000008009b2a        0x2 
 .rodata        0x0000000008009b2c       0x20 /usr/lib/gcc/arm-none-eabi/10.3.1/../../../arm-none-eabi/lib/thumb/v7e-m+fp/hard/libc.a(lib_a-svfprintf.o)
 .rodata.str1.4
                0x0000000008009b4c       0x56 /usr/lib/gcc/arm-none-eabi/10.3.1/../../../arm-none-eabi/lib/thumb/v7e-m+fp/hard/libc.a(lib_a-dtoa.o)
                                         0x5a (size before relaxing)
 *fill*         0x0000000008009ba2        0x2 
 .rodata        0x0000000008009ba4        0x4 /usr/lib/gcc/arm-none-eabi/10.3.1/../../../arm-none-eabi/lib/thumb/v7e-m+fp/hard/libc.a(lib_a-impure.o)
                0x0000000008009ba4                _global_impure_ptr
 .rodata.str1.4
                0x0000000008009ba8       0x33 /usr/lib/gcc/arm-none-eabi/10.3.1/../../../arm-none-eabi/lib/thumb/v7e-m+fp/hard/libc.a(lib_a-mprec.o)
                                         0x47 (size before relaxing)
 *fill*         0x0000000008009bdb        0x5 
 .rodata        0x0000000008009be0      0x128 /usr/lib/gcc/arm-none-eabi/10.3.1/../../../arm-none-eabi/lib/thumb/v7e-m+fp/hard/libc.a(lib_a-mprec.o)
                0x0000000008009bf0                __mprec_tens
                0x0000000008009cb8                __mprec_tinytens
                0x0000000008009ce0                __mprec_bigtens
 .rodata.str1.4
                0x0000000008009d08       0x2f /usr/lib/gcc/arm-none-eabi/10.3.1/../../../arm-none-eabi/lib/thumb/v7e-m+fp/hard/libc.a(lib_a-svfiprintf.o)
 .rodata        0x0000000008009d08       0x20 /usr/lib/gcc/arm-none-eabi/10.3.1/../../../arm-none-eabi/lib/thumb/v7e-m+fp/hard/libc.a(lib_a-svfiprintf.o)
 .rodata.str1.4
                0x0000000008009d28       0x3f /usr/lib/gcc/arm-none-eabi/10.3.1/../../../arm-none-eabi/lib/thumb/v7e-m+fp/hard/libc.a(lib_a-assert.o)
                                         0x43 (size before relaxing)
 *fill*         0x0000000008009d67        0x1 
 .rodata.str1.4
                0x0000000008009d68        0xe /usr/lib/gcc/arm-none-eabi/10.3.1/../../../arm-none-eabi/lib/thumb/v7e-m+fp/hard/libc.a(lib_a-locale.o)
                                         0x12 (size before relaxing)
 .rodata.str1.4
                0x0000000008009d76       0x2f /usr/lib/gcc/arm-none-eabi/10.3.1/../../../arm-none-eabi/lib/thumb/v7e-m+fp/hard/libc.a(lib_a-vfiprintf.o)
 *fill*         0x0000000008009d76        0x2 
 .rodata        0x0000000008009d78       0x20 /usr/lib/gcc/arm-none-eabi/10.3.1/../../../arm-none-eabi/lib/thumb/v7e-m+fp/hard/libc.a(lib_a-vfiprintf.o)
 .rodata        0x0000000008009d98      0x101 /usr/lib/gcc/arm-none-eabi/10.3.1/../../../arm-none-eabi/lib/thumb/v7e-m+fp/hard/libc.a(lib_a-ctype_.o)
                0x0000000008009d98                _ctype_
                0x0000000008009e9c                . = ALIGN (0x4)
 *fill*         0x0000000008009e99        0x3 

.glue_7         0x0000000008009e9c        0x0
 .glue_7        0x0000000008009e9c        0x0 linker stubs

.glue_7t        0x0000000008009e9c        0x0
 .glue_7t       0x0000000008009e9c        0x0 linker stubs

.vfp11_veneer   0x0000000008009e9c        0x0
 .vfp11_veneer  0x0000000008009e9c        0x0 linker stubs

.v4_bx          0x0000000008009e9c        0x0
 .v4_bx         0x0000000008009e9c        0x0 linker stubs

.iplt           0x0000000008009e9c        0x0
 .iplt          0x0000000008009e9c        0x0 sdram.o

.preinit_array  0x0000000008009e9c        0x0
                0x0000000008009e9c                . = ALIGN (0x4)
                0x0000000008009e9c                __preinit_array_start = .
 *(.preinit_array)
                0x0000000008009e9c                __preinit_array_end = .

.init_array     0x0000000008009e9c        0x0
                0x0000000008009e9c                . = ALIGN (0x4)
                0x0000000008009e9c                __init_array_start = .
 *(SORT_BY_NAME(.init_array.*))
 *(.init_array)
                0x0000000008009e9c                __init_array_end = .

.fini_array     0x0000000008009e9c        0x0
                0x0000000008009e9c                . = ALIGN (0x4)
                0x0000000008009e9c                __fini_array_start = .
 *(.fini_array)
 *(SORT_BY_NAME(.fini_array.*))
                0x0000000008009e9c                __fini_array_end = .

.ARM.extab
 *(.ARM.extab*)

.ARM.exidx      0x0000000008009e9c        0x8
                0x0000000008009e9c                __exidx_start = .
 *(.ARM.exidx*)
 .ARM.exidx     0x0000000008009e9c        0x8 /usr/lib/gcc/arm-none-eabi/10.3.1/thumb/v7e-m+fp/hard/libgcc.a(_udivmoddi4.o)
                0x0000000008009ea4                __exidx_end = .

.rel.dyn        0x0000000008009ea4        0x0
 .rel.iplt      0x0000000008009ea4        0x0 sdram.o
                0x0000000008009ea4                . = ALIGN (0x4)
                0x0000000008009ea4                _etext = .

.noinit
 *(.noinit*)
                0x0000000008009ea4                . = ALIGN (0x4)

.data           0x0000000020000000      0x9d4 load address 0x0000000008009ea4
                0x0000000020000000                _data = .
 *(.data*)
 .data.timing   0x0000000020000000       0x1c sdram.o
 .data.rcc_ahb_frequency
                0x000000002000001c        0x4 ../../../../../libopencm3//lib/libopencm3_stm32f4.a(rcc.o)
                0x000000002000001c                rcc_ahb_frequency
 .data.rcc_apb1_frequency
                0x0000000020000020        0x4 ../../../../../libopencm3//lib/libopencm3_stm32f4.a(rcc.o)
                0x0000000020000020                rcc_apb1_frequency
 .data.rcc_apb2_frequency
                0x0000000020000024        0x4 ../../../../../libopencm3//lib/libopencm3_stm32f4.a(rcc.o)
                0x0000000020000024                rcc_apb2_frequency
 .data          0x0000000020000028      0x430 /usr/lib/gcc/arm-none-eabi/10.3.1/../../../arm-none-eabi/lib/thumb/v7e-m+fp/hard/libc.a(lib_a-impure.o)
                0x0000000020000028                _impure_ptr
 .data          0x0000000020000458      0x410 /usr/lib/gcc/arm-none-eabi/10.3.1/../../../arm-none-eabi/lib/thumb/v7e-m+fp/hard/libc.a(lib_a-mallocr.o)
                0x0000000020000458                __malloc_av_
                0x0000000020000860                __malloc_sbrk_base
                0x0000000020000864                __malloc_trim_threshold
 .data          0x0000000020000868      0x16c /usr/lib/gcc/arm-none-eabi/10.3.1/../../../arm-none-eabi/lib/thumb/v7e-m+fp/hard/libc.a(lib_a-locale.o)
                0x0000000020000868                __global_locale
 *(.ramtext*)
                0x00000000200009d4                . = ALIGN (0x4)
                0x00000000200009d4                _edata = .
                0x0000000008009ea4                _data_loadaddr = LOADADDR (.data)

.igot.plt       0x00000000200009d4        0x0 load address 0x000000000800a878
 .igot.plt      0x00000000200009d4        0x0 sdram.o

.bss            0x00000000200009d4       0xe4 load address 0x000000000800a878
 *(.bss*)
 .bss.system_millis
                0x00000000200009d4        0x4 clock.o
 .bss.recv_buf  0x00000000200009d8       0x80 console.o
                0x00000000200009d8                recv_buf
 .bss.recv_ndx_cur
                0x0000000020000a58        0x4 console.o
                0x0000000020000a58                recv_ndx_cur
 .bss.recv_ndx_nxt
                0x0000000020000a5c        0x4 console.o
                0x0000000020000a5c                recv_ndx_nxt
 .bss.cur_frame
                0x0000000020000a60        0x4 lcd-spi.o
                0x0000000020000a60                cur_frame
 .bss.display_frame
                0x0000000020000a64        0x4 lcd-spi.o
                0x0000000020000a64                display_frame
 .bss.__gfx_state
                0x0000000020000a68       0x14 gfx.o
                0x0000000020000a68                __gfx_state
 .bss           0x0000000020000a7c       0x34 /usr/lib/gcc/arm-none-eabi/10.3.1/../../../arm-none-eabi/lib/thumb/v7e-m+fp/hard/libc.a(lib_a-mallocr.o)
                0x0000000020000a7c                __malloc_top_pad
                0x0000000020000a80                __malloc_current_mallinfo
                0x0000000020000aa8                __malloc_max_sbrked_mem
                0x0000000020000aac                __malloc_max_total_mem
 .bss           0x0000000020000ab0        0x4 /usr/lib/gcc/arm-none-eabi/10.3.1/../../../arm-none-eabi/lib/thumb/v7e-m+fp/hard/libc.a(lib_a-reent.o)
                0x0000000020000ab0                errno
 .bss           0x0000000020000ab4        0x4 /usr/lib/gcc/arm-none-eabi/10.3.1/../../../arm-none-eabi/lib/thumb/v7e-m+fp/hard/libnosys.a(sbrk.o)
 *(COMMON)
                0x0000000020000ab8                . = ALIGN (0x4)
                0x0000000020000ab8                _ebss = .

/DISCARD/
 *(.eh_frame)
                0x0000000020000ab8                . = ALIGN (0x4)
                0x0000000020000ab8                end = .
                0x0000000020030000                PROVIDE (_stack = (ORIGIN (ram) + LENGTH (ram)))
OUTPUT(lcd-serial.elf elf32-littlearm)
LOAD linker stubs

.debug_info     0x0000000000000000    0x2a564
 .debug_info    0x0000000000000000      0x87e sdram.o
 .debug_info    0x000000000000087e      0x2fc clock.o
 .debug_info    0x0000000000000b7a      0x947 console.o
 .debug_info    0x00000000000014c1      0xd70 lcd-spi.o
 .debug_info    0x0000000000002231     0x1813 gfx.o
 .debug_info    0x0000000000003a44     0x1208 lcd-serial.o
 .debug_info    0x0000000000004c4c      0x209 ../../../../../libopencm3//lib/libopencm3_stm32f4.a(fmc_common_f47.o)
 .debug_info    0x0000000000004e55      0x24e ../../../../../libopencm3//lib/libopencm3_stm32f4.a(gpio_common_all.o)
 .debug_info    0x00000000000050a3      0x20f ../../../../../libopencm3//lib/libopencm3_stm32f4.a(gpio_common_f0234.o)
 .debug_info    0x00000000000052b2      0x950 ../../../../../libopencm3//lib/libopencm3_stm32f4.a(rcc_common_all.o)
 .debug_info    0x0000000000005c02     0x1027 ../../../../../libopencm3//lib/libopencm3_stm32f4.a(rcc.o)
 .debug_info    0x0000000000006c29      0x81c ../../../../../libopencm3//lib/libopencm3_stm32f4.a(spi_common_all.o)
 .debug_info    0x0000000000007445      0x15e ../../../../../libopencm3//lib/libopencm3_stm32f4.a(spi_common_v1.o)
 .debug_info    0x00000000000075a3      0x5ac ../../../../../libopencm3//lib/libopencm3_stm32f4.a(usart_common_all.o)
 .debug_info    0x0000000000007b4f      0x2e6 ../../../../../libopencm3//lib/libopencm3_stm32f4.a(vector.o)
 .debug_info    0x0000000000007e35      0x268 ../../../../../libopencm3//lib/libopencm3_stm32f4.a(systick.o)
 .debug_info    0x000000000000809d       0xd2 ../../../../../libopencm3//lib/libopencm3_stm32f4.a(scb.o)
 .debug_info    0x000000000000816f      0x22d ../../../../../libopencm3//lib/libopencm3_stm32f4.a(nvic.o)
 .debug_info    0x000000000000839c       0xf0 ../../../../../libopencm3//lib/libopencm3_stm32f4.a(flash_common_all.o)
 .debug_info    0x000000000000848c       0xe8 ../../../../../libopencm3//lib/libopencm3_stm32f4.a(flash_common_idcache.o)
 .debug_info    0x0000000000008574       0xdc ../../../../../libopencm3//lib/libopencm3_stm32f4.a(pwr.o)
 .debug_info    0x0000000000008650      0xa8c /usr/lib/gcc/arm-none-eabi/10.3.1/../../../arm-none-eabi/lib/thumb/v7e-m+fp/hard/libc.a(lib_a-sprintf.o)
 .debug_info    0x00000000000090dc     0x1929 /usr/lib/gcc/arm-none-eabi/10.3.1/../../../arm-none-eabi/lib/thumb/v7e-m+fp/hard/libc.a(lib_a-svfprintf.o)
 .debug_info    0x000000000000aa05     0x1a53 /usr/lib/gcc/arm-none-eabi/10.3.1/../../../arm-none-eabi/lib/thumb/v7e-m+fp/hard/libc.a(lib_a-dtoa.o)
 .debug_info    0x000000000000c458      0x92a /usr/lib/gcc/arm-none-eabi/10.3.1/../../../arm-none-eabi/lib/thumb/v7e-m+fp/hard/libc.a(lib_a-impure.o)
 .debug_info    0x000000000000cd82      0xc3e /usr/lib/gcc/arm-none-eabi/10.3.1/../../../arm-none-eabi/lib/thumb/v7e-m+fp/hard/libc.a(lib_a-localeconv.o)
 .debug_info    0x000000000000d9c0      0xe95 /usr/lib/gcc/arm-none-eabi/10.3.1/../../../arm-none-eabi/lib/thumb/v7e-m+fp/hard/libc.a(lib_a-mallocr.o)
 .debug_info    0x000000000000e855       0x26 /usr/lib/gcc/arm-none-eabi/10.3.1/../../../arm-none-eabi/lib/thumb/v7e-m+fp/hard/libc.a(lib_a-memchr.o)
 .debug_info    0x000000000000e87b       0x26 /usr/lib/gcc/arm-none-eabi/10.3.1/../../../arm-none-eabi/lib/thumb/v7e-m+fp/hard/libc.a(lib_a-memcpy.o)
 .debug_info    0x000000000000e8a1      0x942 /usr/lib/gcc/arm-none-eabi/10.3.1/../../../arm-none-eabi/lib/thumb/v7e-m+fp/hard/libc.a(lib_a-mlock.o)
 .debug_info    0x000000000000f1e3     0x20d2 /usr/lib/gcc/arm-none-eabi/10.3.1/../../../arm-none-eabi/lib/thumb/v7e-m+fp/hard/libc.a(lib_a-mprec.o)
 .debug_info    0x00000000000112b5      0x98e /usr/lib/gcc/arm-none-eabi/10.3.1/../../../arm-none-eabi/lib/thumb/v7e-m+fp/hard/libc.a(lib_a-sbrkr.o)
 .debug_info    0x0000000000011c43       0x26 /usr/lib/gcc/arm-none-eabi/10.3.1/../../../arm-none-eabi/lib/thumb/v7e-m+fp/hard/libc.a(lib_a-strlen.o)
 .debug_info    0x0000000000011c69     0x1367 /usr/lib/gcc/arm-none-eabi/10.3.1/../../../arm-none-eabi/lib/thumb/v7e-m+fp/hard/libc.a(lib_a-svfiprintf.o)
 .debug_info    0x0000000000012fd0      0xa23 /usr/lib/gcc/arm-none-eabi/10.3.1/../../../arm-none-eabi/lib/thumb/v7e-m+fp/hard/libc.a(lib_a-assert.o)
 .debug_info    0x00000000000139f3      0xa81 /usr/lib/gcc/arm-none-eabi/10.3.1/../../../arm-none-eabi/lib/thumb/v7e-m+fp/hard/libc.a(lib_a-callocr.o)
 .debug_info    0x0000000000014474      0xa5f /usr/lib/gcc/arm-none-eabi/10.3.1/../../../arm-none-eabi/lib/thumb/v7e-m+fp/hard/libc.a(lib_a-fiprintf.o)
 .debug_info    0x0000000000014ed3      0xd10 /usr/lib/gcc/arm-none-eabi/10.3.1/../../../arm-none-eabi/lib/thumb/v7e-m+fp/hard/libc.a(lib_a-freer.o)
 .debug_info    0x0000000000015be3      0xe0a /usr/lib/gcc/arm-none-eabi/10.3.1/../../../arm-none-eabi/lib/thumb/v7e-m+fp/hard/libc.a(lib_a-locale.o)
 .debug_info    0x00000000000169ed      0xccd /usr/lib/gcc/arm-none-eabi/10.3.1/../../../arm-none-eabi/lib/thumb/v7e-m+fp/hard/libc.a(lib_a-mbtowc_r.o)
 .debug_info    0x00000000000176ba      0x152 /usr/lib/gcc/arm-none-eabi/10.3.1/../../../arm-none-eabi/lib/thumb/v7e-m+fp/hard/libc.a(lib_a-memmove.o)
 .debug_info    0x000000000001780c      0x137 /usr/lib/gcc/arm-none-eabi/10.3.1/../../../arm-none-eabi/lib/thumb/v7e-m+fp/hard/libc.a(lib_a-memset.o)
 .debug_info    0x0000000000017943      0xdb4 /usr/lib/gcc/arm-none-eabi/10.3.1/../../../arm-none-eabi/lib/thumb/v7e-m+fp/hard/libc.a(lib_a-reallocr.o)
 .debug_info    0x00000000000186f7      0xbda /usr/lib/gcc/arm-none-eabi/10.3.1/../../../arm-none-eabi/lib/thumb/v7e-m+fp/hard/libc.a(lib_a-reent.o)
 .debug_info    0x00000000000192d1       0x26 /usr/lib/gcc/arm-none-eabi/10.3.1/../../../arm-none-eabi/lib/thumb/v7e-m+fp/hard/libc.a(lib_a-strcmp.o)
 .debug_info    0x00000000000192f7     0x1926 /usr/lib/gcc/arm-none-eabi/10.3.1/../../../arm-none-eabi/lib/thumb/v7e-m+fp/hard/libc.a(lib_a-vfiprintf.o)
 .debug_info    0x000000000001ac1d      0xc86 /usr/lib/gcc/arm-none-eabi/10.3.1/../../../arm-none-eabi/lib/thumb/v7e-m+fp/hard/libc.a(lib_a-wctomb_r.o)
 .debug_info    0x000000000001b8a3      0x9c2 /usr/lib/gcc/arm-none-eabi/10.3.1/../../../arm-none-eabi/lib/thumb/v7e-m+fp/hard/libc.a(lib_a-wsetup.o)
 .debug_info    0x000000000001c265       0xcb /usr/lib/gcc/arm-none-eabi/10.3.1/../../../arm-none-eabi/lib/thumb/v7e-m+fp/hard/libc.a(lib_a-abort.o)
 .debug_info    0x000000000001c330       0xb8 /usr/lib/gcc/arm-none-eabi/10.3.1/../../../arm-none-eabi/lib/thumb/v7e-m+fp/hard/libc.a(lib_a-ctype_.o)
 .debug_info    0x000000000001c3e8      0xbe3 /usr/lib/gcc/arm-none-eabi/10.3.1/../../../arm-none-eabi/lib/thumb/v7e-m+fp/hard/libc.a(lib_a-fflush.o)
 .debug_info    0x000000000001cfcb      0xf66 /usr/lib/gcc/arm-none-eabi/10.3.1/../../../arm-none-eabi/lib/thumb/v7e-m+fp/hard/libc.a(lib_a-findfp.o)
 .debug_info    0x000000000001df31      0xc12 /usr/lib/gcc/arm-none-eabi/10.3.1/../../../arm-none-eabi/lib/thumb/v7e-m+fp/hard/libc.a(lib_a-fputwc.o)
 .debug_info    0x000000000001eb43      0xcc4 /usr/lib/gcc/arm-none-eabi/10.3.1/../../../arm-none-eabi/lib/thumb/v7e-m+fp/hard/libc.a(lib_a-fvwrite.o)
 .debug_info    0x000000000001f807      0xa66 /usr/lib/gcc/arm-none-eabi/10.3.1/../../../arm-none-eabi/lib/thumb/v7e-m+fp/hard/libc.a(lib_a-fwalk.o)
 .debug_info    0x000000000002026d      0xdf2 /usr/lib/gcc/arm-none-eabi/10.3.1/../../../arm-none-eabi/lib/thumb/v7e-m+fp/hard/libc.a(lib_a-makebuf.o)
 .debug_info    0x000000000002105f      0xf32 /usr/lib/gcc/arm-none-eabi/10.3.1/../../../arm-none-eabi/lib/thumb/v7e-m+fp/hard/libc.a(lib_a-signal.o)
 .debug_info    0x0000000000021f91      0x9d7 /usr/lib/gcc/arm-none-eabi/10.3.1/../../../arm-none-eabi/lib/thumb/v7e-m+fp/hard/libc.a(lib_a-signalr.o)
 .debug_info    0x0000000000022968      0xc22 /usr/lib/gcc/arm-none-eabi/10.3.1/../../../arm-none-eabi/lib/thumb/v7e-m+fp/hard/libc.a(lib_a-stdio.o)
 .debug_info    0x000000000002358a      0xa5f /usr/lib/gcc/arm-none-eabi/10.3.1/../../../arm-none-eabi/lib/thumb/v7e-m+fp/hard/libc.a(lib_a-wbuf.o)
 .debug_info    0x0000000000023fe9      0xd4f /usr/lib/gcc/arm-none-eabi/10.3.1/../../../arm-none-eabi/lib/thumb/v7e-m+fp/hard/libc.a(lib_a-wcrtomb.o)
 .debug_info    0x0000000000024d38      0x9c0 /usr/lib/gcc/arm-none-eabi/10.3.1/../../../arm-none-eabi/lib/thumb/v7e-m+fp/hard/libc.a(lib_a-writer.o)
 .debug_info    0x00000000000256f8      0x96b /usr/lib/gcc/arm-none-eabi/10.3.1/../../../arm-none-eabi/lib/thumb/v7e-m+fp/hard/libc.a(lib_a-closer.o)
 .debug_info    0x0000000000026063      0xb4a /usr/lib/gcc/arm-none-eabi/10.3.1/../../../arm-none-eabi/lib/thumb/v7e-m+fp/hard/libc.a(lib_a-fclose.o)
 .debug_info    0x0000000000026bad      0xb83 /usr/lib/gcc/arm-none-eabi/10.3.1/../../../arm-none-eabi/lib/thumb/v7e-m+fp/hard/libc.a(lib_a-fstatr.o)
 .debug_info    0x0000000000027730      0x96b /usr/lib/gcc/arm-none-eabi/10.3.1/../../../arm-none-eabi/lib/thumb/v7e-m+fp/hard/libc.a(lib_a-isattyr.o)
 .debug_info    0x000000000002809b      0x9a1 /usr/lib/gcc/arm-none-eabi/10.3.1/../../../arm-none-eabi/lib/thumb/v7e-m+fp/hard/libc.a(lib_a-lseekr.o)
 .debug_info    0x0000000000028a3c      0x9b9 /usr/lib/gcc/arm-none-eabi/10.3.1/../../../arm-none-eabi/lib/thumb/v7e-m+fp/hard/libc.a(lib_a-readr.o)
 .debug_info    0x00000000000293f5       0x26 /usr/lib/gcc/arm-none-eabi/10.3.1/thumb/v7e-m+fp/hard/libgcc.a(_arm_addsubdf3.o)
 .debug_info    0x000000000002941b       0x26 /usr/lib/gcc/arm-none-eabi/10.3.1/thumb/v7e-m+fp/hard/libgcc.a(_arm_muldivdf3.o)
 .debug_info    0x0000000000029441       0x26 /usr/lib/gcc/arm-none-eabi/10.3.1/thumb/v7e-m+fp/hard/libgcc.a(_arm_cmpdf2.o)
 .debug_info    0x0000000000029467       0x26 /usr/lib/gcc/arm-none-eabi/10.3.1/thumb/v7e-m+fp/hard/libgcc.a(_arm_unorddf2.o)
 .debug_info    0x000000000002948d       0x26 /usr/lib/gcc/arm-none-eabi/10.3.1/thumb/v7e-m+fp/hard/libgcc.a(_arm_fixdfsi.o)
 .debug_info    0x00000000000294b3       0x26 /usr/lib/gcc/arm-none-eabi/10.3.1/thumb/v7e-m+fp/hard/libgcc.a(_aeabi_uldivmod.o)
 .debug_info    0x00000000000294d9      0x717 /usr/lib/gcc/arm-none-eabi/10.3.1/thumb/v7e-m+fp/hard/libgcc.a(_udivmoddi4.o)
 .debug_info    0x0000000000029bf0       0x26 /usr/lib/gcc/arm-none-eabi/10.3.1/thumb/v7e-m+fp/hard/libgcc.a(_dvmd_tls.o)
 .debug_info    0x0000000000029c16       0xb1 /usr/lib/gcc/arm-none-eabi/10.3.1/../../../arm-none-eabi/lib/thumb/v7e-m+fp/hard/libnosys.a(close.o)
 .debug_info    0x0000000000029cc7      0x2cc /usr/lib/gcc/arm-none-eabi/10.3.1/../../../arm-none-eabi/lib/thumb/v7e-m+fp/hard/libnosys.a(fstat.o)
 .debug_info    0x0000000000029f93       0x9c /usr/lib/gcc/arm-none-eabi/10.3.1/../../../arm-none-eabi/lib/thumb/v7e-m+fp/hard/libnosys.a(getpid.o)
 .debug_info    0x000000000002a02f       0xb1 /usr/lib/gcc/arm-none-eabi/10.3.1/../../../arm-none-eabi/lib/thumb/v7e-m+fp/hard/libnosys.a(isatty.o)
 .debug_info    0x000000000002a0e0       0xbf /usr/lib/gcc/arm-none-eabi/10.3.1/../../../arm-none-eabi/lib/thumb/v7e-m+fp/hard/libnosys.a(kill.o)
 .debug_info    0x000000000002a19f       0xd3 /usr/lib/gcc/arm-none-eabi/10.3.1/../../../arm-none-eabi/lib/thumb/v7e-m+fp/hard/libnosys.a(lseek.o)
 .debug_info    0x000000000002a272       0xd9 /usr/lib/gcc/arm-none-eabi/10.3.1/../../../arm-none-eabi/lib/thumb/v7e-m+fp/hard/libnosys.a(read.o)
 .debug_info    0x000000000002a34b       0x9d /usr/lib/gcc/arm-none-eabi/10.3.1/../../../arm-none-eabi/lib/thumb/v7e-m+fp/hard/libnosys.a(sbrk.o)
 .debug_info    0x000000000002a3e8       0xd9 /usr/lib/gcc/arm-none-eabi/10.3.1/../../../arm-none-eabi/lib/thumb/v7e-m+fp/hard/libnosys.a(write.o)
 .debug_info    0x000000000002a4c1       0xa3 /usr/lib/gcc/arm-none-eabi/10.3.1/../../../arm-none-eabi/lib/thumb/v7e-m+fp/hard/libnosys.a(_exit.o)

.debug_abbrev   0x0000000000000000     0x8e30
 .debug_abbrev  0x0000000000000000      0x16b sdram.o
 .debug_abbrev  0x000000000000016b      0x1a7 clock.o
 .debug_abbrev  0x0000000000000312      0x1f7 console.o
 .debug_abbrev  0x0000000000000509      0x339 lcd-spi.o
 .debug_abbrev  0x0000000000000842      0x31f gfx.o
 .debug_abbrev  0x0000000000000b61      0x186 lcd-serial.o
 .debug_abbrev  0x0000000000000ce7      0x10c ../../../../../libopencm3//lib/libopencm3_stm32f4.a(fmc_common_f47.o)
 .debug_abbrev  0x0000000000000df3      0x116 ../../../../../libopencm3//lib/libopencm3_stm32f4.a(gpio_common_all.o)
 .debug_abbrev  0x0000000000000f09       0xbf ../../../../../libopencm3//lib/libopencm3_stm32f4.a(gpio_common_f0234.o)
 .debug_abbrev  0x0000000000000fc8      0x177 ../../../../../libopencm3//lib/libopencm3_stm32f4.a(rcc_common_all.o)
 .debug_abbrev  0x000000000000113f      0x2ba ../../../../../libopencm3//lib/libopencm3_stm32f4.a(rcc.o)
 .debug_abbrev  0x00000000000013f9      0x197 ../../../../../libopencm3//lib/libopencm3_stm32f4.a(spi_common_all.o)
 .debug_abbrev  0x0000000000001590       0xd2 ../../../../../libopencm3//lib/libopencm3_stm32f4.a(spi_common_v1.o)
 .debug_abbrev  0x0000000000001662      0x129 ../../../../../libopencm3//lib/libopencm3_stm32f4.a(usart_common_all.o)
 .debug_abbrev  0x000000000000178b      0x15b ../../../../../libopencm3//lib/libopencm3_stm32f4.a(vector.o)
 .debug_abbrev  0x00000000000018e6      0x155 ../../../../../libopencm3//lib/libopencm3_stm32f4.a(systick.o)
 .debug_abbrev  0x0000000000001a3b       0x89 ../../../../../libopencm3//lib/libopencm3_stm32f4.a(scb.o)
 .debug_abbrev  0x0000000000001ac4       0xb5 ../../../../../libopencm3//lib/libopencm3_stm32f4.a(nvic.o)
 .debug_abbrev  0x0000000000001b79       0x9a ../../../../../libopencm3//lib/libopencm3_stm32f4.a(flash_common_all.o)
 .debug_abbrev  0x0000000000001c13       0x56 ../../../../../libopencm3//lib/libopencm3_stm32f4.a(flash_common_idcache.o)
 .debug_abbrev  0x0000000000001c69       0x9c ../../../../../libopencm3//lib/libopencm3_stm32f4.a(pwr.o)
 .debug_abbrev  0x0000000000001d05      0x27a /usr/lib/gcc/arm-none-eabi/10.3.1/../../../arm-none-eabi/lib/thumb/v7e-m+fp/hard/libc.a(lib_a-sprintf.o)
 .debug_abbrev  0x0000000000001f7f      0x3db /usr/lib/gcc/arm-none-eabi/10.3.1/../../../arm-none-eabi/lib/thumb/v7e-m+fp/hard/libc.a(lib_a-svfprintf.o)
 .debug_abbrev  0x000000000000235a      0x323 /usr/lib/gcc/arm-none-eabi/10.3.1/../../../arm-none-eabi/lib/thumb/v7e-m+fp/hard/libc.a(lib_a-dtoa.o)
 .debug_abbrev  0x000000000000267d      0x1b8 /usr/lib/gcc/arm-none-eabi/10.3.1/../../../arm-none-eabi/lib/thumb/v7e-m+fp/hard/libc.a(lib_a-impure.o)
 .debug_abbrev  0x0000000000002835      0x26a /usr/lib/gcc/arm-none-eabi/10.3.1/../../../arm-none-eabi/lib/thumb/v7e-m+fp/hard/libc.a(lib_a-localeconv.o)
 .debug_abbrev  0x0000000000002a9f      0x2f6 /usr/lib/gcc/arm-none-eabi/10.3.1/../../../arm-none-eabi/lib/thumb/v7e-m+fp/hard/libc.a(lib_a-mallocr.o)
 .debug_abbrev  0x0000000000002d95       0x14 /usr/lib/gcc/arm-none-eabi/10.3.1/../../../arm-none-eabi/lib/thumb/v7e-m+fp/hard/libc.a(lib_a-memchr.o)
 .debug_abbrev  0x0000000000002da9       0x14 /usr/lib/gcc/arm-none-eabi/10.3.1/../../../arm-none-eabi/lib/thumb/v7e-m+fp/hard/libc.a(lib_a-memcpy.o)
 .debug_abbrev  0x0000000000002dbd      0x1f0 /usr/lib/gcc/arm-none-eabi/10.3.1/../../../arm-none-eabi/lib/thumb/v7e-m+fp/hard/libc.a(lib_a-mlock.o)
 .debug_abbrev  0x0000000000002fad      0x4ae /usr/lib/gcc/arm-none-eabi/10.3.1/../../../arm-none-eabi/lib/thumb/v7e-m+fp/hard/libc.a(lib_a-mprec.o)
 .debug_abbrev  0x000000000000345b      0x23d /usr/lib/gcc/arm-none-eabi/10.3.1/../../../arm-none-eabi/lib/thumb/v7e-m+fp/hard/libc.a(lib_a-sbrkr.o)
 .debug_abbrev  0x0000000000003698       0x14 /usr/lib/gcc/arm-none-eabi/10.3.1/../../../arm-none-eabi/lib/thumb/v7e-m+fp/hard/libc.a(lib_a-strlen.o)
 .debug_abbrev  0x00000000000036ac      0x2fa /usr/lib/gcc/arm-none-eabi/10.3.1/../../../arm-none-eabi/lib/thumb/v7e-m+fp/hard/libc.a(lib_a-svfiprintf.o)
 .debug_abbrev  0x00000000000039a6      0x22a /usr/lib/gcc/arm-none-eabi/10.3.1/../../../arm-none-eabi/lib/thumb/v7e-m+fp/hard/libc.a(lib_a-assert.o)
 .debug_abbrev  0x0000000000003bd0      0x241 /usr/lib/gcc/arm-none-eabi/10.3.1/../../../arm-none-eabi/lib/thumb/v7e-m+fp/hard/libc.a(lib_a-callocr.o)
 .debug_abbrev  0x0000000000003e11      0x255 /usr/lib/gcc/arm-none-eabi/10.3.1/../../../arm-none-eabi/lib/thumb/v7e-m+fp/hard/libc.a(lib_a-fiprintf.o)
 .debug_abbrev  0x0000000000004066      0x2b1 /usr/lib/gcc/arm-none-eabi/10.3.1/../../../arm-none-eabi/lib/thumb/v7e-m+fp/hard/libc.a(lib_a-freer.o)
 .debug_abbrev  0x0000000000004317      0x2f5 /usr/lib/gcc/arm-none-eabi/10.3.1/../../../arm-none-eabi/lib/thumb/v7e-m+fp/hard/libc.a(lib_a-locale.o)
 .debug_abbrev  0x000000000000460c      0x247 /usr/lib/gcc/arm-none-eabi/10.3.1/../../../arm-none-eabi/lib/thumb/v7e-m+fp/hard/libc.a(lib_a-mbtowc_r.o)
 .debug_abbrev  0x0000000000004853       0xc0 /usr/lib/gcc/arm-none-eabi/10.3.1/../../../arm-none-eabi/lib/thumb/v7e-m+fp/hard/libc.a(lib_a-memmove.o)
 .debug_abbrev  0x0000000000004913       0xb4 /usr/lib/gcc/arm-none-eabi/10.3.1/../../../arm-none-eabi/lib/thumb/v7e-m+fp/hard/libc.a(lib_a-memset.o)
 .debug_abbrev  0x00000000000049c7      0x275 /usr/lib/gcc/arm-none-eabi/10.3.1/../../../arm-none-eabi/lib/thumb/v7e-m+fp/hard/libc.a(lib_a-reallocr.o)
 .debug_abbrev  0x0000000000004c3c      0x2f4 /usr/lib/gcc/arm-none-eabi/10.3.1/../../../arm-none-eabi/lib/thumb/v7e-m+fp/hard/libc.a(lib_a-reent.o)
 .debug_abbrev  0x0000000000004f30       0x14 /usr/lib/gcc/arm-none-eabi/10.3.1/../../../arm-none-eabi/lib/thumb/v7e-m+fp/hard/libc.a(lib_a-strcmp.o)
 .debug_abbrev  0x0000000000004f44      0x430 /usr/lib/gcc/arm-none-eabi/10.3.1/../../../arm-none-eabi/lib/thumb/v7e-m+fp/hard/libc.a(lib_a-vfiprintf.o)
 .debug_abbrev  0x0000000000005374      0x251 /usr/lib/gcc/arm-none-eabi/10.3.1/../../../arm-none-eabi/lib/thumb/v7e-m+fp/hard/libc.a(lib_a-wctomb_r.o)
 .debug_abbrev  0x00000000000055c5      0x246 /usr/lib/gcc/arm-none-eabi/10.3.1/../../../arm-none-eabi/lib/thumb/v7e-m+fp/hard/libc.a(lib_a-wsetup.o)
 .debug_abbrev  0x000000000000580b       0x80 /usr/lib/gcc/arm-none-eabi/10.3.1/../../../arm-none-eabi/lib/thumb/v7e-m+fp/hard/libc.a(lib_a-abort.o)
 .debug_abbrev  0x000000000000588b       0x62 /usr/lib/gcc/arm-none-eabi/10.3.1/../../../arm-none-eabi/lib/thumb/v7e-m+fp/hard/libc.a(lib_a-ctype_.o)
 .debug_abbrev  0x00000000000058ed      0x336 /usr/lib/gcc/arm-none-eabi/10.3.1/../../../arm-none-eabi/lib/thumb/v7e-m+fp/hard/libc.a(lib_a-fflush.o)
 .debug_abbrev  0x0000000000005c23      0x41a /usr/lib/gcc/arm-none-eabi/10.3.1/../../../arm-none-eabi/lib/thumb/v7e-m+fp/hard/libc.a(lib_a-findfp.o)
 .debug_abbrev  0x000000000000603d      0x34f /usr/lib/gcc/arm-none-eabi/10.3.1/../../../arm-none-eabi/lib/thumb/v7e-m+fp/hard/libc.a(lib_a-fputwc.o)
 .debug_abbrev  0x000000000000638c      0x25e /usr/lib/gcc/arm-none-eabi/10.3.1/../../../arm-none-eabi/lib/thumb/v7e-m+fp/hard/libc.a(lib_a-fvwrite.o)
 .debug_abbrev  0x00000000000065ea      0x1fe /usr/lib/gcc/arm-none-eabi/10.3.1/../../../arm-none-eabi/lib/thumb/v7e-m+fp/hard/libc.a(lib_a-fwalk.o)
 .debug_abbrev  0x00000000000067e8      0x2df /usr/lib/gcc/arm-none-eabi/10.3.1/../../../arm-none-eabi/lib/thumb/v7e-m+fp/hard/libc.a(lib_a-makebuf.o)
 .debug_abbrev  0x0000000000006ac7      0x321 /usr/lib/gcc/arm-none-eabi/10.3.1/../../../arm-none-eabi/lib/thumb/v7e-m+fp/hard/libc.a(lib_a-signal.o)
 .debug_abbrev  0x0000000000006de8      0x242 /usr/lib/gcc/arm-none-eabi/10.3.1/../../../arm-none-eabi/lib/thumb/v7e-m+fp/hard/libc.a(lib_a-signalr.o)
 .debug_abbrev  0x000000000000702a      0x262 /usr/lib/gcc/arm-none-eabi/10.3.1/../../../arm-none-eabi/lib/thumb/v7e-m+fp/hard/libc.a(lib_a-stdio.o)
 .debug_abbrev  0x000000000000728c      0x286 /usr/lib/gcc/arm-none-eabi/10.3.1/../../../arm-none-eabi/lib/thumb/v7e-m+fp/hard/libc.a(lib_a-wbuf.o)
 .debug_abbrev  0x0000000000007512      0x254 /usr/lib/gcc/arm-none-eabi/10.3.1/../../../arm-none-eabi/lib/thumb/v7e-m+fp/hard/libc.a(lib_a-wcrtomb.o)
 .debug_abbrev  0x0000000000007766      0x217 /usr/lib/gcc/arm-none-eabi/10.3.1/../../../arm-none-eabi/lib/thumb/v7e-m+fp/hard/libc.a(lib_a-writer.o)
 .debug_abbrev  0x000000000000797d      0x212 /usr/lib/gcc/arm-none-eabi/10.3.1/../../../arm-none-eabi/lib/thumb/v7e-m+fp/hard/libc.a(lib_a-closer.o)
 .debug_abbrev  0x0000000000007b8f      0x2f1 /usr/lib/gcc/arm-none-eabi/10.3.1/../../../arm-none-eabi/lib/thumb/v7e-m+fp/hard/libc.a(lib_a-fclose.o)
 .debug_abbrev  0x0000000000007e80      0x226 /usr/lib/gcc/arm-none-eabi/10.3.1/../../../arm-none-eabi/lib/thumb/v7e-m+fp/hard/libc.a(lib_a-fstatr.o)
 .debug_abbrev  0x00000000000080a6      0x212 /usr/lib/gcc/arm-none-eabi/10.3.1/../../../arm-none-eabi/lib/thumb/v7e-m+fp/hard/libc.a(lib_a-isattyr.o)
 .debug_abbrev  0x00000000000082b8      0x226 /usr/lib/gcc/arm-none-eabi/10.3.1/../../../arm-none-eabi/lib/thumb/v7e-m+fp/hard/libc.a(lib_a-lseekr.o)
 .debug_abbrev  0x00000000000084de      0x212 /usr/lib/gcc/arm-none-eabi/10.3.1/../../../arm-none-eabi/lib/thumb/v7e-m+fp/hard/libc.a(lib_a-readr.o)
 .debug_abbrev  0x00000000000086f0       0x14 /usr/lib/gcc/arm-none-eabi/10.3.1/thumb/v7e-m+fp/hard/libgcc.a(_arm_addsubdf3.o)
 .debug_abbrev  0x0000000000008704       0x14 /usr/lib/gcc/arm-none-eabi/10.3.1/thumb/v7e-m+fp/hard/libgcc.a(_arm_muldivdf3.o)
 .debug_abbrev  0x0000000000008718       0x14 /usr/lib/gcc/arm-none-eabi/10.3.1/thumb/v7e-m+fp/hard/libgcc.a(_arm_cmpdf2.o)
 .debug_abbrev  0x000000000000872c       0x14 /usr/lib/gcc/arm-none-eabi/10.3.1/thumb/v7e-m+fp/hard/libgcc.a(_arm_unorddf2.o)
 .debug_abbrev  0x0000000000008740       0x14 /usr/lib/gcc/arm-none-eabi/10.3.1/thumb/v7e-m+fp/hard/libgcc.a(_arm_fixdfsi.o)
 .debug_abbrev  0x0000000000008754       0x14 /usr/lib/gcc/arm-none-eabi/10.3.1/thumb/v7e-m+fp/hard/libgcc.a(_aeabi_uldivmod.o)
 .debug_abbrev  0x0000000000008768      0x163 /usr/lib/gcc/arm-none-eabi/10.3.1/thumb/v7e-m+fp/hard/libgcc.a(_udivmoddi4.o)
 .debug_abbrev  0x00000000000088cb       0x14 /usr/lib/gcc/arm-none-eabi/10.3.1/thumb/v7e-m+fp/hard/libgcc.a(_dvmd_tls.o)
 .debug_abbrev  0x00000000000088df       0x6d /usr/lib/gcc/arm-none-eabi/10.3.1/../../../arm-none-eabi/lib/thumb/v7e-m+fp/hard/libnosys.a(close.o)
 .debug_abbrev  0x000000000000894c       0xcc /usr/lib/gcc/arm-none-eabi/10.3.1/../../../arm-none-eabi/lib/thumb/v7e-m+fp/hard/libnosys.a(fstat.o)
 .debug_abbrev  0x0000000000008a18       0x59 /usr/lib/gcc/arm-none-eabi/10.3.1/../../../arm-none-eabi/lib/thumb/v7e-m+fp/hard/libnosys.a(getpid.o)
 .debug_abbrev  0x0000000000008a71       0x6d /usr/lib/gcc/arm-none-eabi/10.3.1/../../../arm-none-eabi/lib/thumb/v7e-m+fp/hard/libnosys.a(isatty.o)
 .debug_abbrev  0x0000000000008ade       0x7e /usr/lib/gcc/arm-none-eabi/10.3.1/../../../arm-none-eabi/lib/thumb/v7e-m+fp/hard/libnosys.a(kill.o)
 .debug_abbrev  0x0000000000008b5c       0x92 /usr/lib/gcc/arm-none-eabi/10.3.1/../../../arm-none-eabi/lib/thumb/v7e-m+fp/hard/libnosys.a(lseek.o)
 .debug_abbrev  0x0000000000008bee       0x9b /usr/lib/gcc/arm-none-eabi/10.3.1/../../../arm-none-eabi/lib/thumb/v7e-m+fp/hard/libnosys.a(read.o)
 .debug_abbrev  0x0000000000008c89       0xa2 /usr/lib/gcc/arm-none-eabi/10.3.1/../../../arm-none-eabi/lib/thumb/v7e-m+fp/hard/libnosys.a(sbrk.o)
 .debug_abbrev  0x0000000000008d2b       0x9b /usr/lib/gcc/arm-none-eabi/10.3.1/../../../arm-none-eabi/lib/thumb/v7e-m+fp/hard/libnosys.a(write.o)
 .debug_abbrev  0x0000000000008dc6       0x6a /usr/lib/gcc/arm-none-eabi/10.3.1/../../../arm-none-eabi/lib/thumb/v7e-m+fp/hard/libnosys.a(_exit.o)

.debug_loc      0x0000000000000000    0x186c3
 .debug_loc     0x0000000000000000       0xdb sdram.o
 .debug_loc     0x00000000000000db       0x3a clock.o
 .debug_loc     0x0000000000000115      0x1f3 console.o
 .debug_loc     0x0000000000000308      0x475 lcd-spi.o
 .debug_loc     0x000000000000077d     0x165a gfx.o
 .debug_loc     0x0000000000001dd7       0x23 lcd-serial.o
 .debug_loc     0x0000000000001dfa      0x590 ../../../../../libopencm3//lib/libopencm3_stm32f4.a(fmc_common_f47.o)
 .debug_loc     0x000000000000238a       0xbe ../../../../../libopencm3//lib/libopencm3_stm32f4.a(gpio_common_all.o)
 .debug_loc     0x0000000000002448      0x14f ../../../../../libopencm3//lib/libopencm3_stm32f4.a(gpio_common_f0234.o)
 .debug_loc     0x0000000000002597      0x120 ../../../../../libopencm3//lib/libopencm3_stm32f4.a(rcc_common_all.o)
 .debug_loc     0x00000000000026b7      0x867 ../../../../../libopencm3//lib/libopencm3_stm32f4.a(rcc.o)
 .debug_loc     0x0000000000002f1e      0x170 ../../../../../libopencm3//lib/libopencm3_stm32f4.a(spi_common_all.o)
 .debug_loc     0x000000000000308e      0x149 ../../../../../libopencm3//lib/libopencm3_stm32f4.a(spi_common_v1.o)
 .debug_loc     0x00000000000031d7      0x1e1 ../../../../../libopencm3//lib/libopencm3_stm32f4.a(usart_common_all.o)
 .debug_loc     0x00000000000033b8      0x128 ../../../../../libopencm3//lib/libopencm3_stm32f4.a(vector.o)
 .debug_loc     0x00000000000034e0      0x192 ../../../../../libopencm3//lib/libopencm3_stm32f4.a(systick.o)
 .debug_loc     0x0000000000003672       0x25 ../../../../../libopencm3//lib/libopencm3_stm32f4.a(scb.o)
 .debug_loc     0x0000000000003697      0x14d ../../../../../libopencm3//lib/libopencm3_stm32f4.a(nvic.o)
 .debug_loc     0x00000000000037e4       0x47 ../../../../../libopencm3//lib/libopencm3_stm32f4.a(flash_common_all.o)
 .debug_loc     0x000000000000382b       0x47 ../../../../../libopencm3//lib/libopencm3_stm32f4.a(pwr.o)
 .debug_loc     0x0000000000003872       0xb7 /usr/lib/gcc/arm-none-eabi/10.3.1/../../../arm-none-eabi/lib/thumb/v7e-m+fp/hard/libc.a(lib_a-sprintf.o)
 .debug_loc     0x0000000000003929     0x340a /usr/lib/gcc/arm-none-eabi/10.3.1/../../../arm-none-eabi/lib/thumb/v7e-m+fp/hard/libc.a(lib_a-svfprintf.o)
 .debug_loc     0x0000000000006d33     0x3328 /usr/lib/gcc/arm-none-eabi/10.3.1/../../../arm-none-eabi/lib/thumb/v7e-m+fp/hard/libc.a(lib_a-dtoa.o)
 .debug_loc     0x000000000000a05b       0x6f /usr/lib/gcc/arm-none-eabi/10.3.1/../../../arm-none-eabi/lib/thumb/v7e-m+fp/hard/libc.a(lib_a-localeconv.o)
 .debug_loc     0x000000000000a0ca      0xea2 /usr/lib/gcc/arm-none-eabi/10.3.1/../../../arm-none-eabi/lib/thumb/v7e-m+fp/hard/libc.a(lib_a-mallocr.o)
 .debug_loc     0x000000000000af6c     0x2704 /usr/lib/gcc/arm-none-eabi/10.3.1/../../../arm-none-eabi/lib/thumb/v7e-m+fp/hard/libc.a(lib_a-mprec.o)
 .debug_loc     0x000000000000d670       0x6c /usr/lib/gcc/arm-none-eabi/10.3.1/../../../arm-none-eabi/lib/thumb/v7e-m+fp/hard/libc.a(lib_a-sbrkr.o)
 .debug_loc     0x000000000000d6dc     0x1658 /usr/lib/gcc/arm-none-eabi/10.3.1/../../../arm-none-eabi/lib/thumb/v7e-m+fp/hard/libc.a(lib_a-svfiprintf.o)
 .debug_loc     0x000000000000ed34      0x185 /usr/lib/gcc/arm-none-eabi/10.3.1/../../../arm-none-eabi/lib/thumb/v7e-m+fp/hard/libc.a(lib_a-assert.o)
 .debug_loc     0x000000000000eeb9      0x2d6 /usr/lib/gcc/arm-none-eabi/10.3.1/../../../arm-none-eabi/lib/thumb/v7e-m+fp/hard/libc.a(lib_a-callocr.o)
 .debug_loc     0x000000000000f18f       0xa6 /usr/lib/gcc/arm-none-eabi/10.3.1/../../../arm-none-eabi/lib/thumb/v7e-m+fp/hard/libc.a(lib_a-fiprintf.o)
 .debug_loc     0x000000000000f235      0x6cc /usr/lib/gcc/arm-none-eabi/10.3.1/../../../arm-none-eabi/lib/thumb/v7e-m+fp/hard/libc.a(lib_a-freer.o)
 .debug_loc     0x000000000000f901      0x27d /usr/lib/gcc/arm-none-eabi/10.3.1/../../../arm-none-eabi/lib/thumb/v7e-m+fp/hard/libc.a(lib_a-locale.o)
 .debug_loc     0x000000000000fb7e      0x21d /usr/lib/gcc/arm-none-eabi/10.3.1/../../../arm-none-eabi/lib/thumb/v7e-m+fp/hard/libc.a(lib_a-mbtowc_r.o)
 .debug_loc     0x000000000000fd9b      0x34f /usr/lib/gcc/arm-none-eabi/10.3.1/../../../arm-none-eabi/lib/thumb/v7e-m+fp/hard/libc.a(lib_a-memmove.o)
 .debug_loc     0x00000000000100ea      0x22c /usr/lib/gcc/arm-none-eabi/10.3.1/../../../arm-none-eabi/lib/thumb/v7e-m+fp/hard/libc.a(lib_a-memset.o)
 .debug_loc     0x0000000000010316     0x17d9 /usr/lib/gcc/arm-none-eabi/10.3.1/../../../arm-none-eabi/lib/thumb/v7e-m+fp/hard/libc.a(lib_a-reallocr.o)
 .debug_loc     0x0000000000011aef      0x23e /usr/lib/gcc/arm-none-eabi/10.3.1/../../../arm-none-eabi/lib/thumb/v7e-m+fp/hard/libc.a(lib_a-reent.o)
 .debug_loc     0x0000000000011d2d     0x23a3 /usr/lib/gcc/arm-none-eabi/10.3.1/../../../arm-none-eabi/lib/thumb/v7e-m+fp/hard/libc.a(lib_a-vfiprintf.o)
 .debug_loc     0x00000000000140d0      0x13a /usr/lib/gcc/arm-none-eabi/10.3.1/../../../arm-none-eabi/lib/thumb/v7e-m+fp/hard/libc.a(lib_a-wctomb_r.o)
 .debug_loc     0x000000000001420a       0xe7 /usr/lib/gcc/arm-none-eabi/10.3.1/../../../arm-none-eabi/lib/thumb/v7e-m+fp/hard/libc.a(lib_a-wsetup.o)
 .debug_loc     0x00000000000142f1      0x441 /usr/lib/gcc/arm-none-eabi/10.3.1/../../../arm-none-eabi/lib/thumb/v7e-m+fp/hard/libc.a(lib_a-fflush.o)
 .debug_loc     0x0000000000014732      0x3cc /usr/lib/gcc/arm-none-eabi/10.3.1/../../../arm-none-eabi/lib/thumb/v7e-m+fp/hard/libc.a(lib_a-findfp.o)
 .debug_loc     0x0000000000014afe      0x396 /usr/lib/gcc/arm-none-eabi/10.3.1/../../../arm-none-eabi/lib/thumb/v7e-m+fp/hard/libc.a(lib_a-fputwc.o)
 .debug_loc     0x0000000000014e94      0x76c /usr/lib/gcc/arm-none-eabi/10.3.1/../../../arm-none-eabi/lib/thumb/v7e-m+fp/hard/libc.a(lib_a-fvwrite.o)
 .debug_loc     0x0000000000015600      0x1bf /usr/lib/gcc/arm-none-eabi/10.3.1/../../../arm-none-eabi/lib/thumb/v7e-m+fp/hard/libc.a(lib_a-fwalk.o)
 .debug_loc     0x00000000000157bf      0x39f /usr/lib/gcc/arm-none-eabi/10.3.1/../../../arm-none-eabi/lib/thumb/v7e-m+fp/hard/libc.a(lib_a-makebuf.o)
 .debug_loc     0x0000000000015b5e      0x967 /usr/lib/gcc/arm-none-eabi/10.3.1/../../../arm-none-eabi/lib/thumb/v7e-m+fp/hard/libc.a(lib_a-signal.o)
 .debug_loc     0x00000000000164c5       0xd0 /usr/lib/gcc/arm-none-eabi/10.3.1/../../../arm-none-eabi/lib/thumb/v7e-m+fp/hard/libc.a(lib_a-signalr.o)
 .debug_loc     0x0000000000016595      0x3a0 /usr/lib/gcc/arm-none-eabi/10.3.1/../../../arm-none-eabi/lib/thumb/v7e-m+fp/hard/libc.a(lib_a-stdio.o)
 .debug_loc     0x0000000000016935      0x1b0 /usr/lib/gcc/arm-none-eabi/10.3.1/../../../arm-none-eabi/lib/thumb/v7e-m+fp/hard/libc.a(lib_a-wbuf.o)
 .debug_loc     0x0000000000016ae5      0x2b1 /usr/lib/gcc/arm-none-eabi/10.3.1/../../../arm-none-eabi/lib/thumb/v7e-m+fp/hard/libc.a(lib_a-wcrtomb.o)
 .debug_loc     0x0000000000016d96       0xf7 /usr/lib/gcc/arm-none-eabi/10.3.1/../../../arm-none-eabi/lib/thumb/v7e-m+fp/hard/libc.a(lib_a-writer.o)
 .debug_loc     0x0000000000016e8d       0x6c /usr/lib/gcc/arm-none-eabi/10.3.1/../../../arm-none-eabi/lib/thumb/v7e-m+fp/hard/libc.a(lib_a-closer.o)
 .debug_loc     0x0000000000016ef9      0x2f1 /usr/lib/gcc/arm-none-eabi/10.3.1/../../../arm-none-eabi/lib/thumb/v7e-m+fp/hard/libc.a(lib_a-fclose.o)
 .debug_loc     0x00000000000171ea       0xab /usr/lib/gcc/arm-none-eabi/10.3.1/../../../arm-none-eabi/lib/thumb/v7e-m+fp/hard/libc.a(lib_a-fstatr.o)
 .debug_loc     0x0000000000017295       0x6c /usr/lib/gcc/arm-none-eabi/10.3.1/../../../arm-none-eabi/lib/thumb/v7e-m+fp/hard/libc.a(lib_a-isattyr.o)
 .debug_loc     0x0000000000017301       0xf7 /usr/lib/gcc/arm-none-eabi/10.3.1/../../../arm-none-eabi/lib/thumb/v7e-m+fp/hard/libc.a(lib_a-lseekr.o)
 .debug_loc     0x00000000000173f8       0xf7 /usr/lib/gcc/arm-none-eabi/10.3.1/../../../arm-none-eabi/lib/thumb/v7e-m+fp/hard/libc.a(lib_a-readr.o)
 .debug_loc     0x00000000000174ef     0x100f /usr/lib/gcc/arm-none-eabi/10.3.1/thumb/v7e-m+fp/hard/libgcc.a(_udivmoddi4.o)
 .debug_loc     0x00000000000184fe       0x25 /usr/lib/gcc/arm-none-eabi/10.3.1/../../../arm-none-eabi/lib/thumb/v7e-m+fp/hard/libnosys.a(close.o)
 .debug_loc     0x0000000000018523       0x25 /usr/lib/gcc/arm-none-eabi/10.3.1/../../../arm-none-eabi/lib/thumb/v7e-m+fp/hard/libnosys.a(fstat.o)
 .debug_loc     0x0000000000018548       0x25 /usr/lib/gcc/arm-none-eabi/10.3.1/../../../arm-none-eabi/lib/thumb/v7e-m+fp/hard/libnosys.a(isatty.o)
 .debug_loc     0x000000000001856d       0x25 /usr/lib/gcc/arm-none-eabi/10.3.1/../../../arm-none-eabi/lib/thumb/v7e-m+fp/hard/libnosys.a(kill.o)
 .debug_loc     0x0000000000018592       0x4a /usr/lib/gcc/arm-none-eabi/10.3.1/../../../arm-none-eabi/lib/thumb/v7e-m+fp/hard/libnosys.a(lseek.o)
 .debug_loc     0x00000000000185dc       0x4a /usr/lib/gcc/arm-none-eabi/10.3.1/../../../arm-none-eabi/lib/thumb/v7e-m+fp/hard/libnosys.a(read.o)
 .debug_loc     0x0000000000018626       0x3e /usr/lib/gcc/arm-none-eabi/10.3.1/../../../arm-none-eabi/lib/thumb/v7e-m+fp/hard/libnosys.a(sbrk.o)
 .debug_loc     0x0000000000018664       0x4a /usr/lib/gcc/arm-none-eabi/10.3.1/../../../arm-none-eabi/lib/thumb/v7e-m+fp/hard/libnosys.a(write.o)
 .debug_loc     0x00000000000186ae       0x15 /usr/lib/gcc/arm-none-eabi/10.3.1/../../../arm-none-eabi/lib/thumb/v7e-m+fp/hard/libnosys.a(_exit.o)

.debug_aranges  0x0000000000000000     0x1070
 .debug_aranges
                0x0000000000000000       0x20 sdram.o
 .debug_aranges
                0x0000000000000020       0x38 clock.o
 .debug_aranges
                0x0000000000000058       0x48 console.o
 .debug_aranges
                0x00000000000000a0       0x40 lcd-spi.o
 .debug_aranges
                0x00000000000000e0       0xf8 gfx.o
 .debug_aranges
                0x00000000000001d8       0x20 lcd-serial.o
 .debug_aranges
                0x00000000000001f8       0x28 ../../../../../libopencm3//lib/libopencm3_stm32f4.a(fmc_common_f47.o)
 .debug_aranges
                0x0000000000000220       0x50 ../../../../../libopencm3//lib/libopencm3_stm32f4.a(gpio_common_all.o)
 .debug_aranges
                0x0000000000000270       0x30 ../../../../../libopencm3//lib/libopencm3_stm32f4.a(gpio_common_f0234.o)
 .debug_aranges
                0x00000000000002a0       0x60 ../../../../../libopencm3//lib/libopencm3_stm32f4.a(rcc_common_all.o)
 .debug_aranges
                0x0000000000000300      0x110 ../../../../../libopencm3//lib/libopencm3_stm32f4.a(rcc.o)
 .debug_aranges
                0x0000000000000410      0x170 ../../../../../libopencm3//lib/libopencm3_stm32f4.a(spi_common_all.o)
 .debug_aranges
                0x0000000000000580       0x30 ../../../../../libopencm3//lib/libopencm3_stm32f4.a(spi_common_v1.o)
 .debug_aranges
                0x00000000000005b0       0xd8 ../../../../../libopencm3//lib/libopencm3_stm32f4.a(usart_common_all.o)
 .debug_aranges
                0x0000000000000688       0x30 ../../../../../libopencm3//lib/libopencm3_stm32f4.a(vector.o)
 .debug_aranges
                0x00000000000006b8       0x78 ../../../../../libopencm3//lib/libopencm3_stm32f4.a(systick.o)
 .debug_aranges
                0x0000000000000730       0x30 ../../../../../libopencm3//lib/libopencm3_stm32f4.a(scb.o)
 .debug_aranges
                0x0000000000000760       0x60 ../../../../../libopencm3//lib/libopencm3_stm32f4.a(nvic.o)
 .debug_aranges
                0x00000000000007c0       0x38 ../../../../../libopencm3//lib/libopencm3_stm32f4.a(flash_common_all.o)
 .debug_aranges
                0x00000000000007f8       0x48 ../../../../../libopencm3//lib/libopencm3_stm32f4.a(flash_common_idcache.o)
 .debug_aranges
                0x0000000000000840       0x20 ../../../../../libopencm3//lib/libopencm3_stm32f4.a(pwr.o)
 .debug_aranges
                0x0000000000000860       0x20 /usr/lib/gcc/arm-none-eabi/10.3.1/../../../arm-none-eabi/lib/thumb/v7e-m+fp/hard/libc.a(lib_a-sprintf.o)
 .debug_aranges
                0x0000000000000880       0x20 /usr/lib/gcc/arm-none-eabi/10.3.1/../../../arm-none-eabi/lib/thumb/v7e-m+fp/hard/libc.a(lib_a-svfprintf.o)
 .debug_aranges
                0x00000000000008a0       0x20 /usr/lib/gcc/arm-none-eabi/10.3.1/../../../arm-none-eabi/lib/thumb/v7e-m+fp/hard/libc.a(lib_a-dtoa.o)
 .debug_aranges
                0x00000000000008c0       0x18 /usr/lib/gcc/arm-none-eabi/10.3.1/../../../arm-none-eabi/lib/thumb/v7e-m+fp/hard/libc.a(lib_a-impure.o)
 .debug_aranges
                0x00000000000008d8       0x20 /usr/lib/gcc/arm-none-eabi/10.3.1/../../../arm-none-eabi/lib/thumb/v7e-m+fp/hard/libc.a(lib_a-localeconv.o)
 .debug_aranges
                0x00000000000008f8       0x20 /usr/lib/gcc/arm-none-eabi/10.3.1/../../../arm-none-eabi/lib/thumb/v7e-m+fp/hard/libc.a(lib_a-mallocr.o)
 .debug_aranges
                0x0000000000000918       0x20 /usr/lib/gcc/arm-none-eabi/10.3.1/../../../arm-none-eabi/lib/thumb/v7e-m+fp/hard/libc.a(lib_a-memchr.o)
 .debug_aranges
                0x0000000000000938       0x20 /usr/lib/gcc/arm-none-eabi/10.3.1/../../../arm-none-eabi/lib/thumb/v7e-m+fp/hard/libc.a(lib_a-memcpy.o)
 .debug_aranges
                0x0000000000000958       0x20 /usr/lib/gcc/arm-none-eabi/10.3.1/../../../arm-none-eabi/lib/thumb/v7e-m+fp/hard/libc.a(lib_a-mlock.o)
 .debug_aranges
                0x0000000000000978       0x20 /usr/lib/gcc/arm-none-eabi/10.3.1/../../../arm-none-eabi/lib/thumb/v7e-m+fp/hard/libc.a(lib_a-mprec.o)
 .debug_aranges
                0x0000000000000998       0x20 /usr/lib/gcc/arm-none-eabi/10.3.1/../../../arm-none-eabi/lib/thumb/v7e-m+fp/hard/libc.a(lib_a-sbrkr.o)
 .debug_aranges
                0x00000000000009b8       0x20 /usr/lib/gcc/arm-none-eabi/10.3.1/../../../arm-none-eabi/lib/thumb/v7e-m+fp/hard/libc.a(lib_a-strlen.o)
 .debug_aranges
                0x00000000000009d8       0x20 /usr/lib/gcc/arm-none-eabi/10.3.1/../../../arm-none-eabi/lib/thumb/v7e-m+fp/hard/libc.a(lib_a-svfiprintf.o)
 .debug_aranges
                0x00000000000009f8       0x20 /usr/lib/gcc/arm-none-eabi/10.3.1/../../../arm-none-eabi/lib/thumb/v7e-m+fp/hard/libc.a(lib_a-assert.o)
 .debug_aranges
                0x0000000000000a18       0x20 /usr/lib/gcc/arm-none-eabi/10.3.1/../../../arm-none-eabi/lib/thumb/v7e-m+fp/hard/libc.a(lib_a-callocr.o)
 .debug_aranges
                0x0000000000000a38       0x20 /usr/lib/gcc/arm-none-eabi/10.3.1/../../../arm-none-eabi/lib/thumb/v7e-m+fp/hard/libc.a(lib_a-fiprintf.o)
 .debug_aranges
                0x0000000000000a58       0x20 /usr/lib/gcc/arm-none-eabi/10.3.1/../../../arm-none-eabi/lib/thumb/v7e-m+fp/hard/libc.a(lib_a-freer.o)
 .debug_aranges
                0x0000000000000a78       0x20 /usr/lib/gcc/arm-none-eabi/10.3.1/../../../arm-none-eabi/lib/thumb/v7e-m+fp/hard/libc.a(lib_a-locale.o)
 .debug_aranges
                0x0000000000000a98       0x20 /usr/lib/gcc/arm-none-eabi/10.3.1/../../../arm-none-eabi/lib/thumb/v7e-m+fp/hard/libc.a(lib_a-mbtowc_r.o)
 .debug_aranges
                0x0000000000000ab8       0x20 /usr/lib/gcc/arm-none-eabi/10.3.1/../../../arm-none-eabi/lib/thumb/v7e-m+fp/hard/libc.a(lib_a-memmove.o)
 .debug_aranges
                0x0000000000000ad8       0x20 /usr/lib/gcc/arm-none-eabi/10.3.1/../../../arm-none-eabi/lib/thumb/v7e-m+fp/hard/libc.a(lib_a-memset.o)
 .debug_aranges
                0x0000000000000af8       0x20 /usr/lib/gcc/arm-none-eabi/10.3.1/../../../arm-none-eabi/lib/thumb/v7e-m+fp/hard/libc.a(lib_a-reallocr.o)
 .debug_aranges
                0x0000000000000b18       0x20 /usr/lib/gcc/arm-none-eabi/10.3.1/../../../arm-none-eabi/lib/thumb/v7e-m+fp/hard/libc.a(lib_a-reent.o)
 .debug_aranges
                0x0000000000000b38       0x20 /usr/lib/gcc/arm-none-eabi/10.3.1/../../../arm-none-eabi/lib/thumb/v7e-m+fp/hard/libc.a(lib_a-strcmp.o)
 .debug_aranges
                0x0000000000000b58       0x20 /usr/lib/gcc/arm-none-eabi/10.3.1/../../../arm-none-eabi/lib/thumb/v7e-m+fp/hard/libc.a(lib_a-vfiprintf.o)
 .debug_aranges
                0x0000000000000b78       0x20 /usr/lib/gcc/arm-none-eabi/10.3.1/../../../arm-none-eabi/lib/thumb/v7e-m+fp/hard/libc.a(lib_a-wctomb_r.o)
 .debug_aranges
                0x0000000000000b98       0x20 /usr/lib/gcc/arm-none-eabi/10.3.1/../../../arm-none-eabi/lib/thumb/v7e-m+fp/hard/libc.a(lib_a-wsetup.o)
 .debug_aranges
                0x0000000000000bb8       0x20 /usr/lib/gcc/arm-none-eabi/10.3.1/../../../arm-none-eabi/lib/thumb/v7e-m+fp/hard/libc.a(lib_a-abort.o)
 .debug_aranges
                0x0000000000000bd8       0x18 /usr/lib/gcc/arm-none-eabi/10.3.1/../../../arm-none-eabi/lib/thumb/v7e-m+fp/hard/libc.a(lib_a-ctype_.o)
 .debug_aranges
                0x0000000000000bf0       0x20 /usr/lib/gcc/arm-none-eabi/10.3.1/../../../arm-none-eabi/lib/thumb/v7e-m+fp/hard/libc.a(lib_a-fflush.o)
 .debug_aranges
                0x0000000000000c10       0x20 /usr/lib/gcc/arm-none-eabi/10.3.1/../../../arm-none-eabi/lib/thumb/v7e-m+fp/hard/libc.a(lib_a-findfp.o)
 .debug_aranges
                0x0000000000000c30       0x20 /usr/lib/gcc/arm-none-eabi/10.3.1/../../../arm-none-eabi/lib/thumb/v7e-m+fp/hard/libc.a(lib_a-fputwc.o)
 .debug_aranges
                0x0000000000000c50       0x20 /usr/lib/gcc/arm-none-eabi/10.3.1/../../../arm-none-eabi/lib/thumb/v7e-m+fp/hard/libc.a(lib_a-fvwrite.o)
 .debug_aranges
                0x0000000000000c70       0x20 /usr/lib/gcc/arm-none-eabi/10.3.1/../../../arm-none-eabi/lib/thumb/v7e-m+fp/hard/libc.a(lib_a-fwalk.o)
 .debug_aranges
                0x0000000000000c90       0x20 /usr/lib/gcc/arm-none-eabi/10.3.1/../../../arm-none-eabi/lib/thumb/v7e-m+fp/hard/libc.a(lib_a-makebuf.o)
 .debug_aranges
                0x0000000000000cb0       0x20 /usr/lib/gcc/arm-none-eabi/10.3.1/../../../arm-none-eabi/lib/thumb/v7e-m+fp/hard/libc.a(lib_a-signal.o)
 .debug_aranges
                0x0000000000000cd0       0x20 /usr/lib/gcc/arm-none-eabi/10.3.1/../../../arm-none-eabi/lib/thumb/v7e-m+fp/hard/libc.a(lib_a-signalr.o)
 .debug_aranges
                0x0000000000000cf0       0x20 /usr/lib/gcc/arm-none-eabi/10.3.1/../../../arm-none-eabi/lib/thumb/v7e-m+fp/hard/libc.a(lib_a-stdio.o)
 .debug_aranges
                0x0000000000000d10       0x20 /usr/lib/gcc/arm-none-eabi/10.3.1/../../../arm-none-eabi/lib/thumb/v7e-m+fp/hard/libc.a(lib_a-wbuf.o)
 .debug_aranges