Archive member included to satisfy reference by file (symbol)

/usr/lib/gcc/arm-none-eabi/10.3.1/../../../arm-none-eabi/lib/thumb/v7e-m+fp/hard/libm.a(lib_a-s_cos.o)
                              lcd-serial.o (cos)
/usr/lib/gcc/arm-none-eabi/10.3.1/../../../arm-none-eabi/lib/thumb/v7e-m+fp/hard/libm.a(lib_a-s_sin.o)
                              lcd-serial.o (sin)
/usr/lib/gcc/arm-none-eabi/10.3.1/../../../arm-none-eabi/lib/thumb/v7e-m+fp/hard/libm.a(lib_a-e_rem_pio2.o)
                              /usr/lib/gcc/arm-none-eabi/10.3.1/../../../arm-none-eabi/lib/thumb/v7e-m+fp/hard/libm.a(lib_a-s_cos.o) (__ieee754_rem_pio2)
/usr/lib/gcc/arm-none-eabi/10.3.1/../../../arm-none-eabi/lib/thumb/v7e-m+fp/hard/libm.a(lib_a-k_cos.o)
                              /usr/lib/gcc/arm-none-eabi/10.3.1/../../../arm-none-eabi/lib/thumb/v7e-m+fp/hard/libm.a(lib_a-s_cos.o) (__kernel_cos)
/usr/lib/gcc/arm-none-eabi/10.3.1/../../../arm-none-eabi/lib/thumb/v7e-m+fp/hard/libm.a(lib_a-k_rem_pio2.o)
                              /usr/lib/gcc/arm-none-eabi/10.3.1/../../../arm-none-eabi/lib/thumb/v7e-m+fp/hard/libm.a(lib_a-e_rem_pio2.o) (__kernel_rem_pio2)
/usr/lib/gcc/arm-none-eabi/10.3.1/../../../arm-none-eabi/lib/thumb/v7e-m+fp/hard/libm.a(lib_a-k_sin.o)
                              /usr/lib/gcc/arm-none-eabi/10.3.1/../../../arm-none-eabi/lib/thumb/v7e-m+fp/hard/libm.a(lib_a-s_cos.o) (__kernel_sin)
/usr/lib/gcc/arm-none-eabi/10.3.1/../../../arm-none-eabi/lib/thumb/v7e-m+fp/hard/libm.a(lib_a-s_fabs.o)
                              /usr/lib/gcc/arm-none-eabi/10.3.1/../../../arm-none-eabi/lib/thumb/v7e-m+fp/hard/libm.a(lib_a-e_rem_pio2.o) (fabs)
/usr/lib/gcc/arm-none-eabi/10.3.1/../../../arm-none-eabi/lib/thumb/v7e-m+fp/hard/libm.a(lib_a-s_floor.o)
                              /usr/lib/gcc/arm-none-eabi/10.3.1/../../../arm-none-eabi/lib/thumb/v7e-m+fp/hard/libm.a(lib_a-k_rem_pio2.o) (floor)
/usr/lib/gcc/arm-none-eabi/10.3.1/../../../arm-none-eabi/lib/thumb/v7e-m+fp/hard/libm.a(lib_a-s_scalbn.o)
                              /usr/lib/gcc/arm-none-eabi/10.3.1/../../../arm-none-eabi/lib/thumb/v7e-m+fp/hard/libm.a(lib_a-k_rem_pio2.o) (scalbn)
../../../../../libopencm3//lib/libopencm3_stm32f4.a(fmc_common_f47.o)
                              sdram.o (sdram_timing)
../../../../../libopencm3//lib/libopencm3_stm32f4.a(gpio_common_all.o)
                              lcd-spi.o (gpio_set)
../../../../../libopencm3//lib/libopencm3_stm32f4.a(gpio_common_f0234.o)
                              sdram.o (gpio_mode_setup)
../../../../../libopencm3//lib/libopencm3_stm32f4.a(rcc_common_all.o)
                              sdram.o (rcc_periph_clock_enable)
../../../../../libopencm3//lib/libopencm3_stm32f4.a(rcc.o)
                              clock.o (rcc_clock_setup_pll)
../../../../../libopencm3//lib/libopencm3_stm32f4.a(spi_common_all.o)
                              lcd-spi.o (spi_enable)
../../../../../libopencm3//lib/libopencm3_stm32f4.a(spi_common_v1.o)
                              lcd-spi.o (spi_init_master)
../../../../../libopencm3//lib/libopencm3_stm32f4.a(usart_common_all.o)
                              console.o (usart_set_baudrate)
../../../../../libopencm3//lib/libopencm3_stm32f4.a(usart_common_f124.o)
                              ../../../../../libopencm3//lib/libopencm3_stm32f4.a(usart_common_all.o) (usart_send)
../../../../../libopencm3//lib/libopencm3_stm32f4.a(vector.o)
                              (reset_handler)
../../../../../libopencm3//lib/libopencm3_stm32f4.a(systick.o)
                              clock.o (systick_set_reload)
../../../../../libopencm3//lib/libopencm3_stm32f4.a(scb.o)
                              console.o (scb_reset_system)
../../../../../libopencm3//lib/libopencm3_stm32f4.a(nvic.o)
                              console.o (nvic_enable_irq)
../../../../../libopencm3//lib/libopencm3_stm32f4.a(flash_common_all.o)
                              ../../../../../libopencm3//lib/libopencm3_stm32f4.a(rcc.o) (flash_set_ws)
../../../../../libopencm3//lib/libopencm3_stm32f4.a(flash_common_idcache.o)
                              ../../../../../libopencm3//lib/libopencm3_stm32f4.a(rcc.o) (flash_dcache_enable)
../../../../../libopencm3//lib/libopencm3_stm32f4.a(pwr.o)
                              ../../../../../libopencm3//lib/libopencm3_stm32f4.a(rcc.o) (pwr_set_vos_scale)
/usr/lib/gcc/arm-none-eabi/10.3.1/thumb/v7e-m+fp/hard/libgcc.a(_arm_muldf3.o)
                              lcd-serial.o (__aeabi_dmul)
/usr/lib/gcc/arm-none-eabi/10.3.1/thumb/v7e-m+fp/hard/libgcc.a(_arm_addsubdf3.o)
                              /usr/lib/gcc/arm-none-eabi/10.3.1/../../../arm-none-eabi/lib/thumb/v7e-m+fp/hard/libm.a(lib_a-s_cos.o) (__aeabi_dsub)
/usr/lib/gcc/arm-none-eabi/10.3.1/thumb/v7e-m+fp/hard/libgcc.a(_arm_muldivdf3.o)
                              lcd-serial.o (__aeabi_ddiv)
/usr/lib/gcc/arm-none-eabi/10.3.1/thumb/v7e-m+fp/hard/libgcc.a(_arm_cmpdf2.o)
[...]
Memory Configuration

Name             Origin             Length             Attributes
rom              0x0000000008000000 0x0000000000200000 xr
ccm              0x0000000010000000 0x0000000000010000 xrw
ram              0x0000000020000000 0x0000000000030000 xrw
*default*        0x0000000000000000 0xffffffffffffffff

Linker script and memory map

LOAD sdram.o
LOAD clock.o
LOAD console.o
LOAD lcd-spi.o
LOAD gfx.o
LOAD lcd-serial.o
LOAD /usr/lib/gcc/arm-none-eabi/10.3.1/../../../arm-none-eabi/lib/thumb/v7e-m+fp/hard/libm.a
LOAD ../../../../../libopencm3//lib/libopencm3_stm32f4.a
START GROUP
LOAD /usr/lib/gcc/arm-none-eabi/10.3.1/../../../arm-none-eabi/lib/thumb/v7e-m+fp/hard/libc.a
LOAD /usr/lib/gcc/arm-none-eabi/10.3.1/thumb/v7e-m+fp/hard/libgcc.a
LOAD /usr/lib/gcc/arm-none-eabi/10.3.1/../../../arm-none-eabi/lib/thumb/v7e-m+fp/hard/libnosys.a
END GROUP
START GROUP
LOAD /usr/lib/gcc/arm-none-eabi/10.3.1/thumb/v7e-m+fp/hard/libgcc.a
LOAD /usr/lib/gcc/arm-none-eabi/10.3.1/../../../arm-none-eabi/lib/thumb/v7e-m+fp/hard/libg.a
LOAD /usr/lib/gcc/arm-none-eabi/10.3.1/../../../arm-none-eabi/lib/thumb/v7e-m+fp/hard/libc.a
END GROUP

.text           0x0000000008000000     0x3e24
 *(.vectors)
 .vectors       0x0000000008000000      0x1ac ../../../../../libopencm3//lib/libopencm3_stm32f4.a(vector.o)
                0x0000000008000000                vector_table
 *(.text*)
 .text.sdram_init
                0x00000000080001ac       0xf0 sdram.o
                0x00000000080001ac                sdram_init
 .text.sys_tick_handler
                0x000000000800029c       0x10 clock.o
                0x000000000800029c                sys_tick_handler
 .text.msleep   0x00000000080002ac       0x14 clock.o
                0x00000000080002ac                msleep
 .text.clock_setup
                0x00000000080002c0       0x28 clock.o
                0x00000000080002c0                clock_setup
 .text.usart1_isr
                0x00000000080002e8       0x50 console.o
                0x00000000080002e8                usart1_isr
 .text.console_putc
                0x0000000008000338       0x10 console.o
                0x0000000008000338                console_putc
 .text.console_puts
                0x0000000008000348       0x1e console.o
                0x0000000008000348                console_puts
 *fill*         0x0000000008000366        0x2 
 .text.console_setup
                0x0000000008000368       0x80 console.o
                0x0000000008000368                console_setup
 .text.lcd_command
                0x00000000080003e8       0x64 lcd-spi.o
 .text.print_hex.isra.0
                0x000000000800044c       0x44 lcd-spi.o
 .text.lcd_draw_pixel
                0x0000000008000490       0x14 lcd-spi.o
                0x0000000008000490                lcd_draw_pixel
 .text.lcd_show_frame
                0x00000000080004a4       0x68 lcd-spi.o
                0x00000000080004a4                lcd_show_frame
 .text.lcd_spi_init
                0x000000000800050c      0x1b0 lcd-spi.o
                0x000000000800050c                lcd_spi_init
 .text.gfx_drawPixel
                0x00000000080006bc       0x2c gfx.o
                0x00000000080006bc                gfx_drawPixel
 .text.gfx_init
                0x00000000080006e8       0x20 gfx.o
                0x00000000080006e8                gfx_init
 .text.gfx_drawCircle
                0x0000000008000708       0xfa gfx.o
                0x0000000008000708                gfx_drawCircle
 .text.gfx_drawCircleHelper
                0x0000000008000802       0xd8 gfx.o
                0x0000000008000802                gfx_drawCircleHelper
 .text.gfx_drawLine
                0x00000000080008da       0xb4 gfx.o
                0x00000000080008da                gfx_drawLine
 .text.gfx_drawFastVLine
                0x000000000800098e       0x16 gfx.o
                0x000000000800098e                gfx_drawFastVLine
 .text.gfx_fillCircleHelper
                0x00000000080009a4       0xfc gfx.o
                0x00000000080009a4                gfx_fillCircleHelper
 .text.gfx_fillCircle
                0x0000000008000aa0       0x30 gfx.o
                0x0000000008000aa0                gfx_fillCircle
 .text.gfx_drawFastHLine
                0x0000000008000ad0       0x16 gfx.o
                0x0000000008000ad0                gfx_drawFastHLine
 .text.gfx_fillRect
                0x0000000008000ae6       0x2a gfx.o
                0x0000000008000ae6                gfx_fillRect
 .text.gfx_fillScreen
                0x0000000008000b10       0x20 gfx.o
                0x0000000008000b10                gfx_fillScreen
 .text.gfx_drawRoundRect
                0x0000000008000b30       0xd6 gfx.o
                0x0000000008000b30                gfx_drawRoundRect
 .text.gfx_fillRoundRect
                0x0000000008000c06       0x78 gfx.o
                0x0000000008000c06                gfx_fillRoundRect
 *fill*         0x0000000008000c7e        0x2 
 .text.gfx_drawChar
                0x0000000008000c80       0xe4 gfx.o
                0x0000000008000c80                gfx_drawChar
 .text.gfx_write
                0x0000000008000d64       0x70 gfx.o
                0x0000000008000d64                gfx_write
 .text.gfx_puts
                0x0000000008000dd4       0x12 gfx.o
                0x0000000008000dd4                gfx_puts
 *fill*         0x0000000008000de6        0x2 
 .text.gfx_setCursor
                0x0000000008000de8        0xc gfx.o
                0x0000000008000de8                gfx_setCursor
 .text.gfx_setTextSize
                0x0000000008000df4       0x10 gfx.o
                0x0000000008000df4                gfx_setTextSize
 .text.gfx_setTextColor
                0x0000000008000e04        0xc gfx.o
                0x0000000008000e04                gfx_setTextColor
 .text.startup.main
                0x0000000008000e10      0x318 lcd-serial.o
                0x0000000008000e10                main
 .text          0x0000000008001128       0x90 /usr/lib/gcc/arm-none-eabi/10.3.1/../../../arm-none-eabi/lib/thumb/v7e-m+fp/hard/libm.a(lib_a-s_cos.o)
                0x0000000008001128                cos
 .text          0x00000000080011b8       0x90 /usr/lib/gcc/arm-none-eabi/10.3.1/../../../arm-none-eabi/lib/thumb/v7e-m+fp/hard/libm.a(lib_a-s_sin.o)
                0x00000000080011b8                sin
 .text          0x0000000008001248      0x44c /usr/lib/gcc/arm-none-eabi/10.3.1/../../../arm-none-eabi/lib/thumb/v7e-m+fp/hard/libm.a(lib_a-e_rem_pio2.o)
                0x0000000008001248                __ieee754_rem_pio2
 *fill*         0x0000000008001694        0x4 
 .text          0x0000000008001698      0x27c /usr/lib/gcc/arm-none-eabi/10.3.1/../../../arm-none-eabi/lib/thumb/v7e-m+fp/hard/libm.a(lib_a-k_cos.o)
                0x0000000008001698                __kernel_cos
 *fill*         0x0000000008001914        0x4 
 .text          0x0000000008001918      0x850 /usr/lib/gcc/arm-none-eabi/10.3.1/../../../arm-none-eabi/lib/thumb/v7e-m+fp/hard/libm.a(lib_a-k_rem_pio2.o)
                0x0000000008001918                __kernel_rem_pio2
 .text          0x0000000008002168      0x17c /usr/lib/gcc/arm-none-eabi/10.3.1/../../../arm-none-eabi/lib/thumb/v7e-m+fp/hard/libm.a(lib_a-k_sin.o)
                0x0000000008002168                __kernel_sin
 .text          0x00000000080022e4       0x14 /usr/lib/gcc/arm-none-eabi/10.3.1/../../../arm-none-eabi/lib/thumb/v7e-m+fp/hard/libm.a(lib_a-s_fabs.o)
                0x00000000080022e4                fabs
 .text          0x00000000080022f8      0x108 /usr/lib/gcc/arm-none-eabi/10.3.1/../../../arm-none-eabi/lib/thumb/v7e-m+fp/hard/libm.a(lib_a-s_floor.o)
                0x00000000080022f8                floor
 .text          0x0000000008002400      0x124 /usr/lib/gcc/arm-none-eabi/10.3.1/../../../arm-none-eabi/lib/thumb/v7e-m+fp/hard/libm.a(lib_a-s_scalbn.o)
                0x0000000008002400                scalbn
 .text.sdram_timing
                0x0000000008002524       0x4e ../../../../../libopencm3//lib/libopencm3_stm32f4.a(fmc_common_f47.o)
                0x0000000008002524                sdram_timing
 *fill*         0x0000000008002572        0x2 
 .text.sdram_command
                0x0000000008002574       0x60 ../../../../../libopencm3//lib/libopencm3_stm32f4.a(fmc_common_f47.o)
                0x0000000008002574                sdram_command
 .text.gpio_set
                0x00000000080025d4        0x4 ../../../../../libopencm3//lib/libopencm3_stm32f4.a(gpio_common_all.o)
                0x00000000080025d4                gpio_set
 .text.gpio_clear
                0x00000000080025d8        0x6 ../../../../../libopencm3//lib/libopencm3_stm32f4.a(gpio_common_all.o)
                0x00000000080025d8                gpio_clear
 .text.gpio_mode_setup
                0x00000000080025de       0x40 ../../../../../libopencm3//lib/libopencm3_stm32f4.a(gpio_common_f0234.o)
                0x00000000080025de                gpio_mode_setup
 .text.gpio_set_output_options
                0x000000000800261e       0x36 ../../../../../libopencm3//lib/libopencm3_stm32f4.a(gpio_common_f0234.o)
                0x000000000800261e                gpio_set_output_options
 .text.gpio_set_af
                0x0000000008002654       0x58 ../../../../../libopencm3//lib/libopencm3_stm32f4.a(gpio_common_f0234.o)
                0x0000000008002654                gpio_set_af
 .text.rcc_periph_clock_enable
                0x00000000080026ac       0x1c ../../../../../libopencm3//lib/libopencm3_stm32f4.a(rcc_common_all.o)
                0x00000000080026ac                rcc_periph_clock_enable
 .text.rcc_is_osc_ready
                0x00000000080026c8       0x64 ../../../../../libopencm3//lib/libopencm3_stm32f4.a(rcc.o)
                0x00000000080026c8                rcc_is_osc_ready
 .text.rcc_wait_for_osc_ready
                0x000000000800272c       0x10 ../../../../../libopencm3//lib/libopencm3_stm32f4.a(rcc.o)
                0x000000000800272c                rcc_wait_for_osc_ready
 .text.rcc_osc_on
                0x000000000800273c       0x74 ../../../../../libopencm3//lib/libopencm3_stm32f4.a(rcc.o)
                0x000000000800273c                rcc_osc_on
 .text.rcc_osc_off
                0x00000000080027b0       0x74 ../../../../../libopencm3//lib/libopencm3_stm32f4.a(rcc.o)
                0x00000000080027b0                rcc_osc_off
 .text.rcc_set_sysclk_source
                0x0000000008002824       0x18 ../../../../../libopencm3//lib/libopencm3_stm32f4.a(rcc.o)
                0x0000000008002824                rcc_set_sysclk_source
 .text.rcc_set_ppre2
                0x000000000800283c       0x18 ../../../../../libopencm3//lib/libopencm3_stm32f4.a(rcc.o)
                0x000000000800283c                rcc_set_ppre2
 .text.rcc_set_ppre1
                0x0000000008002854       0x18 ../../../../../libopencm3//lib/libopencm3_stm32f4.a(rcc.o)
                0x0000000008002854                rcc_set_ppre1
 .text.rcc_set_hpre
                0x000000000800286c       0x18 ../../../../../libopencm3//lib/libopencm3_stm32f4.a(rcc.o)
                0x000000000800286c                rcc_set_hpre
 .text.rcc_set_main_pll_hsi
                0x0000000008002884       0x44 ../../../../../libopencm3//lib/libopencm3_stm32f4.a(rcc.o)
                0x0000000008002884                rcc_set_main_pll_hsi
 .text.rcc_set_main_pll_hse
                0x00000000080028c8       0x44 ../../../../../libopencm3//lib/libopencm3_stm32f4.a(rcc.o)
                0x00000000080028c8                rcc_set_main_pll_hse
 .text.rcc_clock_setup_pll
                0x000000000800290c       0xe4 ../../../../../libopencm3//lib/libopencm3_stm32f4.a(rcc.o)
                0x000000000800290c                rcc_clock_setup_pll
 .text.spi_enable
                0x00000000080029f0        0xa ../../../../../libopencm3//lib/libopencm3_stm32f4.a(spi_common_all.o)
                0x00000000080029f0                spi_enable
 .text.spi_xfer
                0x00000000080029fa        0xe ../../../../../libopencm3//lib/libopencm3_stm32f4.a(spi_common_all.o)
                0x00000000080029fa                spi_xfer
 .text.spi_enable_ss_output
                0x0000000008002a08        0xa ../../../../../libopencm3//lib/libopencm3_stm32f4.a(spi_common_all.o)
                0x0000000008002a08                spi_enable_ss_output
 .text.spi_init_master
                0x0000000008002a12       0x28 ../../../../../libopencm3//lib/libopencm3_stm32f4.a(spi_common_v1.o)
                0x0000000008002a12                spi_init_master
 *fill*         0x0000000008002a3a        0x2 
 .text.usart_set_baudrate
                0x0000000008002a3c       0x2c ../../../../../libopencm3//lib/libopencm3_stm32f4.a(usart_common_all.o)
                0x0000000008002a3c                usart_set_baudrate
 .text.usart_set_databits
                0x0000000008002a68       0x12 ../../../../../libopencm3//lib/libopencm3_stm32f4.a(usart_common_all.o)
                0x0000000008002a68                usart_set_databits
 .text.usart_set_stopbits
                0x0000000008002a7a        0xc ../../../../../libopencm3//lib/libopencm3_stm32f4.a(usart_common_all.o)
                0x0000000008002a7a                usart_set_stopbits
 .text.usart_set_parity
                0x0000000008002a86        0xc ../../../../../libopencm3//lib/libopencm3_stm32f4.a(usart_common_all.o)
                0x0000000008002a86                usart_set_parity
 .text.usart_set_mode
                0x0000000008002a92        0xc ../../../../../libopencm3//lib/libopencm3_stm32f4.a(usart_common_all.o)
                0x0000000008002a92                usart_set_mode
 .text.usart_set_flow_control
                0x0000000008002a9e        0xc ../../../../../libopencm3//lib/libopencm3_stm32f4.a(usart_common_all.o)
                0x0000000008002a9e                usart_set_flow_control
 .text.usart_enable
                0x0000000008002aaa        0xa ../../../../../libopencm3//lib/libopencm3_stm32f4.a(usart_common_all.o)
                0x0000000008002aaa                usart_enable
 .text.usart_enable_rx_interrupt
                0x0000000008002ab4        0xa ../../../../../libopencm3//lib/libopencm3_stm32f4.a(usart_common_all.o)
                0x0000000008002ab4                usart_enable_rx_interrupt
 .text.blocking_handler
                0x0000000008002abe        0x2 ../../../../../libopencm3//lib/libopencm3_stm32f4.a(vector.o)
                0x0000000008002abe                dma2_stream1_isr
                0x0000000008002abe                tim8_brk_tim12_isr
                0x0000000008002abe                dma1_stream7_isr
                0x0000000008002abe                usart3_isr
                0x0000000008002abe                tim7_isr
                0x0000000008002abe                dma2d_isr
                0x0000000008002abe                uart8_isr
                0x0000000008002abe                dma1_stream2_isr
                0x0000000008002abe                otg_hs_isr
                0x0000000008002abe                blocking_handler
                0x0000000008002abe                tim5_isr
                0x0000000008002abe                rtc_wkup_isr
                0x0000000008002abe                otg_fs_isr
                0x0000000008002abe                spi1_isr
                0x0000000008002abe                i2c3_er_isr
                0x0000000008002abe                exti2_isr
                0x0000000008002abe                spi5_isr
                0x0000000008002abe                usb_fs_wkup_isr
                0x0000000008002abe                tamp_stamp_isr
                0x0000000008002abe                can1_rx1_isr
                0x0000000008002abe                dma2_stream0_isr
                0x0000000008002abe                i2c3_ev_isr
                0x0000000008002abe                usage_fault_handler
                0x0000000008002abe                can2_rx0_isr
                0x0000000008002abe                dma1_stream6_isr
                0x0000000008002abe                can2_rx1_isr
                0x0000000008002abe                can1_sce_isr
                0x0000000008002abe                tim1_cc_isr
                0x0000000008002abe                can1_tx_isr
                0x0000000008002abe                tim1_up_tim10_isr
                0x0000000008002abe                sdio_isr
                0x0000000008002abe                eth_isr
                0x0000000008002abe                spi6_isr
                0x0000000008002abe                dma2_stream5_isr
                0x0000000008002abe                pvd_isr
                0x0000000008002abe                can1_rx0_isr
                0x0000000008002abe                rcc_isr
                0x0000000008002abe                dma2_stream3_isr
                0x0000000008002abe                flash_isr
                0x0000000008002abe                uart4_isr
                0x0000000008002abe                lcd_tft_isr
                0x0000000008002abe                rtc_alarm_isr
                0x0000000008002abe                exti15_10_isr
                0x0000000008002abe                hash_rng_isr
                0x0000000008002abe                tim1_trg_com_tim11_isr
                0x0000000008002abe                hard_fault_handler
                0x0000000008002abe                exti1_isr
                0x0000000008002abe                i2c1_ev_isr
                0x0000000008002abe                usart6_isr
                0x0000000008002abe                spi2_isr
                0x0000000008002abe                cryp_isr
                0x0000000008002abe                nvic_wwdg_isr
                0x0000000008002abe                dma1_stream1_isr
                0x0000000008002abe                dma2_stream4_isr
                0x0000000008002abe                exti3_isr
                0x0000000008002abe                tim3_isr
                0x0000000008002abe                usart2_isr
                0x0000000008002abe                sai1_isr
                0x0000000008002abe                fpu_isr
                0x0000000008002abe                dma1_stream4_isr
                0x0000000008002abe                i2c2_er_isr
                0x0000000008002abe                i2c2_ev_isr
                0x0000000008002abe                uart5_isr
                0x0000000008002abe                dma2_stream6_isr
                0x0000000008002abe                spi4_isr
                0x0000000008002abe                adc_isr
                0x0000000008002abe                dma2_stream7_isr
                0x0000000008002abe                tim8_up_tim13_isr
                0x0000000008002abe                fsmc_isr
                0x0000000008002abe                exti4_isr
                0x0000000008002abe                tim6_dac_isr
                0x0000000008002abe                dma1_stream3_isr
                0x0000000008002abe                tim8_trg_com_tim14_isr
                0x0000000008002abe                mem_manage_handler
                0x0000000008002abe                lcd_tft_err_isr
                0x0000000008002abe                can2_tx_isr
                0x0000000008002abe                exti9_5_isr
                0x0000000008002abe                tim1_brk_tim9_isr
                0x0000000008002abe                uart7_isr
                0x0000000008002abe                can2_sce_isr
                0x0000000008002abe                tim4_isr
                0x0000000008002abe                otg_hs_wkup_isr
                0x0000000008002abe                i2c1_er_isr
                0x0000000008002abe                dma1_stream0_isr
                0x0000000008002abe                tim8_cc_isr
                0x0000000008002abe                dcmi_isr
                0x0000000008002abe                dma2_stream2_isr
                0x0000000008002abe                eth_wkup_isr
                0x0000000008002abe                bus_fault_handler
                0x0000000008002abe                otg_hs_ep1_out_isr
                0x0000000008002abe                spi3_isr
                0x0000000008002abe                dma1_stream5_isr
                0x0000000008002abe                otg_hs_ep1_in_isr
                0x0000000008002abe                tim2_isr
                0x0000000008002abe                exti0_isr
 .text.null_handler
                0x0000000008002ac0        0x2 ../../../../../libopencm3//lib/libopencm3_stm32f4.a(vector.o)
                0x0000000008002ac0                null_handler
                0x0000000008002ac0                sv_call_handler
                0x0000000008002ac0                pend_sv_handler
                0x0000000008002ac0                debug_monitor_handler
                0x0000000008002ac0                nmi_handler
 *fill*         0x0000000008002ac2        0x2 
 .text.reset_handler
                0x0000000008002ac4       0xa0 ../../../../../libopencm3//lib/libopencm3_stm32f4.a(vector.o)
                0x0000000008002ac4                reset_handler
 .text.systick_set_reload
                0x0000000008002b64        0xc ../../../../../libopencm3//lib/libopencm3_stm32f4.a(systick.o)
                0x0000000008002b64                systick_set_reload
 .text.systick_set_clocksource
                0x0000000008002b70       0x14 ../../../../../libopencm3//lib/libopencm3_stm32f4.a(systick.o)
                0x0000000008002b70                systick_set_clocksource
 .text.systick_interrupt_enable
                0x0000000008002b84        0xe ../../../../../libopencm3//lib/libopencm3_stm32f4.a(systick.o)
                0x0000000008002b84                systick_interrupt_enable
 .text.systick_counter_enable
                0x0000000008002b92        0xe ../../../../../libopencm3//lib/libopencm3_stm32f4.a(systick.o)
                0x0000000008002b92                systick_counter_enable
 .text.scb_reset_system
                0x0000000008002ba0       0x10 ../../../../../libopencm3//lib/libopencm3_stm32f4.a(scb.o)
                0x0000000008002ba0                scb_reset_system
 .text.nvic_enable_irq
                0x0000000008002bb0       0x1c ../../../../../libopencm3//lib/libopencm3_stm32f4.a(nvic.o)
                0x0000000008002bb0                nvic_enable_irq
 .text.flash_set_ws
                0x0000000008002bcc       0x18 ../../../../../libopencm3//lib/libopencm3_stm32f4.a(flash_common_all.o)
                0x0000000008002bcc                flash_set_ws
 .text.flash_dcache_enable
                0x0000000008002be4       0x14 ../../../../../libopencm3//lib/libopencm3_stm32f4.a(flash_common_idcache.o)
                0x0000000008002be4                flash_dcache_enable
 .text.flash_dcache_disable
                0x0000000008002bf8       0x14 ../../../../../libopencm3//lib/libopencm3_stm32f4.a(flash_common_idcache.o)
                0x0000000008002bf8                flash_dcache_disable
 .text.flash_icache_enable
                0x0000000008002c0c       0x14 ../../../../../libopencm3//lib/libopencm3_stm32f4.a(flash_common_idcache.o)
                0x0000000008002c0c                flash_icache_enable
 .text.flash_icache_disable
                0x0000000008002c20       0x14 ../../../../../libopencm3//lib/libopencm3_stm32f4.a(flash_common_idcache.o)
                0x0000000008002c20                flash_icache_disable
 .text.pwr_set_vos_scale
                0x0000000008002c34       0x18 ../../../../../libopencm3//lib/libopencm3_stm32f4.a(pwr.o)
                0x0000000008002c34                pwr_set_vos_scale
 .text          0x0000000008002c4c      0x378 /usr/lib/gcc/arm-none-eabi/10.3.1/thumb/v7e-m+fp/hard/libgcc.a(_arm_addsubdf3.o)
                0x0000000008002c4c                __aeabi_drsub
                0x0000000008002c54                __aeabi_dsub
                0x0000000008002c54                __subdf3
                0x0000000008002c58                __adddf3
                0x0000000008002c58                __aeabi_dadd
                0x0000000008002ed0                __aeabi_ui2d
                0x0000000008002ed0                __floatunsidf
                0x0000000008002ef0                __floatsidf
                0x0000000008002ef0                __aeabi_i2d
                0x0000000008002f14                __extendsfdf2
                0x0000000008002f14                __aeabi_f2d
                0x0000000008002f58                __aeabi_ul2d
                0x0000000008002f58                __floatundidf
                0x0000000008002f68                __floatdidf
                0x0000000008002f68                __aeabi_l2d
 .text          0x0000000008002fc4      0x424 /usr/lib/gcc/arm-none-eabi/10.3.1/thumb/v7e-m+fp/hard/libgcc.a(_arm_muldivdf3.o)
                0x0000000008002fc4                __aeabi_dmul
                0x0000000008002fc4                __muldf3
                0x0000000008003218                __aeabi_ddiv
                0x0000000008003218                __divdf3
 .text          0x00000000080033e8      0x110 /usr/lib/gcc/arm-none-eabi/10.3.1/thumb/v7e-m+fp/hard/libgcc.a(_arm_cmpdf2.o)
                0x00000000080033e8                __gtdf2
                0x00000000080033e8                __gedf2
                0x00000000080033f0                __ltdf2
                0x00000000080033f0                __ledf2
                0x00000000080033f8                __cmpdf2
                0x00000000080033f8                __eqdf2
                0x00000000080033f8                __nedf2
                0x0000000008003474                __aeabi_cdrcmple
                0x0000000008003484                __aeabi_cdcmple
                0x0000000008003484                __aeabi_cdcmpeq
                0x0000000008003494                __aeabi_dcmpeq
                0x00000000080034a8                __aeabi_dcmplt
                0x00000000080034bc                __aeabi_dcmple
                0x00000000080034d0                __aeabi_dcmpge
                0x00000000080034e4                __aeabi_dcmpgt
 .text          0x00000000080034f8       0x50 /usr/lib/gcc/arm-none-eabi/10.3.1/thumb/v7e-m+fp/hard/libgcc.a(_arm_fixdfsi.o)
                0x00000000080034f8                __fixdfsi
                0x00000000080034f8                __aeabi_d2iz
                0x0000000008003548                . = ALIGN (0x4)
 *(.rodata*)
 .rodata.sdram_pins
                0x0000000008003548       0x30 sdram.o
 .rodata.print_hex.isra.0.str1.1
                0x0000000008003578        0x3 lcd-spi.o
 .rodata.lcd_spi_init.str1.1
                0x000000000800357b       0x62 lcd-spi.o
 .rodata.cmd_args
                0x00000000080035dd       0x3a lcd-spi.o
 *fill*         0x0000000008003617        0x1 
 .rodata.initialization
                0x0000000008003618       0x50 lcd-spi.o
                0x0000000008003618                initialization
 .rodata.mcm_font
                0x0000000008003668      0x480 gfx.o
 .rodata.main.str1.1
                0x0000000008003ae8       0xeb lcd-serial.o
 *fill*         0x0000000008003bd3        0x1 
 .rodata        0x0000000008003bd4      0x188 /usr/lib/gcc/arm-none-eabi/10.3.1/../../../arm-none-eabi/lib/thumb/v7e-m+fp/hard/libm.a(lib_a-e_rem_pio2.o)
 *fill*         0x0000000008003d5c        0x4 
 .rodata        0x0000000008003d60       0x50 /usr/lib/gcc/arm-none-eabi/10.3.1/../../../arm-none-eabi/lib/thumb/v7e-m+fp/hard/libm.a(lib_a-k_rem_pio2.o)
 .rodata.CSWTCH.2
                0x0000000008003db0        0x3 ../../../../../libopencm3//lib/libopencm3_stm32f4.a(fmc_common_f47.o)
 *fill*         0x0000000008003db3        0x1 
 .rodata.rcc_hse_8mhz_3v3
                0x0000000008003db4       0x70 ../../../../../libopencm3//lib/libopencm3_stm32f4.a(rcc.o)
                0x0000000008003db4                rcc_hse_8mhz_3v3
                0x0000000008003e24                . = ALIGN (0x4)

.glue_7         0x0000000008003e24        0x0
 .glue_7        0x0000000008003e24        0x0 linker stubs

.glue_7t        0x0000000008003e24        0x0
 .glue_7t       0x0000000008003e24        0x0 linker stubs

.vfp11_veneer   0x0000000008003e24        0x0
 .vfp11_veneer  0x0000000008003e24        0x0 linker stubs

.v4_bx          0x0000000008003e24        0x0
 .v4_bx         0x0000000008003e24        0x0 linker stubs

.iplt           0x0000000008003e24        0x0
 .iplt          0x0000000008003e24        0x0 sdram.o

.rel.dyn        0x0000000008003e24        0x0
 .rel.iplt      0x0000000008003e24        0x0 sdram.o

.preinit_array  0x0000000008003e24        0x0
                0x0000000008003e24                . = ALIGN (0x4)
                0x0000000008003e24                __preinit_array_start = .
 *(.preinit_array)
                0x0000000008003e24                __preinit_array_end = .

.init_array     0x0000000008003e24        0x0
                0x0000000008003e24                . = ALIGN (0x4)
                0x0000000008003e24                __init_array_start = .
 *(SORT_BY_NAME(.init_array.*))
 *(.init_array)
                0x0000000008003e24                __init_array_end = .

.fini_array     0x0000000008003e24        0x0
                0x0000000008003e24                . = ALIGN (0x4)
                0x0000000008003e24                __fini_array_start = .
 *(.fini_array)
 *(SORT_BY_NAME(.fini_array.*))
                0x0000000008003e24                __fini_array_end = .

.ARM.extab
 *(.ARM.extab*)

.ARM.exidx      0x0000000008003e24        0x0
                0x0000000008003e24                __exidx_start = .
 *(.ARM.exidx*)
                0x0000000008003e24                __exidx_end = .
                0x0000000008003e24                . = ALIGN (0x4)
                0x0000000008003e24                _etext = .

.noinit
 *(.noinit*)
                0x0000000008003e24                . = ALIGN (0x4)

.data           0x0000000020000000       0x28 load address 0x0000000008003e24
                0x0000000020000000                _data = .
 *(.data*)
 .data.timing   0x0000000020000000       0x1c sdram.o
 .data.rcc_ahb_frequency
                0x000000002000001c        0x4 ../../../../../libopencm3//lib/libopencm3_stm32f4.a(rcc.o)
                0x000000002000001c                rcc_ahb_frequency
 .data.rcc_apb1_frequency
                0x0000000020000020        0x4 ../../../../../libopencm3//lib/libopencm3_stm32f4.a(rcc.o)
                0x0000000020000020                rcc_apb1_frequency
 .data.rcc_apb2_frequency
                0x0000000020000024        0x4 ../../../../../libopencm3//lib/libopencm3_stm32f4.a(rcc.o)
                0x0000000020000024                rcc_apb2_frequency
 *(.ramtext*)
                0x0000000020000028                . = ALIGN (0x4)
                0x0000000020000028                _edata = .
                0x0000000008003e24                _data_loadaddr = LOADADDR (.data)

.igot.plt       0x0000000020000028        0x0 load address 0x0000000008003e4c
 .igot.plt      0x0000000020000028        0x0 sdram.o

.bss            0x0000000020000028       0xa8 load address 0x0000000008003e4c
 *(.bss*)
 .bss.system_millis
                0x0000000020000028        0x4 clock.o
 .bss.recv_buf  0x000000002000002c       0x80 console.o
                0x000000002000002c                recv_buf
 .bss.recv_ndx_cur
                0x00000000200000ac        0x4 console.o
                0x00000000200000ac                recv_ndx_cur
 .bss.recv_ndx_nxt
                0x00000000200000b0        0x4 console.o
                0x00000000200000b0                recv_ndx_nxt
 .bss.cur_frame
                0x00000000200000b4        0x4 lcd-spi.o
                0x00000000200000b4                cur_frame
 .bss.display_frame
                0x00000000200000b8        0x4 lcd-spi.o
                0x00000000200000b8                display_frame
 .bss.__gfx_state
                0x00000000200000bc       0x14 gfx.o
                0x00000000200000bc                __gfx_state
 *(COMMON)
                0x00000000200000d0                . = ALIGN (0x4)
                0x00000000200000d0                _ebss = .

/DISCARD/
 *(.eh_frame)
                0x00000000200000d0                . = ALIGN (0x4)
                0x00000000200000d0                end = .
                0x0000000020030000                PROVIDE (_stack = (ORIGIN (ram) + LENGTH (ram)))
OUTPUT(lcd-serial.elf elf32-littlearm)
LOAD linker stubs

.debug_info     0x0000000000000000     0x9a2c
 .debug_info    0x0000000000000000      0x87e sdram.o
 .debug_info    0x000000000000087e      0x2fc clock.o
 .debug_info    0x0000000000000b7a      0x947 console.o
 .debug_info    0x00000000000014c1      0xd70 lcd-spi.o
 .debug_info    0x0000000000002231     0x1813 gfx.o
 .debug_info    0x0000000000003a44      0x771 lcd-serial.o
 .debug_info    0x00000000000041b5      0x231 /usr/lib/gcc/arm-none-eabi/10.3.1/../../../arm-none-eabi/lib/thumb/v7e-m+fp/hard/libm.a(lib_a-s_cos.o)
 .debug_info    0x00000000000043e6      0x23c /usr/lib/gcc/arm-none-eabi/10.3.1/../../../arm-none-eabi/lib/thumb/v7e-m+fp/hard/libm.a(lib_a-s_sin.o)
 .debug_info    0x0000000000004622      0x654 /usr/lib/gcc/arm-none-eabi/10.3.1/../../../arm-none-eabi/lib/thumb/v7e-m+fp/hard/libm.a(lib_a-e_rem_pio2.o)
 .debug_info    0x0000000000004c76      0x3f4 /usr/lib/gcc/arm-none-eabi/10.3.1/../../../arm-none-eabi/lib/thumb/v7e-m+fp/hard/libm.a(lib_a-k_cos.o)
 .debug_info    0x000000000000506a      0x605 /usr/lib/gcc/arm-none-eabi/10.3.1/../../../arm-none-eabi/lib/thumb/v7e-m+fp/hard/libm.a(lib_a-k_rem_pio2.o)
 .debug_info    0x000000000000566f      0x333 /usr/lib/gcc/arm-none-eabi/10.3.1/../../../arm-none-eabi/lib/thumb/v7e-m+fp/hard/libm.a(lib_a-k_sin.o)
 .debug_info    0x00000000000059a2      0x152 /usr/lib/gcc/arm-none-eabi/10.3.1/../../../arm-none-eabi/lib/thumb/v7e-m+fp/hard/libm.a(lib_a-s_fabs.o)
 .debug_info    0x0000000000005af4      0x226 /usr/lib/gcc/arm-none-eabi/10.3.1/../../../arm-none-eabi/lib/thumb/v7e-m+fp/hard/libm.a(lib_a-s_floor.o)
 .debug_info    0x0000000000005d1a      0x276 /usr/lib/gcc/arm-none-eabi/10.3.1/../../../arm-none-eabi/lib/thumb/v7e-m+fp/hard/libm.a(lib_a-s_scalbn.o)
 .debug_info    0x0000000000005f90      0x209 ../../../../../libopencm3//lib/libopencm3_stm32f4.a(fmc_common_f47.o)
 .debug_info    0x0000000000006199      0x24e ../../../../../libopencm3//lib/libopencm3_stm32f4.a(gpio_common_all.o)
 .debug_info    0x00000000000063e7      0x20f ../../../../../libopencm3//lib/libopencm3_stm32f4.a(gpio_common_f0234.o)
 .debug_info    0x00000000000065f6      0x950 ../../../../../libopencm3//lib/libopencm3_stm32f4.a(rcc_common_all.o)
 .debug_info    0x0000000000006f46     0x1027 ../../../../../libopencm3//lib/libopencm3_stm32f4.a(rcc.o)
 .debug_info    0x0000000000007f6d      0x81c ../../../../../libopencm3//lib/libopencm3_stm32f4.a(spi_common_all.o)
 .debug_info    0x0000000000008789      0x15e ../../../../../libopencm3//lib/libopencm3_stm32f4.a(spi_common_v1.o)
 .debug_info    0x00000000000088e7      0x5ac ../../../../../libopencm3//lib/libopencm3_stm32f4.a(usart_common_all.o)
 .debug_info    0x0000000000008e93      0x2e6 ../../../../../libopencm3//lib/libopencm3_stm32f4.a(vector.o)
 .debug_info    0x0000000000009179      0x268 ../../../../../libopencm3//lib/libopencm3_stm32f4.a(systick.o)
 .debug_info    0x00000000000093e1       0xd2 ../../../../../libopencm3//lib/libopencm3_stm32f4.a(scb.o)
 .debug_info    0x00000000000094b3      0x22d ../../../../../libopencm3//lib/libopencm3_stm32f4.a(nvic.o)
 .debug_info    0x00000000000096e0       0xf0 ../../../../../libopencm3//lib/libopencm3_stm32f4.a(flash_common_all.o)
 .debug_info    0x00000000000097d0       0xe8 ../../../../../libopencm3//lib/libopencm3_stm32f4.a(flash_common_idcache.o)
 .debug_info    0x00000000000098b8       0xdc ../../../../../libopencm3//lib/libopencm3_stm32f4.a(pwr.o)
 .debug_info    0x0000000000009994       0x26 /usr/lib/gcc/arm-none-eabi/10.3.1/thumb/v7e-m+fp/hard/libgcc.a(_arm_addsubdf3.o)
 .debug_info    0x00000000000099ba       0x26 /usr/lib/gcc/arm-none-eabi/10.3.1/thumb/v7e-m+fp/hard/libgcc.a(_arm_muldivdf3.o)
 .debug_info    0x00000000000099e0       0x26 /usr/lib/gcc/arm-none-eabi/10.3.1/thumb/v7e-m+fp/hard/libgcc.a(_arm_cmpdf2.o)
 .debug_info    0x0000000000009a06       0x26 /usr/lib/gcc/arm-none-eabi/10.3.1/thumb/v7e-m+fp/hard/libgcc.a(_arm_fixdfsi.o)

.debug_abbrev   0x0000000000000000     0x2849
 .debug_abbrev  0x0000000000000000      0x16b sdram.o
 .debug_abbrev  0x000000000000016b      0x1a7 clock.o
 .debug_abbrev  0x0000000000000312      0x1f7 console.o
 .debug_abbrev  0x0000000000000509      0x339 lcd-spi.o
 .debug_abbrev  0x0000000000000842      0x31f gfx.o
 .debug_abbrev  0x0000000000000b61       0xb6 lcd-serial.o
 .debug_abbrev  0x0000000000000c17      0x16e /usr/lib/gcc/arm-none-eabi/10.3.1/../../../arm-none-eabi/lib/thumb/v7e-m+fp/hard/libm.a(lib_a-s_cos.o)
 .debug_abbrev  0x0000000000000d85      0x179 /usr/lib/gcc/arm-none-eabi/10.3.1/../../../arm-none-eabi/lib/thumb/v7e-m+fp/hard/libm.a(lib_a-s_sin.o)
 .debug_abbrev  0x0000000000000efe      0x1b2 /usr/lib/gcc/arm-none-eabi/10.3.1/../../../arm-none-eabi/lib/thumb/v7e-m+fp/hard/libm.a(lib_a-e_rem_pio2.o)
 .debug_abbrev  0x00000000000010b0      0x133 /usr/lib/gcc/arm-none-eabi/10.3.1/../../../arm-none-eabi/lib/thumb/v7e-m+fp/hard/libm.a(lib_a-k_cos.o)
 .debug_abbrev  0x00000000000011e3      0x173 /usr/lib/gcc/arm-none-eabi/10.3.1/../../../arm-none-eabi/lib/thumb/v7e-m+fp/hard/libm.a(lib_a-k_rem_pio2.o)
 .debug_abbrev  0x0000000000001356      0x127 /usr/lib/gcc/arm-none-eabi/10.3.1/../../../arm-none-eabi/lib/thumb/v7e-m+fp/hard/libm.a(lib_a-k_sin.o)
 .debug_abbrev  0x000000000000147d       0xe9 /usr/lib/gcc/arm-none-eabi/10.3.1/../../../arm-none-eabi/lib/thumb/v7e-m+fp/hard/libm.a(lib_a-s_fabs.o)
 .debug_abbrev  0x0000000000001566      0x133 /usr/lib/gcc/arm-none-eabi/10.3.1/../../../arm-none-eabi/lib/thumb/v7e-m+fp/hard/libm.a(lib_a-s_floor.o)
 .debug_abbrev  0x0000000000001699      0x142 /usr/lib/gcc/arm-none-eabi/10.3.1/../../../arm-none-eabi/lib/thumb/v7e-m+fp/hard/libm.a(lib_a-s_scalbn.o)
 .debug_abbrev  0x00000000000017db      0x10c ../../../../../libopencm3//lib/libopencm3_stm32f4.a(fmc_common_f47.o)
 .debug_abbrev  0x00000000000018e7      0x116 ../../../../../libopencm3//lib/libopencm3_stm32f4.a(gpio_common_all.o)
 .debug_abbrev  0x00000000000019fd       0xbf ../../../../../libopencm3//lib/libopencm3_stm32f4.a(gpio_common_f0234.o)
 .debug_abbrev  0x0000000000001abc      0x177 ../../../../../libopencm3//lib/libopencm3_stm32f4.a(rcc_common_all.o)
 .debug_abbrev  0x0000000000001c33      0x2ba ../../../../../libopencm3//lib/libopencm3_stm32f4.a(rcc.o)
 .debug_abbrev  0x0000000000001eed      0x197 ../../../../../libopencm3//lib/libopencm3_stm32f4.a(spi_common_all.o)
 .debug_abbrev  0x0000000000002084       0xd2 ../../../../../libopencm3//lib/libopencm3_stm32f4.a(spi_common_v1.o)
 .debug_abbrev  0x0000000000002156      0x129 ../../../../../libopencm3//lib/libopencm3_stm32f4.a(usart_common_all.o)
 .debug_abbrev  0x000000000000227f      0x15b ../../../../../libopencm3//lib/libopencm3_stm32f4.a(vector.o)
 .debug_abbrev  0x00000000000023da      0x155 ../../../../../libopencm3//lib/libopencm3_stm32f4.a(systick.o)
 .debug_abbrev  0x000000000000252f       0x89 ../../../../../libopencm3//lib/libopencm3_stm32f4.a(scb.o)
 .debug_abbrev  0x00000000000025b8       0xb5 ../../../../../libopencm3//lib/libopencm3_stm32f4.a(nvic.o)
 .debug_abbrev  0x000000000000266d       0x9a ../../../../../libopencm3//lib/libopencm3_stm32f4.a(flash_common_all.o)
 .debug_abbrev  0x0000000000002707       0x56 ../../../../../libopencm3//lib/libopencm3_stm32f4.a(flash_common_idcache.o)
 .debug_abbrev  0x000000000000275d       0x9c ../../../../../libopencm3//lib/libopencm3_stm32f4.a(pwr.o)
 .debug_abbrev  0x00000000000027f9       0x14 /usr/lib/gcc/arm-none-eabi/10.3.1/thumb/v7e-m+fp/hard/libgcc.a(_arm_addsubdf3.o)
 .debug_abbrev  0x000000000000280d       0x14 /usr/lib/gcc/arm-none-eabi/10.3.1/thumb/v7e-m+fp/hard/libgcc.a(_arm_muldivdf3.o)
 .debug_abbrev  0x0000000000002821       0x14 /usr/lib/gcc/arm-none-eabi/10.3.1/thumb/v7e-m+fp/hard/libgcc.a(_arm_cmpdf2.o)
 .debug_abbrev  0x0000000000002835       0x14 /usr/lib/gcc/arm-none-eabi/10.3.1/thumb/v7e-m+fp/hard/libgcc.a(_arm_fixdfsi.o)

.debug_loc      0x0000000000000000     0x56d3
 .debug_loc     0x0000000000000000       0xdb sdram.o
 .debug_loc     0x00000000000000db       0x3a clock.o
 .debug_loc     0x0000000000000115      0x1f3 console.o
 .debug_loc     0x0000000000000308      0x475 lcd-spi.o
 .debug_loc     0x000000000000077d     0x165a gfx.o
 .debug_loc     0x0000000000001dd7       0xbf lcd-serial.o
 .debug_loc     0x0000000000001e96       0xf0 /usr/lib/gcc/arm-none-eabi/10.3.1/../../../arm-none-eabi/lib/thumb/v7e-m+fp/hard/libm.a(lib_a-s_cos.o)
 .debug_loc     0x0000000000001f86      0x104 /usr/lib/gcc/arm-none-eabi/10.3.1/../../../arm-none-eabi/lib/thumb/v7e-m+fp/hard/libm.a(lib_a-s_sin.o)
 .debug_loc     0x000000000000208a      0x5c6 /usr/lib/gcc/arm-none-eabi/10.3.1/../../../arm-none-eabi/lib/thumb/v7e-m+fp/hard/libm.a(lib_a-e_rem_pio2.o)
 .debug_loc     0x0000000000002650      0x262 /usr/lib/gcc/arm-none-eabi/10.3.1/../../../arm-none-eabi/lib/thumb/v7e-m+fp/hard/libm.a(lib_a-k_cos.o)
 .debug_loc     0x00000000000028b2      0xd63 /usr/lib/gcc/arm-none-eabi/10.3.1/../../../arm-none-eabi/lib/thumb/v7e-m+fp/hard/libm.a(lib_a-k_rem_pio2.o)
 .debug_loc     0x0000000000003615      0x19a /usr/lib/gcc/arm-none-eabi/10.3.1/../../../arm-none-eabi/lib/thumb/v7e-m+fp/hard/libm.a(lib_a-k_sin.o)
 .debug_loc     0x00000000000037af       0x48 /usr/lib/gcc/arm-none-eabi/10.3.1/../../../arm-none-eabi/lib/thumb/v7e-m+fp/hard/libm.a(lib_a-s_fabs.o)
 .debug_loc     0x00000000000037f7      0x22c /usr/lib/gcc/arm-none-eabi/10.3.1/../../../arm-none-eabi/lib/thumb/v7e-m+fp/hard/libm.a(lib_a-s_floor.o)
 .debug_loc     0x0000000000003a23      0x238 /usr/lib/gcc/arm-none-eabi/10.3.1/../../../arm-none-eabi/lib/thumb/v7e-m+fp/hard/libm.a(lib_a-s_scalbn.o)
 .debug_loc     0x0000000000003c5b      0x590 ../../../../../libopencm3//lib/libopencm3_stm32f4.a(fmc_common_f47.o)
 .debug_loc     0x00000000000041eb       0xbe ../../../../../libopencm3//lib/libopencm3_stm32f4.a(gpio_common_all.o)
 .debug_loc     0x00000000000042a9      0x14f ../../../../../libopencm3//lib/libopencm3_stm32f4.a(gpio_common_f0234.o)
 .debug_loc     0x00000000000043f8      0x120 ../../../../../libopencm3//lib/libopencm3_stm32f4.a(rcc_common_all.o)
 .debug_loc     0x0000000000004518      0x867 ../../../../../libopencm3//lib/libopencm3_stm32f4.a(rcc.o)
 .debug_loc     0x0000000000004d7f      0x170 ../../../../../libopencm3//lib/libopencm3_stm32f4.a(spi_common_all.o)
 .debug_loc     0x0000000000004eef      0x149 ../../../../../libopencm3//lib/libopencm3_stm32f4.a(spi_common_v1.o)
 .debug_loc     0x0000000000005038      0x1e1 ../../../../../libopencm3//lib/libopencm3_stm32f4.a(usart_common_all.o)
 .debug_loc     0x0000000000005219      0x128 ../../../../../libopencm3//lib/libopencm3_stm32f4.a(vector.o)
 .debug_loc     0x0000000000005341      0x192 ../../../../../libopencm3//lib/libopencm3_stm32f4.a(systick.o)
 .debug_loc     0x00000000000054d3       0x25 ../../../../../libopencm3//lib/libopencm3_stm32f4.a(scb.o)
 .debug_loc     0x00000000000054f8      0x14d ../../../../../libopencm3//lib/libopencm3_stm32f4.a(nvic.o)
 .debug_loc     0x0000000000005645       0x47 ../../../../../libopencm3//lib/libopencm3_stm32f4.a(flash_common_all.o)
 .debug_loc     0x000000000000568c       0x47 ../../../../../libopencm3//lib/libopencm3_stm32f4.a(pwr.o)

.debug_aranges  0x0000000000000000      0xa00
 .debug_aranges
                0x0000000000000000       0x20 sdram.o
 .debug_aranges
                0x0000000000000020       0x38 clock.o
 .debug_aranges
                0x0000000000000058       0x48 console.o
 .debug_aranges
                0x00000000000000a0       0x40 lcd-spi.o
 .debug_aranges
                0x00000000000000e0       0xf8 gfx.o
 .debug_aranges
                0x00000000000001d8       0x20 lcd-serial.o
 .debug_aranges
                0x00000000000001f8       0x20 /usr/lib/gcc/arm-none-eabi/10.3.1/../../../arm-none-eabi/lib/thumb/v7e-m+fp/hard/libm.a(lib_a-s_cos.o)
 .debug_aranges
                0x0000000000000218       0x20 /usr/lib/gcc/arm-none-eabi/10.3.1/../../../arm-none-eabi/lib/thumb/v7e-m+fp/hard/libm.a(lib_a-s_sin.o)
 .debug_aranges
                0x0000000000000238       0x20 /usr/lib/gcc/arm-none-eabi/10.3.1/../../../arm-none-eabi/lib/thumb/v7e-m+fp/hard/libm.a(lib_a-e_rem_pio2.o)
 .debug_aranges
                0x0000000000000258       0x20 /usr/lib/gcc/arm-none-eabi/10.3.1/../../../arm-none-eabi/lib/thumb/v7e-m+fp/hard/libm.a(lib_a-k_cos.o)
 .debug_aranges
                0x0000000000000278       0x20 /usr/lib/gcc/arm-none-eabi/10.3.1/../../../arm-none-eabi/lib/thumb/v7e-m+fp/hard/libm.a(lib_a-k_rem_pio2.o)
 .debug_aranges
                0x0000000000000298       0x20 /usr/lib/gcc/arm-none-eabi/10.3.1/../../../arm-none-eabi/lib/thumb/v7e-m+fp/hard/libm.a(lib_a-k_sin.o)
 .debug_aranges
                0x00000000000002b8       0x20 /usr/lib/gcc/arm-none-eabi/10.3.1/../../../arm-none-eabi/lib/thumb/v7e-m+fp/hard/libm.a(lib_a-s_fabs.o)
 .debug_aranges
                0x00000000000002d8       0x20 /usr/lib/gcc/arm-none-eabi/10.3.1/../../../arm-none-eabi/lib/thumb/v7e-m+fp/hard/libm.a(lib_a-s_floor.o)
 .debug_aranges
                0x00000000000002f8       0x20 /usr/lib/gcc/arm-none-eabi/10.3.1/../../../arm-none-eabi/lib/thumb/v7e-m+fp/hard/libm.a(lib_a-s_scalbn.o)
 .debug_aranges
                0x0000000000000318       0x28 ../../../../../libopencm3//lib/libopencm3_stm32f4.a(fmc_common_f47.o)
 .debug_aranges
                0x0000000000000340       0x50 ../../../../../libopencm3//lib/libopencm3_stm32f4.a(gpio_common_all.o)
 .debug_aranges
                0x0000000000000390       0x30 ../../../../../libopencm3//lib/libopencm3_stm32f4.a(gpio_common_f0234.o)
 .debug_aranges
                0x00000000000003c0       0x60 ../../../../../libopencm3//lib/libopencm3_stm32f4.a(rcc_common_all.o)
 .debug_aranges
                0x0000000000000420      0x110 ../../../../../libopencm3//lib/libopencm3_stm32f4.a(rcc.o)
 .debug_aranges
                0x0000000000000530      0x170 ../../../../../libopencm3//lib/libopencm3_stm32f4.a(spi_common_all.o)
 .debug_aranges
                0x00000000000006a0       0x30 ../../../../../libopencm3//lib/libopencm3_stm32f4.a(spi_common_v1.o)
 .debug_aranges
                0x00000000000006d0       0xd8 ../../../../../libopencm3//lib/libopencm3_stm32f4.a(usart_common_all.o)
 .debug_aranges
                0x00000000000007a8       0x30 ../../../../../libopencm3//lib/libopencm3_stm32f4.a(vector.o)
 .debug_aranges
                0x00000000000007d8       0x78 ../../../../../libopencm3//lib/libopencm3_stm32f4.a(systick.o)
 .debug_aranges
                0x0000000000000850       0x30 ../../../../../libopencm3//lib/libopencm3_stm32f4.a(scb.o)
 .debug_aranges
                0x0000000000000880       0x60 ../../../../../libopencm3//lib/libopencm3_stm32f4.a(nvic.o)
 .debug_aranges
                0x00000000000008e0       0x38 ../../../../../libopencm3//lib/libopencm3_stm32f4.a(flash_common_all.o)
 .debug_aranges
                0x0000000000000918       0x48 ../../../../../libopencm3//lib/libopencm3_stm32f4.a(flash_common_idcache.o)
 .debug_aranges
                0x0000000000000960       0x20 ../../../../../libopencm3//lib/libopencm3_stm32f4.a(pwr.o)
 .debug_aranges
                0x0000000000000980       0x20 /usr/lib/gcc/arm-none-eabi/10.3.1/thumb/v7e-m+fp/hard/libgcc.a(_arm_addsubdf3.o)
 .debug_aranges
                0x00000000000009a0       0x20 /usr/lib/gcc/arm-none-eabi/10.3.1/thumb/v7e-m+fp/hard/libgcc.a(_arm_muldivdf3.o)
 .debug_aranges
                0x00000000000009c0       0x20 /usr/lib/gcc/arm-none-eabi/10.3.1/thumb/v7e-m+fp/hard/libgcc.a(_arm_cmpdf2.o)
 .debug_aranges
                0x00000000000009e0       0x20 /usr/lib/gcc/arm-none-eabi/10.3.1/thumb/v7e-m+fp/hard/libgcc.a(_arm_fixdfsi.o)

.debug_ranges   0x0000000000000000      0x910
 .debug_ranges  0x0000000000000000       0x10 sdram.o
 .debug_ranges  0x0000000000000010       0x28 clock.o
 .debug_ranges  0x0000000000000038       0x38 console.o
 .debug_ranges  0x0000000000000070       0xb0 lcd-spi.o
 .debug_ranges  0x0000000000000120      0x130 gfx.o
 .debug_ranges  0x0000000000000250       0x10 lcd-serial.o
 .debug_ranges  0x0000000000000260       0x58 /usr/lib/gcc/arm-none-eabi/10.3.1/../../../arm-none-eabi/lib/thumb/v7e-m+fp/hard/libm.a(lib_a-e_rem_pio2.o)
 .debug_ranges  0x00000000000002b8       0x18 /usr/lib/gcc/arm-none-eabi/10.3.1/../../../arm-none-eabi/lib/thumb/v7e-m+fp/hard/libm.a(lib_a-k_cos.o)
 .debug_ranges  0x00000000000002d0       0x18 /usr/lib/gcc/arm-none-eabi/10.3.1/../../../arm-none-eabi/lib/thumb/v7e-m+fp/hard/libm.a(lib_a-s_floor.o)
 .debug_ranges  0x00000000000002e8       0x50 /usr/lib/gcc/arm-none-eabi/10.3.1/../../../arm-none-eabi/lib/thumb/v7e-m+fp/hard/libm.a(lib_a-s_scalbn.o)
 .debug_ranges  0x0000000000000338       0x18 ../../../../../libopencm3//lib/libopencm3_stm32f4.a(fmc_common_f47.o)
 .debug_ranges  0x0000000000000350       0x40 ../../../../../libopencm3//lib/libopencm3_stm32f4.a(gpio_common_all.o)
 .debug_ranges  0x0000000000000390       0x20 ../../../../../libopencm3//lib/libopencm3_stm32f4.a(gpio_common_f0234.o)
 .debug_ranges  0x00000000000003b0       0x50 ../../../../../libopencm3//lib/libopencm3_stm32f4.a(rcc_common_all.o)
 .debug_ranges  0x0000000000000400      0x148 ../../../../../libopencm3//lib/libopencm3_stm32f4.a(rcc.o)
 .debug_ranges  0x0000000000000548      0x160 ../../../../../libopencm3//lib/libopencm3_stm32f4.a(spi_common_all.o)
 .debug_ranges  0x00000000000006a8       0x20 ../../../../../libopencm3//lib/libopencm3_stm32f4.a(spi_common_v1.o)
 .debug_ranges  0x00000000000006c8       0xc8 ../../../../../libopencm3//lib/libopencm3_stm32f4.a(usart_common_all.o)
 .debug_ranges  0x0000000000000790       0x20 ../../../../../libopencm3//lib/libopencm3_stm32f4.a(vector.o)
 .debug_ranges  0x00000000000007b0       0x80 ../../../../../libopencm3//lib/libopencm3_stm32f4.a(systick.o)
 .debug_ranges  0x0000000000000830       0x20 ../../../../../libopencm3//lib/libopencm3_stm32f4.a(scb.o)
 .debug_ranges  0x0000000000000850       0x50 ../../../../../libopencm3//lib/libopencm3_stm32f4.a(nvic.o)
 .debug_ranges  0x00000000000008a0       0x28 ../../../../../libopencm3//lib/libopencm3_stm32f4.a(flash_common_all.o)
 .debug_ranges  0x00000000000008c8       0x38 ../../../../../libopencm3//lib/libopencm3_stm32f4.a(flash_common_idcache.o)
 .debug_ranges  0x0000000000000900       0x10 ../../../../../libopencm3//lib/libopencm3_stm32f4.a(pwr.o)

.debug_macro    0x0000000000000000     0x5be6
 .debug_macro   0x0000000000000000       0xf7 sdram.o
 .debug_macro   0x00000000000000f7      0xa6c sdram.o
 .debug_macro   0x0000000000000b63      0x34e sdram.o
 .debug_macro   0x0000000000000eb1       0x1c sdram.o
 .debug_macro   0x0000000000000ecd       0x22 sdram.o
 .debug_macro   0x0000000000000eef       0xe8 sdram.o
 .debug_macro   0x0000000000000fd7       0x76 sdram.o
 .debug_macro   0x000000000000104d      0x280 sdram.o
 .debug_macro   0x00000000000012cd       0x76 sdram.o
 .debug_macro   0x0000000000001343      0x37e sdram.o
 .debug_macro   0x00000000000016c1       0xca sdram.o
 .debug_macro   0x000000000000178b       0x8e sdram.o
 .debug_macro   0x0000000000001819       0x46 sdram.o
 .debug_macro   0x000000000000185f      0xcea sdram.o
 .debug_macro   0x0000000000002549      0x285 sdram.o
 .debug_macro   0x00000000000027ce      0x2b3 sdram.o
 .debug_macro   0x0000000000002a81       0x16 sdram.o
 .debug_macro   0x0000000000002a97       0xc1 clock.o
 .debug_macro   0x0000000000002b58       0x6e clock.o
 .debug_macro   0x0000000000002bc6      0x22c clock.o
 .debug_macro   0x0000000000002df2       0x6f clock.o
 .debug_macro   0x0000000000002e61      0x1b6 console.o
 .debug_macro   0x0000000000003017       0x22 console.o
 .debug_macro   0x0000000000003039       0x52 console.o
 .debug_macro   0x000000000000308b       0x18 console.o
 .debug_macro   0x00000000000030a3       0x5c console.o
 .debug_macro   0x00000000000030ff       0x35 console.o
 .debug_macro   0x0000000000003134       0x34 console.o
 .debug_macro   0x0000000000003168       0x94 console.o
 .debug_macro   0x00000000000031fc      0x29e console.o
 .debug_macro   0x000000000000349a       0xa0 console.o
 .debug_macro   0x000000000000353a       0x70 console.o
 .debug_macro   0x00000000000035aa      0x458 console.o
 .debug_macro   0x0000000000003a02       0x1f console.o
 .debug_macro   0x0000000000003a21       0x16 console.o
 .debug_macro   0x0000000000003a37      0x131 lcd-spi.o
 .debug_macro   0x0000000000003b68      0x2eb lcd-spi.o
 .debug_macro   0x0000000000003e53       0x16 lcd-spi.o
 .debug_macro   0x0000000000003e69       0x22 lcd-spi.o
 .debug_macro   0x0000000000003e8b       0x76 lcd-spi.o
 .debug_macro   0x0000000000003f01      0x125 gfx.o
 .debug_macro   0x0000000000004026      0x16d gfx.o
 .debug_macro   0x0000000000004193       0x16 gfx.o
 .debug_macro   0x00000000000041a9       0x43 gfx.o
 .debug_macro   0x00000000000041ec       0x57 gfx.o
 .debug_macro   0x0000000000004243       0x34 gfx.o
 .debug_macro   0x0000000000004277       0x10 gfx.o
 .debug_macro   0x0000000000004287       0x52 gfx.o
 .debug_macro   0x00000000000042d9      0x182 gfx.o
 .debug_macro   0x000000000000445b      0x356 gfx.o
 .debug_macro   0x00000000000047b1       0xde gfx.o
 .debug_macro   0x000000000000488f       0x16 gfx.o
 .debug_macro   0x00000000000048a5       0x35 gfx.o
 .debug_macro   0x00000000000048da       0x22 gfx.o
 .debug_macro   0x00000000000048fc       0x58 gfx.o
 .debug_macro   0x0000000000004954       0x16 gfx.o
 .debug_macro   0x000000000000496a      0x110 lcd-serial.o
 .debug_macro   0x0000000000004a7a       0x10 lcd-serial.o
 .debug_macro   0x0000000000004a8a       0x75 ../../../../../libopencm3//lib/libopencm3_stm32f4.a(fmc_common_f47.o)
 .debug_macro   0x0000000000004aff       0x88 ../../../../../libopencm3//lib/libopencm3_stm32f4.a(gpio_common_all.o)
 .debug_macro   0x0000000000004b87       0x88 ../../../../../libopencm3//lib/libopencm3_stm32f4.a(gpio_common_f0234.o)
 .debug_macro   0x0000000000004c0f       0xa7 ../../../../../libopencm3//lib/libopencm3_stm32f4.a(rcc_common_all.o)
 .debug_macro   0x0000000000004cb6       0xdb ../../../../../libopencm3//lib/libopencm3_stm32f4.a(rcc.o)
 .debug_macro   0x0000000000004d91       0x16 ../../../../../libopencm3//lib/libopencm3_stm32f4.a(rcc.o)
 .debug_macro   0x0000000000004da7       0x1c ../../../../../libopencm3//lib/libopencm3_stm32f4.a(rcc.o)
 .debug_macro   0x0000000000004dc3      0x143 ../../../../../libopencm3//lib/libopencm3_stm32f4.a(rcc.o)
 .debug_macro   0x0000000000004f06       0x10 ../../../../../libopencm3//lib/libopencm3_stm32f4.a(rcc.o)
 .debug_macro   0x0000000000004f16       0xb6 ../../../../../libopencm3//lib/libopencm3_stm32f4.a(spi_common_all.o)
 .debug_macro   0x0000000000004fcc       0xb6 ../../../../../libopencm3//lib/libopencm3_stm32f4.a(spi_common_v1.o)
 .debug_macro   0x0000000000005082       0xc2 ../../../../../libopencm3//lib/libopencm3_stm32f4.a(usart_common_all.o)
 .debug_macro   0x0000000000005144       0x8a ../../../../../libopencm3//lib/libopencm3_stm32f4.a(vector.o)
 .debug_macro   0x00000000000051ce      0x452 ../../../../../libopencm3//lib/libopencm3_stm32f4.a(vector.o)
 .debug_macro   0x0000000000005620       0x49 ../../../../../libopencm3//lib/libopencm3_stm32f4.a(systick.o)
 .debug_macro   0x0000000000005669       0x69 ../../../../../libopencm3//lib/libopencm3_stm32f4.a(systick.o)
 .debug_macro   0x00000000000056d2      0x123 ../../../../../libopencm3//lib/libopencm3_stm32f4.a(scb.o)
 .debug_macro   0x00000000000057f5      0x10e ../../../../../libopencm3//lib/libopencm3_stm32f4.a(scb.o)
 .debug_macro   0x0000000000005903       0x86 ../../../../../libopencm3//lib/libopencm3_stm32f4.a(scb.o)
 .debug_macro   0x0000000000005989       0x6a ../../../../../libopencm3//lib/libopencm3_stm32f4.a(nvic.o)
 .debug_macro   0x00000000000059f3       0x68 ../../../../../libopencm3//lib/libopencm3_stm32f4.a(nvic.o)
 .debug_macro   0x0000000000005a5b       0x8e ../../../../../libopencm3//lib/libopencm3_stm32f4.a(flash_common_all.o)
 .debug_macro   0x0000000000005ae9       0x8e ../../../../../libopencm3//lib/libopencm3_stm32f4.a(flash_common_idcache.o)
 .debug_macro   0x0000000000005b77       0x6f ../../../../../libopencm3//lib/libopencm3_stm32f4.a(pwr.o)

.debug_line     0x0000000000000000     0x7af4
 .debug_line    0x0000000000000000      0x322 sdram.o
 .debug_line    0x0000000000000322      0x2d0 clock.o
 .debug_line    0x00000000000005f2      0x617 console.o
 .debug_line    0x0000000000000c09      0x5fc lcd-spi.o
 .debug_line    0x0000000000001205      0xd7a gfx.o
 .debug_line    0x0000000000001f7f      0x38b lcd-serial.o
 .debug_line    0x000000000000230a      0x1e4 /usr/lib/gcc/arm-none-eabi/10.3.1/../../../arm-none-eabi/lib/thumb/v7e-m+fp/hard/libm.a(lib_a-s_cos.o)
 .debug_line    0x00000000000024ee      0x1e7 /usr/lib/gcc/arm-none-eabi/10.3.1/../../../arm-none-eabi/lib/thumb/v7e-m+fp/hard/libm.a(lib_a-s_sin.o)
 .debug_line    0x00000000000026d5      0x507 /usr/lib/gcc/arm-none-eabi/10.3.1/../../../arm-none-eabi/lib/thumb/v7e-m+fp/hard/libm.a(lib_a-e_rem_pio2.o)
 .debug_line    0x0000000000002bdc      0x239 /usr/lib/gcc/arm-none-eabi/10.3.1/../../../arm-none-eabi/lib/thumb/v7e-m+fp/hard/libm.a(lib_a-k_cos.o)
 .debug_line    0x0000000000002e15      0xb4a /usr/lib/gcc/arm-none-eabi/10.3.1/../../../arm-none-eabi/lib/thumb/v7e-m+fp/hard/libm.a(lib_a-k_rem_pio2.o)
 .debug_line    0x000000000000395f      0x1c6 /usr/lib/gcc/arm-none-eabi/10.3.1/../../../arm-none-eabi/lib/thumb/v7e-m+fp/hard/libm.a(lib_a-k_sin.o)
 .debug_line    0x0000000000003b25      0x154 /usr/lib/gcc/arm-none-eabi/10.3.1/../../../arm-none-eabi/lib/thumb/v7e-m+fp/hard/libm.a(lib_a-s_fabs.o)
 .debug_line    0x0000000000003c79      0x2c1 /usr/lib/gcc/arm-none-eabi/10.3.1/../../../arm-none-eabi/lib/thumb/v7e-m+fp/hard/libm.a(lib_a-s_floor.o)
 .debug_line    0x0000000000003f3a      0x229 /usr/lib/gcc/arm-none-eabi/10.3.1/../../../arm-none-eabi/lib/thumb/v7e-m+fp/hard/libm.a(lib_a-s_scalbn.o)
 .debug_line    0x0000000000004163      0x277 ../../../../../libopencm3//lib/libopencm3_stm32f4.a(fmc_common_f47.o)
 .debug_line    0x00000000000043da      0x2a6 ../../../../../libopencm3//lib/libopencm3_stm32f4.a(gpio_common_all.o)
 .debug_line    0x0000000000004680      0x38e ../../../../../libopencm3//lib/libopencm3_stm32f4.a(gpio_common_f0234.o)
 .debug_line    0x0000000000004a0e      0x305 ../../../../../libopencm3//lib/libopencm3_stm32f4.a(rcc_common_all.o)
 .debug_line    0x0000000000004d13      0x992 ../../../../../libopencm3//lib/libopencm3_stm32f4.a(rcc.o)
 .debug_line    0x00000000000056a5      0x7df ../../../../../libopencm3//lib/libopencm3_stm32f4.a(spi_common_all.o)
 .debug_line    0x0000000000005e84      0x26c ../../../../../libopencm3//lib/libopencm3_stm32f4.a(spi_common_v1.o)
 .debug_line    0x00000000000060f0      0x52c ../../../../../libopencm3//lib/libopencm3_stm32f4.a(usart_common_all.o)
 .debug_line    0x000000000000661c      0x322 ../../../../../libopencm3//lib/libopencm3_stm32f4.a(vector.o)
 .debug_line    0x000000000000693e      0x26e ../../../../../libopencm3//lib/libopencm3_stm32f4.a(systick.o)
 .debug_line    0x0000000000006bac      0x241 ../../../../../libopencm3//lib/libopencm3_stm32f4.a(scb.o)
 .debug_line    0x0000000000006ded      0x27f ../../../../../libopencm3//lib/libopencm3_stm32f4.a(nvic.o)
 .debug_line    0x000000000000706c      0x246 ../../../../../libopencm3//lib/libopencm3_stm32f4.a(flash_common_all.o)
 .debug_line    0x00000000000072b2      0x25f ../../../../../libopencm3//lib/libopencm3_stm32f4.a(flash_common_idcache.o)
 .debug_line    0x0000000000007511      0x18c ../../../../../libopencm3//lib/libopencm3_stm32f4.a(pwr.o)
 .debug_line    0x000000000000769d      0x186 /usr/lib/gcc/arm-none-eabi/10.3.1/thumb/v7e-m+fp/hard/libgcc.a(_arm_addsubdf3.o)
 .debug_line    0x0000000000007823      0x19b /usr/lib/gcc/arm-none-eabi/10.3.1/thumb/v7e-m+fp/hard/libgcc.a(_arm_muldivdf3.o)
 .debug_line    0x00000000000079be       0xbd /usr/lib/gcc/arm-none-eabi/10.3.1/thumb/v7e-m+fp/hard/libgcc.a(_arm_cmpdf2.o)
 .debug_line    0x0000000000007a7b       0x79 /usr/lib/gcc/arm-none-eabi/10.3.1/thumb/v7e-m+fp/hard/libgcc.a(_arm_fixdfsi.o)

.debug_str      0x0000000000000000    0x16c6f
 .debug_str     0x0000000000000000     0xbe16 sdram.o
                                       0xbfb4 (size before relaxing)
 .debug_str     0x000000000000be16      0xd56 clock.o
                                       0x98f0 (size before relaxing)
 .debug_str     0x000000000000cb6c     0x2fcf console.o
                                       0xdecb (size before relaxing)
 .debug_str     0x000000000000fb3b     0x1091 lcd-spi.o
                                       0xc038 (size before relaxing)
 .debug_str     0x0000000000010bcc     0x313e gfx.o
                                       0x6e2a (size before relaxing)
 .debug_str     0x0000000000013d0a       0x6e lcd-serial.o
                                       0x6d54 (size before relaxing)
 .debug_str     0x0000000000013d78      0x170 /usr/lib/gcc/arm-none-eabi/10.3.1/../../../arm-none-eabi/lib/thumb/v7e-m+fp/hard/libm.a(lib_a-s_cos.o)
                                        0x218 (size before relaxing)
 .debug_str     0x0000000000013ee8       0x31 /usr/lib/gcc/arm-none-eabi/10.3.1/../../../arm-none-eabi/lib/thumb/v7e-m+fp/hard/libm.a(lib_a-s_sin.o)
                                        0x218 (size before relaxing)
 .debug_str     0x0000000000013f19       0xc5 /usr/lib/gcc/arm-none-eabi/10.3.1/../../../arm-none-eabi/lib/thumb/v7e-m+fp/hard/libm.a(lib_a-e_rem_pio2.o)
                                        0x2ca (size before relaxing)
 .debug_str     0x0000000000013fde       0x36 /usr/lib/gcc/arm-none-eabi/10.3.1/../../../arm-none-eabi/lib/thumb/v7e-m+fp/hard/libm.a(lib_a-k_cos.o)
                                        0x224 (size before relaxing)
 .debug_str     0x0000000000014014       0x81 /usr/lib/gcc/arm-none-eabi/10.3.1/../../../arm-none-eabi/lib/thumb/v7e-m+fp/hard/libm.a(lib_a-k_rem_pio2.o)
                                        0x267 (size before relaxing)
 .debug_str     0x0000000000014095       0x31 /usr/lib/gcc/arm-none-eabi/10.3.1/../../../arm-none-eabi/lib/thumb/v7e-m+fp/hard/libm.a(lib_a-k_sin.o)
                                        0x224 (size before relaxing)
 .debug_str     0x00000000000140c6       0x32 /usr/lib/gcc/arm-none-eabi/10.3.1/../../../arm-none-eabi/lib/thumb/v7e-m+fp/hard/libm.a(lib_a-s_fabs.o)
                                        0x1e4 (size before relaxing)
 .debug_str     0x00000000000140f8       0xb8 /usr/lib/gcc/arm-none-eabi/10.3.1/../../../arm-none-eabi/lib/thumb/v7e-m+fp/hard/libm.a(lib_a-s_floor.o)
                                        0x21d (size before relaxing)
 .debug_str     0x00000000000141b0      0x125 /usr/lib/gcc/arm-none-eabi/10.3.1/../../../arm-none-eabi/lib/thumb/v7e-m+fp/hard/libm.a(lib_a-s_scalbn.o)
                                        0x234 (size before relaxing)
 .debug_str     0x00000000000142d5      0x132 ../../../../../libopencm3//lib/libopencm3_stm32f4.a(fmc_common_f47.o)
                                       0x679d (size before relaxing)
 .debug_str     0x0000000000014407       0x7b ../../../../../libopencm3//lib/libopencm3_stm32f4.a(gpio_common_all.o)
                                       0x6186 (size before relaxing)
 .debug_str     0x0000000000014482       0x61 ../../../../../libopencm3//lib/libopencm3_stm32f4.a(gpio_common_f0234.o)
                                       0x619e (size before relaxing)
 .debug_str     0x00000000000144e3      0x475 ../../../../../libopencm3//lib/libopencm3_stm32f4.a(rcc_common_all.o)
                                       0x953b (size before relaxing)
 .debug_str     0x0000000000014958      0xb51 ../../../../../libopencm3//lib/libopencm3_stm32f4.a(rcc.o)
                                       0x9db0 (size before relaxing)
 .debug_str     0x00000000000154a9      0x3e1 ../../../../../libopencm3//lib/libopencm3_stm32f4.a(spi_common_all.o)
                                       0x9cf9 (size before relaxing)
 .debug_str     0x000000000001588a       0x50 ../../../../../libopencm3//lib/libopencm3_stm32f4.a(spi_common_v1.o)
                                       0x992b (size before relaxing)
 .debug_str     0x00000000000158da      0x1fe ../../../../../libopencm3//lib/libopencm3_stm32f4.a(usart_common_all.o)
                                       0x9fdf (size before relaxing)
 .debug_str     0x0000000000015ad8      0xe78 ../../../../../libopencm3//lib/libopencm3_stm32f4.a(vector.o)
                                       0x6a46 (size before relaxing)
 .debug_str     0x0000000000016950       0xbd ../../../../../libopencm3//lib/libopencm3_stm32f4.a(systick.o)
                                       0x409f (size before relaxing)
 .debug_str     0x0000000000016a0d       0x42 ../../../../../libopencm3//lib/libopencm3_stm32f4.a(scb.o)
                                       0x7f9d (size before relaxing)
 .debug_str     0x0000000000016a4f       0xc4 ../../../../../libopencm3//lib/libopencm3_stm32f4.a(nvic.o)
                                       0x5cb1 (size before relaxing)
 .debug_str     0x0000000000016b13       0x64 ../../../../../libopencm3//lib/libopencm3_stm32f4.a(flash_common_all.o)
                                       0x54e8 (size before relaxing)
 .debug_str     0x0000000000016b77       0x47 ../../../../../libopencm3//lib/libopencm3_stm32f4.a(flash_common_idcache.o)
                                       0x550a (size before relaxing)
 .debug_str     0x0000000000016bbe        0x6 ../../../../../libopencm3//lib/libopencm3_stm32f4.a(pwr.o)
                                       0x5164 (size before relaxing)
 .debug_str     0x0000000000016bc4       0xab /usr/lib/gcc/arm-none-eabi/10.3.1/thumb/v7e-m+fp/hard/libgcc.a(_arm_addsubdf3.o)
 .debug_str     0x0000000000016c6f       0xab /usr/lib/gcc/arm-none-eabi/10.3.1/thumb/v7e-m+fp/hard/libgcc.a(_arm_muldivdf3.o)
 .debug_str     0x0000000000016c6f       0xab /usr/lib/gcc/arm-none-eabi/10.3.1/thumb/v7e-m+fp/hard/libgcc.a(_arm_cmpdf2.o)
 .debug_str     0x0000000000016c6f       0xab /usr/lib/gcc/arm-none-eabi/10.3.1/thumb/v7e-m+fp/hard/libgcc.a(_arm_fixdfsi.o)

.comment        0x0000000000000000       0x33
 .comment       0x0000000000000000       0x33 sdram.o
                                         0x34 (size before relaxing)
 .comment       0x0000000000000033       0x34 clock.o
 .comment       0x0000000000000033       0x34 console.o
 .comment       0x0000000000000033       0x34 lcd-spi.o
 .comment       0x0000000000000033       0x34 gfx.o
 .comment       0x0000000000000033       0x34 lcd-serial.o
 .comment       0x0000000000000033       0x34 /usr/lib/gcc/arm-none-eabi/10.3.1/../../../arm-none-eabi/lib/thumb/v7e-m+fp/hard/libm.a(lib_a-s_cos.o)
 .comment       0x0000000000000033       0x34 /usr/lib/gcc/arm-none-eabi/10.3.1/../../../arm-none-eabi/lib/thumb/v7e-m+fp/hard/libm.a(lib_a-s_sin.o)
 .comment       0x0000000000000033       0x34 /usr/lib/gcc/arm-none-eabi/10.3.1/../../../arm-none-eabi/lib/thumb/v7e-m+fp/hard/libm.a(lib_a-e_rem_pio2.o)
 .comment       0x0000000000000033       0x34 /usr/lib/gcc/arm-none-eabi/10.3.1/../../../arm-none-eabi/lib/thumb/v7e-m+fp/hard/libm.a(lib_a-k_cos.o)
 .comment       0x0000000000000033       0x34 /usr/lib/gcc/arm-none-eabi/10.3.1/../../../arm-none-eabi/lib/thumb/v7e-m+fp/hard/libm.a(lib_a-k_rem_pio2.o)
 .comment       0x0000000000000033       0x34 /usr/lib/gcc/arm-none-eabi/10.3.1/../../../arm-none-eabi/lib/thumb/v7e-m+fp/hard/libm.a(lib_a-k_sin.o)
 .comment       0x0000000000000033       0x34 /usr/lib/gcc/arm-none-eabi/10.3.1/../../../arm-none-eabi/lib/thumb/v7e-m+fp/hard/libm.a(lib_a-s_fabs.o)
 .comment       0x0000000000000033       0x34 /usr/lib/gcc/arm-none-eabi/10.3.1/../../../arm-none-eabi/lib/thumb/v7e-m+fp/hard/libm.a(lib_a-s_floor.o)
 .comment       0x0000000000000033       0x34 /usr/lib/gcc/arm-none-eabi/10.3.1/../../../arm-none-eabi/lib/thumb/v7e-m+fp/hard/libm.a(lib_a-s_scalbn.o)
 .comment       0x0000000000000033       0x34 ../../../../../libopencm3//lib/libopencm3_stm32f4.a(fmc_common_f47.o)
 .comment       0x0000000000000033       0x34 ../../../../../libopencm3//lib/libopencm3_stm32f4.a(gpio_common_all.o)
 .comment       0x0000000000000033       0x34 ../../../../../libopencm3//lib/libopencm3_stm32f4.a(gpio_common_f0234.o)
 .comment       0x0000000000000033       0x34 ../../../../../libopencm3//lib/libopencm3_stm32f4.a(rcc_common_all.o)
 .comment       0x0000000000000033       0x34 ../../../../../libopencm3//lib/libopencm3_stm32f4.a(rcc.o)
 .comment       0x0000000000000033       0x34 ../../../../../libopencm3//lib/libopencm3_stm32f4.a(spi_common_all.o)
 .comment       0x0000000000000033       0x34 ../../../../../libopencm3//lib/libopencm3_stm32f4.a(spi_common_v1.o)
 .comment       0x0000000000000033       0x34 ../../../../../libopencm3//lib/libopencm3_stm32f4.a(usart_common_all.o)
 .comment       0x0000000000000033       0x34 ../../../../../libopencm3//lib/libopencm3_stm32f4.a(vector.o)
 .comment       0x0000000000000033       0x34 ../../../../../libopencm3//lib/libopencm3_stm32f4.a(systick.o)
 .comment       0x0000000000000033       0x34 ../../../../../libopencm3//lib/libopencm3_stm32f4.a(scb.o)
 .comment       0x0000000000000033       0x34 ../../../../../libopencm3//lib/libopencm3_stm32f4.a(nvic.o)
 .comment       0x0000000000000033       0x34 ../../../../../libopencm3//lib/libopencm3_stm32f4.a(flash_common_all.o)
 .comment       0x0000000000000033       0x34 ../../../../../libopencm3//lib/libopencm3_stm32f4.a(flash_common_idcache.o)
 .comment       0x0000000000000033       0x34 ../../../../../libopencm3//lib/libopencm3_stm32f4.a(pwr.o)

.ARM.attributes
                0x0000000000000000       0x34
 .ARM.attributes
                0x0000000000000000       0x34 sdram.o
 .ARM.attributes
                0x0000000000000034       0x34 clock.o
 .ARM.attributes
                0x0000000000000068       0x34 console.o
 .ARM.attributes
                0x000000000000009c       0x34 lcd-spi.o
 .ARM.attributes
                0x00000000000000d0       0x34 gfx.o
 .ARM.attributes
                0x0000000000000104       0x34 lcd-serial.o
 .ARM.attributes
                0x0000000000000138       0x34 /usr/lib/gcc/arm-none-eabi/10.3.1/../../../arm-none-eabi/lib/thumb/v7e-m+fp/hard/libm.a(lib_a-s_cos.o)
 .ARM.attributes
                0x000000000000016c       0x34 /usr/lib/gcc/arm-none-eabi/10.3.1/../../../arm-none-eabi/lib/thumb/v7e-m+fp/hard/libm.a(lib_a-s_sin.o)
 .ARM.attributes
                0x00000000000001a0       0x34 /usr/lib/gcc/arm-none-eabi/10.3.1/../../../arm-none-eabi/lib/thumb/v7e-m+fp/hard/libm.a(lib_a-e_rem_pio2.o)
 .ARM.attributes
                0x00000000000001d4       0x34 /usr/lib/gcc/arm-none-eabi/10.3.1/../../../arm-none-eabi/lib/thumb/v7e-m+fp/hard/libm.a(lib_a-k_cos.o)
 .ARM.attributes
                0x0000000000000208       0x34 /usr/lib/gcc/arm-none-eabi/10.3.1/../../../arm-none-eabi/lib/thumb/v7e-m+fp/hard/libm.a(lib_a-k_rem_pio2.o)
 .ARM.attributes
                0x000000000000023c       0x34 /usr/lib/gcc/arm-none-eabi/10.3.1/../../../arm-none-eabi/lib/thumb/v7e-m+fp/hard/libm.a(lib_a-k_sin.o)
 .ARM.attributes
                0x0000000000000270       0x34 /usr/lib/gcc/arm-none-eabi/10.3.1/../../../arm-none-eabi/lib/thumb/v7e-m+fp/hard/libm.a(lib_a-s_fabs.o)
 .ARM.attributes
                0x00000000000002a4       0x34 /usr/lib/gcc/arm-none-eabi/10.3.1/../../../arm-none-eabi/lib/thumb/v7e-m+fp/hard/libm.a(lib_a-s_floor.o)
 .ARM.attributes
                0x00000000000002d8       0x34 /usr/lib/gcc/arm-none-eabi/10.3.1/../../../arm-none-eabi/lib/thumb/v7e-m+fp/hard/libm.a(lib_a-s_scalbn.o)
 .ARM.attributes
                0x000000000000030c       0x34 ../../../../../libopencm3//lib/libopencm3_stm32f4.a(fmc_common_f47.o)
 .ARM.attributes
                0x0000000000000340       0x34 ../../../../../libopencm3//lib/libopencm3_stm32f4.a(gpio_common_all.o)
 .ARM.attributes
                0x0000000000000374       0x34 ../../../../../libopencm3//lib/libopencm3_stm32f4.a(gpio_common_f0234.o)
 .ARM.attributes
                0x00000000000003a8       0x34 ../../../../../libopencm3//lib/libopencm3_stm32f4.a(rcc_common_all.o)
 .ARM.attributes
                0x00000000000003dc       0x34 ../../../../../libopencm3//lib/libopencm3_stm32f4.a(rcc.o)
 .ARM.attributes
                0x0000000000000410       0x34 ../../../../../libopencm3//lib/libopencm3_stm32f4.a(spi_common_all.o)
 .ARM.attributes
                0x0000000000000444       0x34 ../../../../../libopencm3//lib/libopencm3_stm32f4.a(spi_common_v1.o)
 .ARM.attributes
                0x0000000000000478       0x34 ../../../../../libopencm3//lib/libopencm3_stm32f4.a(usart_common_all.o)
 .ARM.attributes
                0x00000000000004ac       0x34 ../../../../../libopencm3//lib/libopencm3_stm32f4.a(vector.o)
 .ARM.attributes
                0x00000000000004e0       0x34 ../../../../../libopencm3//lib/libopencm3_stm32f4.a(systick.o)
 .ARM.attributes
                0x0000000000000514       0x34 ../../../../../libopencm3//lib/libopencm3_stm32f4.a(scb.o)
 .ARM.attributes
                0x0000000000000548       0x34 ../../../../../libopencm3//lib/libopencm3_stm32f4.a(nvic.o)
 .ARM.attributes
                0x000000000000057c       0x34 ../../../../../libopencm3//lib/libopencm3_stm32f4.a(flash_common_all.o)
 .ARM.attributes
                0x00000000000005b0       0x34 ../../../../../libopencm3//lib/libopencm3_stm32f4.a(flash_common_idcache.o)
 .ARM.attributes
                0x00000000000005e4       0x34 ../../../../../libopencm3//lib/libopencm3_stm32f4.a(pwr.o)
 .ARM.attributes
                0x0000000000000618       0x1e /usr/lib/gcc/arm-none-eabi/10.3.1/thumb/v7e-m+fp/hard/libgcc.a(_arm_addsubdf3.o)
 .ARM.attributes
                0x0000000000000636       0x1e /usr/lib/gcc/arm-none-eabi/10.3.1/thumb/v7e-m+fp/hard/libgcc.a(_arm_muldivdf3.o)
 .ARM.attributes
                0x0000000000000654       0x1e /usr/lib/gcc/arm-none-eabi/10.3.1/thumb/v7e-m+fp/hard/libgcc.a(_arm_cmpdf2.o)
 .ARM.attributes
                0x0000000000000672       0x1e /usr/lib/gcc/arm-none-eabi/10.3.1/thumb/v7e-m+fp/hard/libgcc.a(_arm_fixdfsi.o)

.debug_frame    0x0000000000000000     0x1634
 .debug_frame   0x0000000000000000       0x30 sdram.o
 .debug_frame   0x0000000000000030       0x5c clock.o
 .debug_frame   0x000000000000008c       0xb0 console.o
 .debug_frame   0x000000000000013c       0xc4 lcd-spi.o
 .debug_frame   0x0000000000000200      0x3a8 gfx.o
 .debug_frame   0x00000000000005a8       0x44 lcd-serial.o
 .debug_frame   0x00000000000005ec       0x40 /usr/lib/gcc/arm-none-eabi/10.3.1/../../../arm-none-eabi/lib/thumb/v7e-m+fp/hard/libm.a(lib_a-s_cos.o)
 .debug_frame   0x000000000000062c       0x3c /usr/lib/gcc/arm-none-eabi/10.3.1/../../../arm-none-eabi/lib/thumb/v7e-m+fp/hard/libm.a(lib_a-s_sin.o)
 .debug_frame   0x0000000000000668       0x7c /usr/lib/gcc/arm-none-eabi/10.3.1/../../../arm-none-eabi/lib/thumb/v7e-m+fp/hard/libm.a(lib_a-e_rem_pio2.o)
 .debug_frame   0x00000000000006e4       0x70 /usr/lib/gcc/arm-none-eabi/10.3.1/../../../arm-none-eabi/lib/thumb/v7e-m+fp/hard/libm.a(lib_a-k_cos.o)
 .debug_frame   0x0000000000000754       0x58 /usr/lib/gcc/arm-none-eabi/10.3.1/../../../arm-none-eabi/lib/thumb/v7e-m+fp/hard/libm.a(lib_a-k_rem_pio2.o)
 .debug_frame   0x00000000000007ac       0x48 /usr/lib/gcc/arm-none-eabi/10.3.1/../../../arm-none-eabi/lib/thumb/v7e-m+fp/hard/libm.a(lib_a-k_sin.o)
 .debug_frame   0x00000000000007f4       0x20 /usr/lib/gcc/arm-none-eabi/10.3.1/../../../arm-none-eabi/lib/thumb/v7e-m+fp/hard/libm.a(lib_a-s_fabs.o)
 .debug_frame   0x0000000000000814       0x30 /usr/lib/gcc/arm-none-eabi/10.3.1/../../../arm-none-eabi/lib/thumb/v7e-m+fp/hard/libm.a(lib_a-s_floor.o)
 .debug_frame   0x0000000000000844       0x2c /usr/lib/gcc/arm-none-eabi/10.3.1/../../../arm-none-eabi/lib/thumb/v7e-m+fp/hard/libm.a(lib_a-s_scalbn.o)
 .debug_frame   0x0000000000000870       0x38 ../../../../../libopencm3//lib/libopencm3_stm32f4.a(fmc_common_f47.o)
 .debug_frame   0x00000000000008a8       0x80 ../../../../../libopencm3//lib/libopencm3_stm32f4.a(gpio_common_all.o)
 .debug_frame   0x0000000000000928       0x70 ../../../../../libopencm3//lib/libopencm3_stm32f4.a(gpio_common_f0234.o)
 .debug_frame   0x0000000000000998       0xe0 ../../../../../libopencm3//lib/libopencm3_stm32f4.a(rcc_common_all.o)
 .debug_frame   0x0000000000000a78      0x234 ../../../../../libopencm3//lib/libopencm3_stm32f4.a(rcc.o)
 .debug_frame   0x0000000000000cac      0x2c0 ../../../../../libopencm3//lib/libopencm3_stm32f4.a(spi_common_all.o)
 .debug_frame   0x0000000000000f6c       0x4c ../../../../../libopencm3//lib/libopencm3_stm32f4.a(spi_common_v1.o)
 .debug_frame   0x0000000000000fb8      0x1b4 ../../../../../libopencm3//lib/libopencm3_stm32f4.a(usart_common_all.o)
 .debug_frame   0x000000000000116c       0x4c ../../../../../libopencm3//lib/libopencm3_stm32f4.a(vector.o)
 .debug_frame   0x00000000000011b8       0xd8 ../../../../../libopencm3//lib/libopencm3_stm32f4.a(systick.o)
 .debug_frame   0x0000000000001290       0x40 ../../../../../libopencm3//lib/libopencm3_stm32f4.a(scb.o)
 .debug_frame   0x00000000000012d0       0xa0 ../../../../../libopencm3//lib/libopencm3_stm32f4.a(nvic.o)
 .debug_frame   0x0000000000001370       0x50 ../../../../../libopencm3//lib/libopencm3_stm32f4.a(flash_common_all.o)
 .debug_frame   0x00000000000013c0       0x70 ../../../../../libopencm3//lib/libopencm3_stm32f4.a(flash_common_idcache.o)
 .debug_frame   0x0000000000001430       0x20 ../../../../../libopencm3//lib/libopencm3_stm32f4.a(pwr.o)
 .debug_frame   0x0000000000001450       0xac /usr/lib/gcc/arm-none-eabi/10.3.1/thumb/v7e-m+fp/hard/libgcc.a(_arm_addsubdf3.o)
 .debug_frame   0x00000000000014fc       0x50 /usr/lib/gcc/arm-none-eabi/10.3.1/thumb/v7e-m+fp/hard/libgcc.a(_arm_muldivdf3.o)
 .debug_frame   0x000000000000154c       0xc4 /usr/lib/gcc/arm-none-eabi/10.3.1/thumb/v7e-m+fp/hard/libgcc.a(_arm_cmpdf2.o)
 .debug_frame   0x0000000000001610       0x24 /usr/lib/gcc/arm-none-eabi/10.3.1/thumb/v7e-m+fp/hard/libgcc.a(_arm_fixdfsi.o)

Cross Reference Table

Symbol                                            File
__adddf3                                          /usr/lib/gcc/arm-none-eabi/10.3.1/thumb/v7e-m+fp/hard/libgcc.a(_arm_addsubdf3.o)
__aeabi_cdcmpeq                                   /usr/lib/gcc/arm-none-eabi/10.3.1/thumb/v7e-m+fp/hard/libgcc.a(_arm_cmpdf2.o)
__aeabi_cdcmple                                   /usr/lib/gcc/arm-none-eabi/10.3.1/thumb/v7e-m+fp/hard/libgcc.a(_arm_cmpdf2.o)
__aeabi_cdrcmple                                  /usr/lib/gcc/arm-none-eabi/10.3.1/thumb/v7e-m+fp/hard/libgcc.a(_arm_cmpdf2.o)
__aeabi_d2iz                                      /usr/lib/gcc/arm-none-eabi/10.3.1/thumb/v7e-m+fp/hard/libgcc.a(_arm_fixdfsi.o)
                                                  /usr/lib/gcc/arm-none-eabi/10.3.1/../../../arm-none-eabi/lib/thumb/v7e-m+fp/hard/libm.a(lib_a-k_sin.o)
                                                  /usr/lib/gcc/arm-none-eabi/10.3.1/../../../arm-none-eabi/lib/thumb/v7e-m+fp/hard/libm.a(lib_a-k_rem_pio2.o)
                                                  /usr/lib/gcc/arm-none-eabi/10.3.1/../../../arm-none-eabi/lib/thumb/v7e-m+fp/hard/libm.a(lib_a-k_cos.o)
                                                  /usr/lib/gcc/arm-none-eabi/10.3.1/../../../arm-none-eabi/lib/thumb/v7e-m+fp/hard/libm.a(lib_a-e_rem_pio2.o)
                                                  lcd-serial.o
__aeabi_dadd                                      /usr/lib/gcc/arm-none-eabi/10.3.1/thumb/v7e-m+fp/hard/libgcc.a(_arm_addsubdf3.o)
                                                  /usr/lib/gcc/arm-none-eabi/10.3.1/../../../arm-none-eabi/lib/thumb/v7e-m+fp/hard/libm.a(lib_a-s_scalbn.o)
                                                  /usr/lib/gcc/arm-none-eabi/10.3.1/../../../arm-none-eabi/lib/thumb/v7e-m+fp/hard/libm.a(lib_a-s_floor.o)
                                                  /usr/lib/gcc/arm-none-eabi/10.3.1/../../../arm-none-eabi/lib/thumb/v7e-m+fp/hard/libm.a(lib_a-k_sin.o)
                                                  /usr/lib/gcc/arm-none-eabi/10.3.1/../../../arm-none-eabi/lib/thumb/v7e-m+fp/hard/libm.a(lib_a-k_rem_pio2.o)
                                                  /usr/lib/gcc/arm-none-eabi/10.3.1/../../../arm-none-eabi/lib/thumb/v7e-m+fp/hard/libm.a(lib_a-k_cos.o)
                                                  /usr/lib/gcc/arm-none-eabi/10.3.1/../../../arm-none-eabi/lib/thumb/v7e-m+fp/hard/libm.a(lib_a-e_rem_pio2.o)
                                                  lcd-serial.o
__aeabi_dcmpeq                                    /usr/lib/gcc/arm-none-eabi/10.3.1/thumb/v7e-m+fp/hard/libgcc.a(_arm_cmpdf2.o)
                                                  /usr/lib/gcc/arm-none-eabi/10.3.1/../../../arm-none-eabi/lib/thumb/v7e-m+fp/hard/libm.a(lib_a-k_rem_pio2.o)
                                                  /usr/lib/gcc/arm-none-eabi/10.3.1/../../../arm-none-eabi/lib/thumb/v7e-m+fp/hard/libm.a(lib_a-e_rem_pio2.o)
__aeabi_dcmpge                                    /usr/lib/gcc/arm-none-eabi/10.3.1/thumb/v7e-m+fp/hard/libgcc.a(_arm_cmpdf2.o)
                                                  /usr/lib/gcc/arm-none-eabi/10.3.1/../../../arm-none-eabi/lib/thumb/v7e-m+fp/hard/libm.a(lib_a-k_rem_pio2.o)
__aeabi_dcmpgt                                    /usr/lib/gcc/arm-none-eabi/10.3.1/thumb/v7e-m+fp/hard/libgcc.a(_arm_cmpdf2.o)
                                                  /usr/lib/gcc/arm-none-eabi/10.3.1/../../../arm-none-eabi/lib/thumb/v7e-m+fp/hard/libm.a(lib_a-s_floor.o)
__aeabi_dcmple                                    /usr/lib/gcc/arm-none-eabi/10.3.1/thumb/v7e-m+fp/hard/libgcc.a(_arm_cmpdf2.o)
__aeabi_dcmplt                                    /usr/lib/gcc/arm-none-eabi/10.3.1/thumb/v7e-m+fp/hard/libgcc.a(_arm_cmpdf2.o)
__aeabi_ddiv                                      /usr/lib/gcc/arm-none-eabi/10.3.1/thumb/v7e-m+fp/hard/libgcc.a(_arm_muldivdf3.o)
                                                  lcd-serial.o
__aeabi_dmul                                      /usr/lib/gcc/arm-none-eabi/10.3.1/thumb/v7e-m+fp/hard/libgcc.a(_arm_muldivdf3.o)
                                                  /usr/lib/gcc/arm-none-eabi/10.3.1/thumb/v7e-m+fp/hard/libgcc.a(_arm_muldf3.o)
                                                  /usr/lib/gcc/arm-none-eabi/10.3.1/../../../arm-none-eabi/lib/thumb/v7e-m+fp/hard/libm.a(lib_a-s_scalbn.o)
                                                  /usr/lib/gcc/arm-none-eabi/10.3.1/../../../arm-none-eabi/lib/thumb/v7e-m+fp/hard/libm.a(lib_a-k_sin.o)
                                                  /usr/lib/gcc/arm-none-eabi/10.3.1/../../../arm-none-eabi/lib/thumb/v7e-m+fp/hard/libm.a(lib_a-k_rem_pio2.o)
                                                  /usr/lib/gcc/arm-none-eabi/10.3.1/../../../arm-none-eabi/lib/thumb/v7e-m+fp/hard/libm.a(lib_a-k_cos.o)
                                                  /usr/lib/gcc/arm-none-eabi/10.3.1/../../../arm-none-eabi/lib/thumb/v7e-m+fp/hard/libm.a(lib_a-e_rem_pio2.o)
                                                  lcd-serial.o
__aeabi_drsub                                     /usr/lib/gcc/arm-none-eabi/10.3.1/thumb/v7e-m+fp/hard/libgcc.a(_arm_addsubdf3.o)
__aeabi_dsub                                      /usr/lib/gcc/arm-none-eabi/10.3.1/thumb/v7e-m+fp/hard/libgcc.a(_arm_addsubdf3.o)
                                                  /usr/lib/gcc/arm-none-eabi/10.3.1/../../../arm-none-eabi/lib/thumb/v7e-m+fp/hard/libm.a(lib_a-k_sin.o)
                                                  /usr/lib/gcc/arm-none-eabi/10.3.1/../../../arm-none-eabi/lib/thumb/v7e-m+fp/hard/libm.a(lib_a-k_rem_pio2.o)
                                                  /usr/lib/gcc/arm-none-eabi/10.3.1/../../../arm-none-eabi/lib/thumb/v7e-m+fp/hard/libm.a(lib_a-k_cos.o)
                                                  /usr/lib/gcc/arm-none-eabi/10.3.1/../../../arm-none-eabi/lib/thumb/v7e-m+fp/hard/libm.a(lib_a-e_rem_pio2.o)
                                                  /usr/lib/gcc/arm-none-eabi/10.3.1/../../../arm-none-eabi/lib/thumb/v7e-m+fp/hard/libm.a(lib_a-s_sin.o)
                                                  /usr/lib/gcc/arm-none-eabi/10.3.1/../../../arm-none-eabi/lib/thumb/v7e-m+fp/hard/libm.a(lib_a-s_cos.o)
__aeabi_f2d                                       /usr/lib/gcc/arm-none-eabi/10.3.1/thumb/v7e-m+fp/hard/libgcc.a(_arm_addsubdf3.o)
__aeabi_i2d                                       /usr/lib/gcc/arm-none-eabi/10.3.1/thumb/v7e-m+fp/hard/libgcc.a(_arm_addsubdf3.o)
                                                  /usr/lib/gcc/arm-none-eabi/10.3.1/../../../arm-none-eabi/lib/thumb/v7e-m+fp/hard/libm.a(lib_a-k_rem_pio2.o)
                                                  /usr/lib/gcc/arm-none-eabi/10.3.1/../../../arm-none-eabi/lib/thumb/v7e-m+fp/hard/libm.a(lib_a-e_rem_pio2.o)
                                                  lcd-serial.o
__aeabi_l2d                                       /usr/lib/gcc/arm-none-eabi/10.3.1/thumb/v7e-m+fp/hard/libgcc.a(_arm_addsubdf3.o)
__aeabi_ui2d                                      /usr/lib/gcc/arm-none-eabi/10.3.1/thumb/v7e-m+fp/hard/libgcc.a(_arm_addsubdf3.o)
__aeabi_ul2d                                      /usr/lib/gcc/arm-none-eabi/10.3.1/thumb/v7e-m+fp/hard/libgcc.a(_arm_addsubdf3.o)
__cmpdf2                                          /usr/lib/gcc/arm-none-eabi/10.3.1/thumb/v7e-m+fp/hard/libgcc.a(_arm_cmpdf2.o)
__divdf3                                          /usr/lib/gcc/arm-none-eabi/10.3.1/thumb/v7e-m+fp/hard/libgcc.a(_arm_muldivdf3.o)
__eqdf2                                           /usr/lib/gcc/arm-none-eabi/10.3.1/thumb/v7e-m+fp/hard/libgcc.a(_arm_cmpdf2.o)
__extendsfdf2                                     /usr/lib/gcc/arm-none-eabi/10.3.1/thumb/v7e-m+fp/hard/libgcc.a(_arm_addsubdf3.o)
__fini_array_end                                  ../../../../../libopencm3//lib/libopencm3_stm32f4.a(vector.o)
__fini_array_start                                ../../../../../libopencm3//lib/libopencm3_stm32f4.a(vector.o)
__fixdfsi                                         /usr/lib/gcc/arm-none-eabi/10.3.1/thumb/v7e-m+fp/hard/libgcc.a(_arm_fixdfsi.o)
__floatdidf                                       /usr/lib/gcc/arm-none-eabi/10.3.1/thumb/v7e-m+fp/hard/libgcc.a(_arm_addsubdf3.o)
__floatsidf                                       /usr/lib/gcc/arm-none-eabi/10.3.1/thumb/v7e-m+fp/hard/libgcc.a(_arm_addsubdf3.o)
__floatundidf                                     /usr/lib/gcc/arm-none-eabi/10.3.1/thumb/v7e-m+fp/hard/libgcc.a(_arm_addsubdf3.o)
__floatunsidf                                     /usr/lib/gcc/arm-none-eabi/10.3.1/thumb/v7e-m+fp/hard/libgcc.a(_arm_addsubdf3.o)
__gedf2                                           /usr/lib/gcc/arm-none-eabi/10.3.1/thumb/v7e-m+fp/hard/libgcc.a(_arm_cmpdf2.o)
__gfx_state                                       gfx.o
__gtdf2                                           /usr/lib/gcc/arm-none-eabi/10.3.1/thumb/v7e-m+fp/hard/libgcc.a(_arm_cmpdf2.o)
__ieee754_rem_pio2                                /usr/lib/gcc/arm-none-eabi/10.3.1/../../../arm-none-eabi/lib/thumb/v7e-m+fp/hard/libm.a(lib_a-e_rem_pio2.o)
                                                  /usr/lib/gcc/arm-none-eabi/10.3.1/../../../arm-none-eabi/lib/thumb/v7e-m+fp/hard/libm.a(lib_a-s_sin.o)
                                                  /usr/lib/gcc/arm-none-eabi/10.3.1/../../../arm-none-eabi/lib/thumb/v7e-m+fp/hard/libm.a(lib_a-s_cos.o)
__init_array_end                                  ../../../../../libopencm3//lib/libopencm3_stm32f4.a(vector.o)
__init_array_start                                ../../../../../libopencm3//lib/libopencm3_stm32f4.a(vector.o)
__kernel_cos                                      /usr/lib/gcc/arm-none-eabi/10.3.1/../../../arm-none-eabi/lib/thumb/v7e-m+fp/hard/libm.a(lib_a-k_cos.o)
                                                  /usr/lib/gcc/arm-none-eabi/10.3.1/../../../arm-none-eabi/lib/thumb/v7e-m+fp/hard/libm.a(lib_a-s_sin.o)
                                                  /usr/lib/gcc/arm-none-eabi/10.3.1/../../../arm-none-eabi/lib/thumb/v7e-m+fp/hard/libm.a(lib_a-s_cos.o)
__kernel_rem_pio2                                 /usr/lib/gcc/arm-none-eabi/10.3.1/../../../arm-none-eabi/lib/thumb/v7e-m+fp/hard/libm.a(lib_a-k_rem_pio2.o)
                                                  /usr/lib/gcc/arm-none-eabi/10.3.1/../../../arm-none-eabi/lib/thumb/v7e-m+fp/hard/libm.a(lib_a-e_rem_pio2.o)
__kernel_sin                                      /usr/lib/gcc/arm-none-eabi/10.3.1/../../../arm-none-eabi/lib/thumb/v7e-m+fp/hard/libm.a(lib_a-k_sin.o)
                                                  /usr/lib/gcc/arm-none-eabi/10.3.1/../../../arm-none-eabi/lib/thumb/v7e-m+fp/hard/libm.a(lib_a-s_sin.o)
                                                  /usr/lib/gcc/arm-none-eabi/10.3.1/../../../arm-none-eabi/lib/thumb/v7e-m+fp/hard/libm.a(lib_a-s_cos.o)
__ledf2                                           /usr/lib/gcc/arm-none-eabi/10.3.1/thumb/v7e-m+fp/hard/libgcc.a(_arm_cmpdf2.o)
__ltdf2                                           /usr/lib/gcc/arm-none-eabi/10.3.1/thumb/v7e-m+fp/hard/libgcc.a(_arm_cmpdf2.o)
__muldf3                                          /usr/lib/gcc/arm-none-eabi/10.3.1/thumb/v7e-m+fp/hard/libgcc.a(_arm_muldivdf3.o)
                                                  /usr/lib/gcc/arm-none-eabi/10.3.1/thumb/v7e-m+fp/hard/libgcc.a(_arm_muldf3.o)
__nedf2                                           /usr/lib/gcc/arm-none-eabi/10.3.1/thumb/v7e-m+fp/hard/libgcc.a(_arm_cmpdf2.o)
__preinit_array_end                               ../../../../../libopencm3//lib/libopencm3_stm32f4.a(vector.o)
__preinit_array_start                             ../../../../../libopencm3//lib/libopencm3_stm32f4.a(vector.o)
__subdf3                                          /usr/lib/gcc/arm-none-eabi/10.3.1/thumb/v7e-m+fp/hard/libgcc.a(_arm_addsubdf3.o)
_data                                             ../../../../../libopencm3//lib/libopencm3_stm32f4.a(vector.o)
_data_loadaddr                                    ../../../../../libopencm3//lib/libopencm3_stm32f4.a(vector.o)
_ebss                                             ../../../../../libopencm3//lib/libopencm3_stm32f4.a(vector.o)
_edata                                            ../../../../../libopencm3//lib/libopencm3_stm32f4.a(vector.o)
_stack                                            ../../../../../libopencm3//lib/libopencm3_stm32f4.a(vector.o)
adc_isr                                           ../../../../../libopencm3//lib/libopencm3_stm32f4.a(vector.o)
blocking_handler                                  ../../../../../libopencm3//lib/libopencm3_stm32f4.a(vector.o)
bus_fault_handler                                 ../../../../../libopencm3//lib/libopencm3_stm32f4.a(vector.o)
can1_rx0_isr                                      ../../../../../libopencm3//lib/libopencm3_stm32f4.a(vector.o)
can1_rx1_isr                                      ../../../../../libopencm3//lib/libopencm3_stm32f4.a(vector.o)
can1_sce_isr                                      ../../../../../libopencm3//lib/libopencm3_stm32f4.a(vector.o)
can1_tx_isr                                       ../../../../../libopencm3//lib/libopencm3_stm32f4.a(vector.o)
can2_rx0_isr                                      ../../../../../libopencm3//lib/libopencm3_stm32f4.a(vector.o)
can2_rx1_isr                                      ../../../../../libopencm3//lib/libopencm3_stm32f4.a(vector.o)
can2_sce_isr                                      ../../../../../libopencm3//lib/libopencm3_stm32f4.a(vector.o)
can2_tx_isr                                       ../../../../../libopencm3//lib/libopencm3_stm32f4.a(vector.o)
clock_setup                                       clock.o
                                                  lcd-serial.o
console_getc                                      console.o
console_gets                                      console.o
console_putc                                      console.o
                                                  lcd-spi.o
console_puts                                      console.o
                                                  lcd-serial.o
                                                  lcd-spi.o
console_setup                                     console.o
                                                  lcd-serial.o
cos                                               /usr/lib/gcc/arm-none-eabi/10.3.1/../../../arm-none-eabi/lib/thumb/v7e-m+fp/hard/libm.a(lib_a-s_cos.o)
                                                  lcd-serial.o
cryp_isr                                          ../../../../../libopencm3//lib/libopencm3_stm32f4.a(vector.o)
cur_frame                                         lcd-spi.o
dcmi_isr                                          ../../../../../libopencm3//lib/libopencm3_stm32f4.a(vector.o)
debug_monitor_handler                             ../../../../../libopencm3//lib/libopencm3_stm32f4.a(vector.o)
display_frame                                     lcd-spi.o
dma1_stream0_isr                                  ../../../../../libopencm3//lib/libopencm3_stm32f4.a(vector.o)
dma1_stream1_isr                                  ../../../../../libopencm3//lib/libopencm3_stm32f4.a(vector.o)
dma1_stream2_isr                                  ../../../../../libopencm3//lib/libopencm3_stm32f4.a(vector.o)
dma1_stream3_isr                                  ../../../../../libopencm3//lib/libopencm3_stm32f4.a(vector.o)
dma1_stream4_isr                                  ../../../../../libopencm3//lib/libopencm3_stm32f4.a(vector.o)
dma1_stream5_isr                                  ../../../../../libopencm3//lib/libopencm3_stm32f4.a(vector.o)
dma1_stream6_isr                                  ../../../../../libopencm3//lib/libopencm3_stm32f4.a(vector.o)
dma1_stream7_isr                                  ../../../../../libopencm3//lib/libopencm3_stm32f4.a(vector.o)
dma2_stream0_isr                                  ../../../../../libopencm3//lib/libopencm3_stm32f4.a(vector.o)
dma2_stream1_isr                                  ../../../../../libopencm3//lib/libopencm3_stm32f4.a(vector.o)
dma2_stream2_isr                                  ../../../../../libopencm3//lib/libopencm3_stm32f4.a(vector.o)